Component: ARM Compiler 5.06 update 6 (build 750) Tool: armlink [4d35ed]

==============================================================================

Section Cross References

    main.o(.text) refers to motordriver.o(.text) for Motor::stop()
    main.o(.text) refers to main.o(i._ZN4mbed6PwmOut6periodEf) for mbed::PwmOut::period(float)
    main.o(.text) refers to main.o(i._ZN4mbed6PwmOutaSEf) for mbed::PwmOut::operator =(float)
    main.o(.text) refers to main.o(i._ZN4mbed10DigitalOutaSEi) for mbed::DigitalOut::operator =(int)
    main.o(.text) refers to wait_api.o(i.wait) for wait
    main.o(.text) refers to Stream.o(i._ZN4mbed6Stream6printfEPKcz) for mbed::Stream::printf(const char*, ...)
    main.o(.text) refers to hcsr04.o(.text) for HCSR04::start()
    main.o(.text) refers to wait_api.o(i.wait_ms) for wait_ms
    main.o(.text) refers to main.o(i._ZN4mbed6Ticker6attachEPFvvEf) for mbed::Ticker::attach(void(*)(), float)
    main.o(.text) refers to Ticker.o(i._ZN4mbed6Ticker6detachEv) for mbed::Ticker::detach()
    main.o(.text) refers to dht22.o(.text) for DHT22::sample()
    main.o(.text) refers to adafruit_ssd1306.o(.text) for Adafruit_SSD1306::clearDisplay()
    main.o(.text) refers to f2d.o(.text) for __aeabi_f2d
    main.o(.text) refers to SerialBase.o(i._ZN4mbed10SerialBase4baudEi) for mbed::SerialBase::baud(int)
    main.o(.text) refers to gpio_api.o(i.gpio_mode) for gpio_mode
    main.o(.text) refers to main.o(i._ZN4mbed9DigitalIncviEv) for mbed::DigitalIn::operator int()
    main.o(.text) refers to main.o(i._ZN4mbed8AnalogIn4readEv) for mbed::AnalogIn::read()
    main.o(.text) refers to main.o(.bss) for mt
    main.o(.text) refers to main.o(.data) for sys_on
    main.o(.text) refers to dadd.o(.text) for __aeabi_dadd
    main.o(.text) refers to d2f.o(.text) for __aeabi_d2f
    main.o(.text) refers to cdcmple.o(.text) for __aeabi_cdcmple
    main.o(.text) refers to pwmout_api.o(i.pwmout_init) for pwmout_init
    main.o(.text) refers to main.o(i._ZN4mbed8AnalogInC1E7PinName) for mbed::AnalogIn::AnalogIn(PinName)
    main.o(.text) refers to main.o(i._ZN4mbed9DigitalInC1E7PinName) for mbed::DigitalIn::DigitalIn(PinName)
    main.o(.text) refers to main.o(i._ZN4mbed10DigitalOutC1E7PinName) for mbed::DigitalOut::DigitalOut(PinName)
    main.o(.text) refers to Serial.o(i._ZN4mbed6SerialC1E7PinNameS1_PKc) for mbed::Serial::Serial(PinName, PinName, const char*)
    main.o(.text) refers to aeabi_atexit.o(.text) for __aeabi_atexit
    main.o(.text) refers to I2C.o(i._ZN4mbed3I2CC1E7PinNameS1_) for mbed::I2C::I2C(PinName, PinName)
    main.o(.text) refers to main.o(i._ZN16Adafruit_SSD1306C2E7PinNamehh) for Adafruit_SSD1306::Adafruit_SSD1306__sub_object(PinName, unsigned char, unsigned char)
    main.o(.text) refers to main.o(i._ZN4mbed6TickerC1Ev) for mbed::Ticker::Ticker()
    main.o(.text) refers to Serial.o(i._ZN4mbed6SerialD1Ev) for mbed::Serial::~Serial()
    main.o(.text) refers to main.o(.constdata__ZTV20Adafruit_SSD1306_I2c) for vtable for Adafruit_SSD1306_I2c
    main.o(.text) refers to main.o(i._ZN20Adafruit_SSD1306_I2cD1Ev) for Adafruit_SSD1306_I2c::~Adafruit_SSD1306_I2c()
    main.o(.text) refers to Timeout.o(.constdata__ZTVN4mbed7TimeoutE) for vtable for mbed::Timeout
    main.o(.text) refers to Timeout.o(i._ZN4mbed7TimeoutD1Ev) for mbed::Timeout::~Timeout()
    main.o(.text) refers to Ticker.o(i._ZN4mbed6TickerD1Ev) for mbed::Ticker::~Ticker()
    main.o(.ARM.exidx) refers to main.o(.text) for .text
    main.o(.init_array) refers to main.o(.text) for __sti___8_main_cpp_mt
    main.o(.init_array) refers to cpp_init.o(.text) for __cpp_initialize__aeabi_
    adafruit_gfx.o(.text) refers to adafruit_gfx.o(.data) for font
    adafruit_gfx.o(.ARM.exidx) refers to adafruit_gfx.o(.text) for .text
    adafruit_ssd1306.o(.text) refers to adafruit_ssd1306.o(i._ZN11DigitalOut2aSEi) for DigitalOut2::operator =(int)
    adafruit_ssd1306.o(.text) refers to wait_api.o(i.wait_ms) for wait_ms
    adafruit_ssd1306.o(.text) refers to adafruit_ssd1306.o(t._ZNSt6vectorIhSaIhEEixEj) for std::vector<unsigned char, std::allocator<unsigned char>>::operator [](unsigned)
    adafruit_ssd1306.o(.text) refers to main.o(t._ZNSt6vectorIhSaIhEE5beginEv) for std::vector<unsigned char, std::allocator<unsigned char>>::begin()
    adafruit_ssd1306.o(.text) refers to main.o(t._ZNSt6vectorIhSaIhEE3endEv) for std::vector<unsigned char, std::allocator<unsigned char>>::end()
    adafruit_ssd1306.o(.text) refers to memmove.o(.text) for __aeabi_memcpy4
    adafruit_ssd1306.o(.text) refers to adafruit_ssd1306.o(.constdata) for .constdata
    adafruit_ssd1306.o(.ARM.exidx) refers to adafruit_ssd1306.o(.text) for .text
    motordriver.o(.text) refers to pwmout_api.o(i.pwmout_init) for pwmout_init
    motordriver.o(.text) refers to gpio.o(i.gpio_init_out) for gpio_init_out
    motordriver.o(.text) refers to pwmout_api.o(i.pwmout_period) for pwmout_period
[...]
    mbed_assert_internal                     0x080080ed   Thumb Code    12  assert.o(i.mbed_assert_internal)
    mbed_die                                 0x0800812d   Thumb Code    80  board.o(i.mbed_die)
    mbed_main                                0x08008199   Thumb Code     2  retarget.o(i.mbed_main)
    mbed_sdk_init                            0x0800819b   Thumb Code    14  mbed_overrides.o(i.mbed_sdk_init)
    pin_function                             0x080081a9   Thumb Code    80  pinmap.o(i.pin_function)
    pin_mode                                 0x08008215   Thumb Code    64  pinmap.o(i.pin_mode)
    pinmap_function                          0x0800826d   Thumb Code    62  pinmap_common.o(i.pinmap_function)
    pinmap_merge                             0x080082cd   Thumb Code    38  pinmap_common.o(i.pinmap_merge)
    pinmap_peripheral                        0x08008309   Thumb Code    62  pinmap_common.o(i.pinmap_peripheral)
    pinmap_pinout                            0x08008369   Thumb Code    72  pinmap_common.o(i.pinmap_pinout)
    pwmout_init                              0x080083c5   Thumb Code   324  pwmout_api.o(i.pwmout_init)
    pwmout_period                            0x0800854d   Thumb Code    20  pwmout_api.o(i.pwmout_period)
    pwmout_period_us                         0x08008565   Thumb Code   270  pwmout_api.o(i.pwmout_period_us)
    pwmout_write                             0x0800869d   Thumb Code   164  pwmout_api.o(i.pwmout_write)
    serial_baud                              0x08008761   Thumb Code    36  serial_api.o(i.serial_baud)
    serial_init                              0x080087a1   Thumb Code   348  serial_api.o(i.serial_init)
    serial_irq_handler                       0x08008951   Thumb Code    14  serial_api.o(i.serial_irq_handler)
    serial_putc                              0x08008969   Thumb Code    30  serial_api.o(i.serial_putc)
    ticker_insert_event                      0x0800898d   Thumb Code    62  ticker_api.o(i.ticker_insert_event)
    ticker_irq_handler                       0x080089cb   Thumb Code    78  ticker_api.o(i.ticker_irq_handler)
    ticker_read                              0x08008a19   Thumb Code     6  ticker_api.o(i.ticker_read)
    ticker_remove_event                      0x08008a1f   Thumb Code    60  ticker_api.o(i.ticker_remove_event)
    ticker_set_handler                       0x08008a5b   Thumb Code    18  ticker_api.o(i.ticker_set_handler)
    timer_irq_handler                        0x08008a6d   Thumb Code    76  hal_tick.o(i.timer_irq_handler)
    us_ticker_clear_interrupt                0x08008ac1   Thumb Code    12  us_ticker.o(i.us_ticker_clear_interrupt)
    us_ticker_disable_interrupt              0x08008ad1   Thumb Code    14  us_ticker.o(i.us_ticker_disable_interrupt)
    us_ticker_init                           0x08008ae5   Thumb Code    26  us_ticker.o(i.us_ticker_init)
    us_ticker_irq_handler                    0x08008b0d   Thumb Code     6  us_ticker_api.o(i.us_ticker_irq_handler)
    us_ticker_read                           0x08008b19   Thumb Code    30  us_ticker.o(i.us_ticker_read)
    us_ticker_set_interrupt                  0x08008b49   Thumb Code    16  us_ticker.o(i.us_ticker_set_interrupt)
    wait                                     0x08008b5d   Thumb Code    36  wait_api.o(i.wait)
    wait_ms                                  0x08008b85   Thumb Code    28  wait_api.o(i.wait_ms)
    wait_us                                  0x08008ba1   Thumb Code    24  wait_api.o(i.wait_us)
    __rw::__string_ref<char, std::char_traits<char>, std::allocator<char>>::_C_inc_ref() 0x08008bb9   Thumb Code    14  char.o(t._ZN4__rw12__string_refIcSt11char_traitsIcESaIcEE10_C_inc_refEv)
    __rw::__rw_facet_maker<std::ctype<char>>::_C_maker_func(int, const char*, unsigned) 0x08008bcd   Thumb Code    70  rwstdexcept.o(t._ZN4__rw16__rw_facet_makerISt5ctypeIcEE13_C_maker_funcEiPKcj)
    __rw::__rw_locale_vector<__rw::__rw_facet_base*>::resize(unsigned, __rw::__rw_facet_base*const &) 0x08008c13   Thumb Code    86  locale.o(t._ZN4__rw18__rw_locale_vectorIPNS_15__rw_facet_baseEE6resizeEjRKS2_)
    __rw::__rw_locale_vector<__rw::__rw_facet_base*>::~__rw_locale_vector() 0x08008c69   Thumb Code    14  locale.o(t._ZN4__rw18__rw_locale_vectorIPNS_15__rw_facet_baseEED1Ev)
    __rw::__rw_locale_vector<__rw::__rw_facet_base*>::~__rw_locale_vector__sub_object() 0x08008c69   Thumb Code     0  locale.o(t._ZN4__rw18__rw_locale_vectorIPNS_15__rw_facet_baseEED1Ev)
    __rw::__rw_locale_vector<__rw::__rw_cat*>::~__rw_locale_vector() 0x08008c77   Thumb Code    14  rwcats.o(t._ZN4__rw18__rw_locale_vectorIPNS_8__rw_catEED1Ev)
    __rw::__rw_locale_vector<__rw::__rw_cat*>::~__rw_locale_vector__sub_object() 0x08008c77   Thumb Code     0  rwcats.o(t._ZN4__rw18__rw_locale_vectorIPNS_8__rw_catEED1Ev)
    __rw::__rw_locale_vector<std::basic_string<char, std::char_traits<char>, std::allocator<char>>>::~__rw_locale_vector() 0x08008c85   Thumb Code    16  locale.o(t._ZN4__rw18__rw_locale_vectorISsED1Ev)
    __rw::__rw_locale_vector<std::basic_string<char, std::char_traits<char>, std::allocator<char>>>::~__rw_locale_vector__sub_object() 0x08008c85   Thumb Code     0  locale.o(t._ZN4__rw18__rw_locale_vectorISsED1Ev)
    __rw::__rw_locale_vector<std::__rw_open_cat_data>::resize(unsigned) 0x08008c99   Thumb Code   122  messages.o(t._ZN4__rw18__rw_locale_vectorISt18__rw_open_cat_dataE6resizeEj)
    __rw::__rw_locale_vector<std::__rw_open_cat_data>::~__rw_locale_vector() 0x08008d21   Thumb Code    16  messages.o(t._ZN4__rw18__rw_locale_vectorISt18__rw_open_cat_dataED1Ev)
    __rw::__rw_locale_vector<std::__rw_open_cat_data>::~__rw_locale_vector__sub_object() 0x08008d21   Thumb Code     0  messages.o(t._ZN4__rw18__rw_locale_vectorISt18__rw_open_cat_dataED1Ev)
    void mbed::FunctionPointerArg1<void, void>::membercaller<HCSR04>(void*, unsigned*) 0x08008d35   Thumb Code    52  hcsr04.o(t._ZN4mbed19FunctionPointerArg1IvvE12membercallerI6HCSR04EEvPvPj)
    mbed::FunctionPointerArg1<void, void>::attach(void(*)()) 0x08008d69   Thumb Code     8  main.o(t._ZN4mbed19FunctionPointerArg1IvvE6attachEPFvvE)
    void mbed::FunctionPointerArg1<void, void>::attach<HCSR04>(T1*, void(T1::*)()) 0x08008d71   Thumb Code    18  hcsr04.o(t._ZN4mbed19FunctionPointerArg1IvvE6attachI6HCSR04EEvPT_MS4_FvvE)
    std::vector<unsigned char, std::allocator<unsigned char>>::end() const 0x08008d89   Thumb Code     8  main.o(t._ZNKSt6vectorIhSaIhEE3endEv)
    std::vector<unsigned char, std::allocator<unsigned char>>::size() const 0x08008d91   Thumb Code    22  main.o(t._ZNKSt6vectorIhSaIhEE4sizeEv)
    std::vector<unsigned char, std::allocator<unsigned char>>::begin() const 0x08008da7   Thumb Code     8  main.o(t._ZNKSt6vectorIhSaIhEE5beginEv)
    std::messages<char>::do_get(int, int, int, const std::basic_string<char, std::char_traits<char>, std::allocator<char>>&) const 0x08008db1   Thumb Code   136  rwstdexcept.o(t._ZNKSt8messagesIcE6do_getEiiiRKSs)
    std::messages<char>::do_open(const std::basic_string<char, std::char_traits<char>, std::allocator<char>>&, const std::locale&) const 0x08008e41   Thumb Code     6  rwstdexcept.o(t._ZNKSt8messagesIcE7do_openERKSsRKSt6locale)
    std::allocator<unsigned char>::deallocate(unsigned char*, unsigned) 0x08008e47   Thumb Code    20  main.o(t._ZNSaIhE10deallocateEPhj)
    std::allocator<unsigned char>::construct(unsigned char*, const unsigned char&) 0x08008e5b   Thumb Code    22  main.o(t._ZNSaIhE9constructEPhRKh)
    std::basic_string<char, std::char_traits<char>, std::allocator<char>>::_C_allocate(unsigned, unsigned, unsigned) 0x08008e71   Thumb Code    50  locale.o(t._ZNSs11_C_allocateEjjj)
    std::basic_string<char, std::char_traits<char>, std::allocator<char>>::replace(unsigned, unsigned, const char*, unsigned) 0x08008ea3   Thumb Code    24  locale.o(t._ZNSs7replaceEjjPKcj)
    std::basic_string<char, std::char_traits<char>, std::allocator<char>>::replace(unsigned, unsigned, const char*, unsigned, unsigned, unsigned) 0x08008ebd   Thumb Code   352  char.o(t._ZNSs7replaceEjjPKcjjj)
    std::basic_string<char, std::char_traits<char>, std::allocator<char>>::_C_getRep(unsigned, unsigned) 0x08009025   Thumb Code   108  char.o(t._ZNSs9_C_getRepEjj)
    std::basic_string<char, std::char_traits<char>, std::allocator<char>>::_C_unlink() 0x08009099   Thumb Code    66  char.o(t._ZNSs9_C_unlinkEv)
    std::basic_string<char, std::char_traits<char>, std::allocator<char>>::basic_string(const char*, const std::allocator<char>&) 0x080090e1   Thumb Code    52  locale.o(t._ZNSsC1EPKcRKSaIcE)
    std::basic_string<char, std::char_traits<char>, std::allocator<char>>::basic_string__sub_object(const char*, const std::allocator<char>&) 0x080090e1   Thumb Code     0  locale.o(t._ZNSsC1EPKcRKSaIcE)
    std::basic_string<char, std::char_traits<char>, std::allocator<char>>::basic_string(const std::allocator<char>&) 0x08009119   Thumb Code    12  locale.o(t._ZNSsC1ERKSaIcE)
    std::basic_string<char, std::char_traits<char>, std::allocator<char>>::basic_string__sub_object(const std::allocator<char>&) 0x08009119   Thumb Code     0  locale.o(t._ZNSsC1ERKSaIcE)
    std::basic_string<char, std::char_traits<char>, std::allocator<char>>::basic_string(const std::basic_string<char, std::char_traits<char>, std::allocator<char>>&) 0x08009129   Thumb Code    62  char.o(t._ZNSsC1ERKSs)
    std::basic_string<char, std::char_traits<char>, std::allocator<char>>::basic_string__sub_object(const std::basic_string<char, std::char_traits<char>, std::allocator<char>>&) 0x08009129   Thumb Code     0  char.o(t._ZNSsC1ERKSs)
    std::basic_string<char, std::char_traits<char>, std::allocator<char>>::~basic_string() 0x08009167   Thumb Code    12  char.o(t._ZNSsD1Ev)
    std::basic_string<char, std::char_traits<char>, std::allocator<char>>::~basic_string__sub_object() 0x08009167   Thumb Code     0  char.o(t._ZNSsD1Ev)
    std::basic_string<char, std::char_traits<char>, std::allocator<char>>::operator =(const char*) 0x08009175   Thumb Code    70  locale.o(t._ZNSsaSEPKc)
    std::basic_string<char, std::char_traits<char>, std::allocator<char>>::operator =(const std::basic_string<char, std::char_traits<char>, std::allocator<char>>&) 0x080091c1   Thumb Code    62  locale.o(t._ZNSsaSERKSs)
    std::vector<unsigned char, std::allocator<unsigned char>>::_C_destroy(unsigned char*, unsigned char*) 0x080091ff   Thumb Code    18  main.o(t._ZNSt6vectorIhSaIhEE10_C_destroyEPhS2_)
    std::vector<unsigned char, std::allocator<unsigned char>>::_C_insert_aux(unsigned char*, unsigned, const unsigned char&) 0x08009211   Thumb Code   408  main.o(t._ZNSt6vectorIhSaIhEE13_C_insert_auxEPhjRKh)
    std::vector<unsigned char, std::allocator<unsigned char>>::end() 0x080093a9   Thumb Code     8  main.o(t._ZNSt6vectorIhSaIhEE3endEv)
    std::vector<unsigned char, std::allocator<unsigned char>>::begin() 0x080093b1   Thumb Code     8  main.o(t._ZNSt6vectorIhSaIhEE5beginEv)
    std::vector<unsigned char, std::allocator<unsigned char>>::erase(unsigned char*, unsigned char*) 0x080093b9   Thumb Code   102  main.o(t._ZNSt6vectorIhSaIhEE5eraseEPhS2_)
    std::vector<unsigned char, std::allocator<unsigned char>>::resize(unsigned, unsigned char) 0x0800941f   Thumb Code    92  main.o(t._ZNSt6vectorIhSaIhEE6resizeEjh)
    std::vector<unsigned char, std::allocator<unsigned char>>::operator [](unsigned) 0x0800947b   Thumb Code    16  adafruit_ssd1306.o(t._ZNSt6vectorIhSaIhEEixEj)
    T2 std::uninitialized_copy<unsigned char*, unsigned char*, std::allocator<unsigned char>>(T1, T1, T2, T3&) 0x0800948b   Thumb Code    44  main.o(t._ZSt18uninitialized_copyIPhS0_SaIhEET0_T_S3_S2_RT1_)
    void std::uninitialized_fill_n<unsigned char*, unsigned, unsigned char, std::allocator<unsigned char>>(T1, T2, const T3&, T4&) 0x080094b7   Thumb Code    42  main.o(t._ZSt20uninitialized_fill_nIPhjhSaIhEEvT_T0_RKT1_RT2_)
    const T1& std::max<unsigned>(const T1&, const T1&) 0x080094e1   Thumb Code    12  char.o(t._ZSt3maxIjERKT_S2_S2_)
    void std::fill<unsigned char*, unsigned char>(T1, T1, const T2&) 0x080094ed   Thumb Code    14  main.o(t._ZSt4fillIPhhEvT_S1_RKT0_)
    APBAHBPrescTable                         0x0800990c   Data          16  stm32f4xx_hal_rcc.o(.constdata)
    AHBPrescTable                            0x0800991c   Data          16  system_stm32f4xx.o(.constdata)
    PinMap_ADC                               0x08009948   Data         204  PeripheralPins.o(.constdata)
    PinMap_I2C_SDA                           0x08009a14   Data          72  PeripheralPins.o(.constdata)
    PinMap_I2C_SCL                           0x08009a5c   Data          60  PeripheralPins.o(.constdata)
    PinMap_PWM                               0x08009a98   Data         360  PeripheralPins.o(.constdata)
    PinMap_UART_TX                           0x08009c00   Data          72  PeripheralPins.o(.constdata)
    PinMap_UART_RX                           0x08009c48   Data          72  PeripheralPins.o(.constdata)
    std::ctype<char>::_C_classic_table       0x08009d20   Data         512  char.o(.constdata)
    __ctype_table                            0x08009f20   Data         129  ctype_o.o(.constdata)
    vtable for Adafruit_GFX                  0x08009fa8   Data         100  adafruit_gfx.o(.constdata__ZTV12Adafruit_GFX)
    vtable for Adafruit_SSD1306              0x0800a00c   Data         116  adafruit_ssd1306.o(.constdata__ZTV16Adafruit_SSD1306)
    vtable for Adafruit_SSD1306_I2c          0x0800a080   Data         116  main.o(.constdata__ZTV20Adafruit_SSD1306_I2c)
    vtable for mbed::FileHandle              0x0800a0f4   Data          44  retarget.o(.constdata__ZTVN4mbed10FileHandleE)
    vtable for mbed::SerialBase              0x0800a120   Data          16  SerialBase.o(.constdata__ZTVN4mbed10SerialBaseE)
    vtable for mbed::TimerEvent              0x0800a130   Data          20  TimerEvent.o(.constdata__ZTVN4mbed10TimerEventE)
    vtable for mbed::InterruptIn             0x0800a144   Data          16  InterruptIn.o(.constdata__ZTVN4mbed11InterruptInE)
    vtable for mbed::Serial                  0x0800a154   Data          92  Serial.o(.constdata__ZTVN4mbed6SerialE)
    vtable for mbed::Stream                  0x0800a1b0   Data          68  Stream.o(.constdata__ZTVN4mbed6StreamE)
    vtable for mbed::Ticker                  0x0800a1f4   Data          20  Ticker.o(.constdata__ZTVN4mbed6TickerE)
    vtable for mbed::Timeout                 0x0800a208   Data          20  Timeout.o(.constdata__ZTVN4mbed7TimeoutE)
    vtable for mbed::FileBase                0x0800a21c   Data          16  FileBase.o(.constdata__ZTVN4mbed8FileBaseE)
    vtable for mbed::FileLike                0x0800a22c   Data          60  FileLike.o(.constdata__ZTVN4mbed8FileLikeE)
    vtable for std::locale::facet            0x0800a268   Data          20  rwstdexcept.o(.constdata__ZTVNSt6locale5facetE)
    vtable for std::ctype_byname<char>       0x0800a27c   Data          52  char.o(.constdata__ZTVSt12ctype_bynameIcE)
    vtable for std::__rw_exception           0x0800a2b0   Data          20  rwstdexcept.o(.constdata__ZTVSt14__rw_exception)
    vtable for std::ctype<char>              0x0800a2c4   Data          52  char.o(.constdata__ZTVSt5ctypeIcE)
    vtable for std::messages<char>           0x0800a2f8   Data          32  rwstdexcept.o(.constdata__ZTVSt8messagesIcE)
    vtable for std::exception                0x0800a318   Data          20  exception_dtor.o(.constdata__ZTVSt9exception)
    __rw::__rw_locale_imp::_C_category_name(int) const::string 0x0800a32c   Data           1  locale.o(.constdata__ZZNK4__rw15__rw_locale_imp16_C_category_nameEiEs)
    std::basic_string<char, std::char_traits<char>, std::allocator<char>>::replace(unsigned, unsigned, const char*, unsigned, unsigned, unsigned)::string 0x0800a32d   Data           1  char.o(.constdata__ZZNSs7replaceEjjPKcjjjEs)
    std::basic_string<char, std::char_traits<char>, std::allocator<char>>::_C_getRep(unsigned, unsigned)::string 0x0800a32e   Data           1  char.o(.constdata__ZZNSs9_C_getRepEjjEs)
    std::messages<char>::messages(unsigned)::string 0x0800a32f   Data           2  rwstdexcept.o(.constdata__ZZNSt8messagesIcEC1EjEs)
    Region$$Table$$Base                      0x0800a8cc   Number         0  anon$$obj.o(Region$$Table)
    Region$$Table$$Limit                     0x0800a8ec   Number         0  anon$$obj.o(Region$$Table)
    SHT$$INIT_ARRAY$$Base                    0x0800a8ec   Number         0  main.o(.init_array)
    SHT$$INIT_ARRAY$$Limit                   0x0800a8fc   Number         0  rwcats.o(.init_array)
    x_axis                                   0x20000194   Data           8  main.o(.data)
    y_axis                                   0x2000019c   Data           8  main.o(.data)
    ticker_count                             0x200001a4   Data           4  main.o(.data)
    x                                        0x200001a8   Data           4  main.o(.data)
    y                                        0x200001ac   Data           4  main.o(.data)
    debug_print                              0x200001b0   Data           4  main.o(.data)
    ultrasonic_timeout_flag                  0x200001b4   Data           1  main.o(.data)
    sys_on                                   0x200001b5   Data           1  main.o(.data)
    mode                                     0x200001b8   Data           4  main.o(.data)
    current_temp                             0x200001bc   Data           4  main.o(.data)
    desired_temp                             0x200001c0   Data           4  main.o(.data)
    humid                                    0x200001c4   Data           4  main.o(.data)
    wind_power                               0x200001c8   Data           4  main.o(.data)
    automatic                                0x200001cc   Data           1  main.o(.data)
    PreviousVal                              0x200006c8   Data           4  hal_tick.o(.data)
    SystemCoreClock                          0x200006d4   Data           4  system_stm32f4xx.o(.data)
    stdio_uart_inited                        0x20000720   Data           4  serial_api.o(.data)
    mbed::I2C::_owner                        0x20000728   Data           4  I2C.o(.data)
    i2c1_inited                              0x20000734   Data           4  i2c_api.o(.data)
    i2c2_inited                              0x20000738   Data           4  i2c_api.o(.data)
    i2c3_inited                              0x2000073c   Data           4  i2c_api.o(.data)
    mbed::FileBase::_head                    0x20000744   Data           4  FileBase.o(.data)
    ___stderr$base                           0x20000748   Data           4  stderr.o(.data)
    std::ctype<char>::id                     0x20000774   Data           4  char.o(.data)
    std::ctype<wchar_t>::id                  0x20000778   Data           4  char.o(.data)
    std::locale::_C_classic                  0x20000784   Data           4  locale.o(.data)
    std::locale::_C_native                   0x20000788   Data           4  locale.o(.data)
    std::locale::_C_global                   0x2000078c   Data           4  locale.o(.data)
    std::codecvt<char, char, std::__mbstate_t>::id 0x20000790   Data           4  locale.o(.data)
    std::codecvt<wchar_t, char, std::__mbstate_t>::id 0x20000794   Data           4  locale.o(.data)
    __rw_throw_proc                          0x20000798   Data           4  rwthrowproc_noex.o(.data)
    __microlib_freelist                      0x2000079c   Data           4  mvars.o(.data)
    __microlib_freelist_initialised          0x200007a0   Data           4  mvars.o(.data)
    std::locale::id::_C_init() const::_C_id_gen 0x200007ac   Data           4  locale.o(.data__ZZNKSt6locale2id7_C_initEvE9_C_id_gen)
    guard variable for std::__rw_get_cats()::__open_cats 0x200007b0   Data           4  messages.o(.data__ZZSt13__rw_get_catsvE11__open_cats)
    std::__rw_get_cats()::__open_cats        0x200007b4   Data           8  messages.o(.data__ZZSt13__rw_get_catsvE11__open_cats)
    mt                                       0x200007bc   Data          40  main.o(.bss)
    sound                                    0x200007e4   Data          20  main.o(.bss)
    sensor                                   0x200007f8   Data          12  main.o(.bss)
    left_button                              0x20000804   Data          16  main.o(.bss)
    center_button                            0x20000814   Data          16  main.o(.bss)
    right_button                             0x20000824   Data          16  main.o(.bss)
    left_led                                 0x20000834   Data          16  main.o(.bss)
    center_led                               0x20000844   Data          16  main.o(.bss)
    right_led                                0x20000854   Data          16  main.o(.bss)
    Red                                      0x20000864   Data          16  main.o(.bss)
    Green                                    0x20000874   Data          16  main.o(.bss)
    Blue                                     0x20000884   Data          16  main.o(.bss)
    pc                                       0x20000894   Data         108  main.o(.bss)
    myI2C                                    0x20000900   Data          12  main.o(.bss)
    myGUI                                    0x2000090c   Data          80  main.o(.bss)
    trig_pin                                 0x2000095c   Data          16  main.o(.bss)
    echo_pin                                 0x2000096c   Data          16  main.o(.bss)
    hcsr                                     0x2000097c   Data         124  main.o(.bss)
    myTimeout                                0x200009f8   Data          48  main.o(.bss)
    display_ticker                           0x20000a28   Data          48  main.o(.bss)
    TimMasterHandle                          0x20000a58   Data          60  hal_tick.o(.bss)
    AdcHandle                                0x20000ad4   Data          68  analogin_api.o(.bss)
    serial_irq_ids                           0x20000d68   Data          32  serial_api.o(.bss)
    stdio_uart                               0x20000f88   Data          28  serial_api.o(.bss)
    I2cHandle                                0x20000fa4   Data          60  i2c_api.o(.bss)
    __stdout                                 0x2000101c   Data          20  stdout_f.o(.bss)
    __stderr                                 0x20001030   Data          20  stderr_f.o(.bss)
    std::basic_string<char, std::char_traits<char>, std::allocator<char>>::__nullref 0x20001060   Data          16  vendor.o(.bss__ZNSs9__nullrefE)
    __heap_base                              0x20001070   Data           0  startup_stm32f401xe.o(HEAP)
    Image$$RW_IRAM1$$ZI$$Limit               0x20001470   Number         0  anon$$obj.o ABSOLUTE
    __heap_limit                             0x20017c00   Number         0  startup_stm32f401xe.o ABSOLUTE
    __initial_sp                             0x20018000   Number         0  startup_stm32f401xe.o ABSOLUTE



==============================================================================

Memory Map of the image

  Image Entry point : 0x08000195

  Load Region LR_IROM1 (Base: 0x08000000, Size: 0x0000af24, Max: 0x00080000, ABSOLUTE, COMPRESSED[0x0000ad84])

    Execution Region ER_IROM1 (Exec base: 0x08000000, Load base: 0x08000000, Size: 0x0000a8fc, Max: 0x00080000, ABSOLUTE)

    Exec Addr    Load Addr    Size         Type   Attr      Idx    E Section Name        Object

    0x08000000   0x08000000   0x00000194   Data   RO         1796    RESET               startup_stm32f401xe.o
    0x08000194   0x08000194   0x00000000   Code   RO         4825  * .ARM.Collect$$$$00000000  mc_w.l(entry.o)
    0x08000194   0x08000194   0x00000004   Code   RO         5361    .ARM.Collect$$$$00000001  mc_w.l(entry2.o)
    0x08000198   0x08000198   0x00000004   Code   RO         5364    .ARM.Collect$$$$00000004  mc_w.l(entry5.o)
    0x0800019c   0x0800019c   0x00000004   Code   RO         4827    .ARM.Collect$$$$00000006  mc_w.l(entry6b.o)
    0x080001a0   0x080001a0   0x00000000   Code   RO         5366    .ARM.Collect$$$$00000008  mc_w.l(entry7b.o)
    0x080001a0   0x080001a0   0x00000004   Code   RO         5367    .ARM.Collect$$$$00000009  mc_w.l(entry8a.o)
    0x080001a4   0x080001a4   0x00000000   Code   RO         5368    .ARM.Collect$$$$0000000A  mc_w.l(entry8b.o)
    0x080001a4   0x080001a4   0x00000008   Code   RO         5369    .ARM.Collect$$$$0000000B  mc_w.l(entry9a.o)
    0x080001ac   0x080001ac   0x00000000   Code   RO         5371    .ARM.Collect$$$$0000000D  mc_w.l(entry10a.o)
    0x080001ac   0x080001ac   0x00000004   Code   RO         5372    .ARM.Collect$$$$0000000E  mc_w.l(entry10b.o)
    0x080001b0   0x080001b0   0x00000000   Code   RO         5373    .ARM.Collect$$$$0000000F  mc_w.l(entry11a.o)
    0x080001b0   0x080001b0   0x00000004   Code   RO         5362    .ARM.Collect$$$$00002712  mc_w.l(entry2.o)
    0x080001b4   0x080001b4   0x00000c24   Code   RO            4    .text               main.o
    0x08000dd8   0x08000dd8   0x00000c64   Code   RO          936    .text               adafruit_gfx.o
    0x08001a3c   0x08001a3c   0x00000364   Code   RO         1065    .text               adafruit_ssd1306.o
    0x08001da0   0x08001da0   0x00000138   Code   RO         1201    .text               motordriver.o
    0x08001ed8   0x08001ed8   0x00000104   Code   RO         1482    .text               dht22.o
    0x08001fdc   0x08001fdc   0x0000014c   Code   RO         1557    .text               hcsr04.o
    0x08002128   0x08002128   0x00000024   Code   RO         1797    .text               startup_stm32f401xe.o
    0x0800214c   0x0800214c   0x00000020   Code   RO         4871    .text               mc_w.l(initio_oe.o)
    0x0800216c   0x0800216c   0x00000028   Code   RO         4877    .text               mc_w.l(fputc_fp.o)
    0x08002194   0x08002194   0x00000002   Code   RO         4887    .text               mc_w.l(setbuf.o)
    0x08002196   0x08002196   0x00000024   Code   RO         4893    .text               mc_w.l(memcpya.o)
    0x080021ba   0x080021ba   0x00000024   Code   RO         4895    .text               mc_w.l(memseta.o)
    0x080021de   0x080021de   0x0000000e   Code   RO         4899    .text               mc_w.l(strlen.o)
    0x080021ec   0x080021ec   0x0000001c   Code   RO         4901    .text               mc_w.l(strcmp.o)
    0x08002208   0x08002208   0x0000001e   Code   RO         4903    .text               mc_w.l(strncmp.o)
    0x08002226   0x08002226   0x00000002   PAD
    0x08002228   0x08002228   0x00000038   Code   RO         5170    .text               mc_w.l(__0sscanf.o)
    0x08002260   0x08002260   0x0000014c   Code   RO         5172    .text               mc_w.l(_scanf_int.o)
    0x080023ac   0x080023ac   0x00000020   Code   RO         5177    .text               mc_w.l(cpp_init.o)
    0x080023cc   0x080023cc   0x0000002e   Code   RO         5179    .text               mc_w.l(aeabi_atexit.o)
    0x080023fa   0x080023fa   0x0000014e   Code   RO         5181    .text               mf_w.l(dadd.o)
    0x08002548   0x08002548   0x00000026   Code   RO         5183    .text               mf_w.l(f2d.o)
    0x0800256e   0x0800256e   0x00000002   PAD
    0x08002570   0x08002570   0x00000030   Code   RO         5185    .text               mf_w.l(cdcmple.o)
    0x080025a0   0x080025a0   0x00000038   Code   RO         5187    .text               mf_w.l(d2f.o)
    0x080025d8   0x080025d8   0x00000004   Code   RO         5323    .text               cpprt_w.l(arm_newhandler_noexceptions.o)
    0x080025dc   0x080025dc   0x0000002c   Code   RO         5380    .text               mc_w.l(uidiv.o)
    0x08002608   0x08002608   0x00000062   Code   RO         5382    .text               mc_w.l(uldiv.o)
    0x0800266a   0x0800266a   0x0000001e   Code   RO         5384    .text               mc_w.l(llshl.o)
    0x08002688   0x08002688   0x00000024   Code   RO         5386    .text               mc_w.l(llsshr.o)
    0x080026ac   0x080026ac   0x00000040   Code   RO         5388    .text               mc_w.l(memmovea.o)
    0x080026ec   0x080026ec   0x0000001c   Code   RO         5420    .text               mc_w.l(_chval.o)
    0x08002708   0x08002708   0x00000156   Code   RO         5422    .text               mc_w.l(_scanf_longlong.o)
    0x0800285e   0x0800285e   0x000000e0   Code   RO         5424    .text               mc_w.l(_scanf_str.o)
    0x0800293e   0x0800293e   0x00000002   PAD
    0x08002940   0x08002940   0x00000360   Code   RO         5426    .text               mc_w.l(scanf_fp.o)
    0x08002ca0   0x08002ca0   0x00000028   Code   RO         5430    .text               mc_w.l(scanf_char.o)
    0x08002cc8   0x08002cc8   0x00000040   Code   RO         5432    .text               mc_w.l(_sgetc.o)
    0x08002d08   0x08002d08   0x00000000   Code   RO         5436    .text               mc_w.l(iusefp.o)
    0x08002d08   0x08002d08   0x00000008   Code   RO         5439    .text               mc_w.l(cpp_dtor.o)
    0x08002d10   0x08002d10   0x00000014   Code   RO         5442    .text               mc_w.l(cpp_memory.o)
    0x08002d24   0x08002d24   0x00000002   Code   RO         5445    .text               mc_w.l(cpp_signal.o)
    0x08002d26   0x08002d26   0x00000042   Code   RO         5447    .text               mc_w.l(cxa_finalize.o)
    0x08002d68   0x08002d68   0x0000006e   Code   RO         5449    .text               mf_w.l(fepilogue.o)
    0x08002dd6   0x08002dd6   0x000000ba   Code   RO         5451    .text               mf_w.l(depilogue.o)
    0x08002e90   0x08002e90   0x000000e4   Code   RO         5453    .text               mf_w.l(dmul.o)
    0x08002f74   0x08002f74   0x000000de   Code   RO         5455    .text               mf_w.l(ddiv.o)
    0x08003052   0x08003052   0x00000030   Code   RO         5457    .text               mf_w.l(dfixul.o)
    0x08003082   0x08003082   0x00000002   PAD
    0x08003084   0x08003084   0x00000030   Code   RO         5459    .text               mf_w.l(cdrcmple.o)
    0x080030b4   0x080030b4   0x0000000e   Code   RO         5970    .text               cpprt_w.l(aeabi_vec_delete_noexceptions.o)
    0x080030c2   0x080030c2   0x0000001a   Code   RO         5976    .text               cpprt_w.l(arm_exceptions_terminate.o)
    0x080030dc   0x080030dc   0x00000050   Code   RO         5986    .text               cpprt_w.l(arm_exceptions_globs.o)
    0x0800312c   0x0800312c   0x00000024   Code   RO         5992    .text               mc_w.l(init.o)
    0x08003150   0x08003150   0x00000020   Code   RO         5994    .text               mc_w.l(llushr.o)
    0x08003170   0x08003170   0x00000018   Code   RO         6002    .text               mc_w.l(strcat.o)
    0x08003188   0x08003188   0x00000012   Code   RO         6004    .text               mc_w.l(strcpy.o)
    0x0800319a   0x0800319a   0x00000020   Code   RO         6006    .text               mc_w.l(strrchr.o)
    0x080031ba   0x080031ba   0x00000002   PAD
    0x080031bc   0x080031bc   0x00000038   Code   RO         6010    .text               mc_w.l(sscanf.o)
    0x080031f4   0x080031f4   0x0000032c   Code   RO         6012    .text               mc_w.l(_scanf.o)
    0x08003520   0x08003520   0x00000002   Code   RO         6015    .text               mc_w.l(cpp_final.o)
    0x08003522   0x08003522   0x00000018   Code   RO         6017    .text               mf_w.l(dfltul.o)
    0x0800353a   0x0800353a   0x0000003c   Code   RO         6132    .text               cpprt_w.l(arm_exceptions_mem.o)
    0x08003576   0x08003576   0x00000002   PAD
    0x08003578   0x08003578   0x00000008   Code   RO         6145    .text               mc_w.l(ctype_o.o)
    0x08003580   0x08003580   0x00000012   Code   RO         6167    .text               mc_w.l(isspace_o.o)
    0x08003592   0x08003592   0x00000042   Code   RO         6181    .text               mc_w.l(memmove.o)
    0x080035d4   0x080035d4   0x00000002   Code   RO         6195    .text               cpprt_w.l(arm_rethrow_noexceptions.o)
    0x080035d6   0x080035d6   0x00000022   Code   RO         6201    .text               cpprt_w.l(aeabi_vec_dtor_noexceptions.o)
    0x080035f8   0x080035f8   0x0000001c   Code   RO         6218    .text               cpprt_w.l(ARM_vec_cleanup_noexceptions.o)
    0x08003614   0x08003614   0x00000056   Code   RO         6237    .text               mc_w.l(__dczerorl2.o)
    0x0800366a   0x0800366a   0x00000012   Code   RO         1674    i.$Sub$$main        retarget.o
    0x0800367c   0x0800367c   0x00000008   Code   RO         4096    i.<Func1>           mbed.ar(SerialBase.o)
    0x08003684   0x08003684   0x00000014   Code   RO         5717    i.<Func5>           cpp_ws.l(locale.o)
    0x08003698   0x08003698   0x000001b4   Code   RO         1855    i.HAL_ADC_ConfigChannel  stm32f4xx_hal_adc.o
    0x0800384c   0x0800384c   0x00000006   Code   RO         1862    i.HAL_ADC_GetValue  stm32f4xx_hal_adc.o
    0x08003852   0x08003852   0x00000002   PAD
    0x08003854   0x08003854   0x00000164   Code   RO         1864    i.HAL_ADC_Init      stm32f4xx_hal_adc.o
    0x080039b8   0x080039b8   0x00000002   Code   RO         1867    i.HAL_ADC_MspInit   stm32f4xx_hal_adc.o
    0x080039ba   0x080039ba   0x00000002   PAD
    0x080039bc   0x080039bc   0x00000080   Code   RO         1868    i.HAL_ADC_PollForConversion  stm32f4xx_hal_adc.o
    0x08003a3c   0x08003a3c   0x000000d4   Code   RO         1870    i.HAL_ADC_Start     stm32f4xx_hal_adc.o
    0x08003b10   0x08003b10   0x00000204   Code   RO         2192    i.HAL_GPIO_Init     stm32f4xx_hal_gpio.o
    0x08003d14   0x08003d14   0x0000000c   Code   RO         1815    i.HAL_GetTick       stm32f4xx_hal.o
    0x08003d20   0x08003d20   0x00000100   Code   RO         2277    i.HAL_I2C_Init      stm32f4xx_hal_i2c.o
    0x08003e20   0x08003e20   0x00000002   Code   RO         2296    i.HAL_I2C_MspInit   stm32f4xx_hal_i2c.o
    0x08003e22   0x08003e22   0x00000002   PAD
    0x08003e24   0x08003e24   0x00000010   Code   RO         1816    i.HAL_IncTick       stm32f4xx_hal.o
    0x08003e34   0x08003e34   0x00000034   Code   RO         1817    i.HAL_Init          stm32f4xx_hal.o
    0x08003e68   0x08003e68   0x000000b4   Code   RO         1654    i.HAL_InitTick      hal_tick.o
    0x08003f1c   0x08003f1c   0x00000002   Code   RO         2176    i.HAL_MspInit       stm32f4xx_hal_msp_template.o
    0x08003f1e   0x08003f1e   0x00000002   PAD
    0x08003f20   0x08003f20   0x00000024   Code   RO         1965    i.HAL_NVIC_SetPriorityGrouping  stm32f4xx_hal_cortex.o
    0x08003f44   0x08003f44   0x00000230   Code   RO         2780    i.HAL_RCC_ClockConfig  stm32f4xx_hal_rcc.o
    0x08004174   0x08004174   0x00000040   Code   RO         2784    i.HAL_RCC_GetClockConfig  stm32f4xx_hal_rcc.o
    0x080041b4   0x080041b4   0x0000004c   Code   RO         2787    i.HAL_RCC_GetPCLK1Freq  stm32f4xx_hal_rcc.o
    0x08004200   0x08004200   0x0000004c   Code   RO         2788    i.HAL_RCC_GetPCLK2Freq  stm32f4xx_hal_rcc.o
    0x0800424c   0x0800424c   0x00000094   Code   RO         2789    i.HAL_RCC_GetSysClockFreq  stm32f4xx_hal_rcc.o
    0x080042e0   0x080042e0   0x0000038c   Code   RO         2792    i.HAL_RCC_OscConfig  stm32f4xx_hal_rcc.o
    0x0800466c   0x0800466c   0x0000002c   Code   RO         3362    i.HAL_TIMEx_PWMN_Start  stm32f4xx_hal_tim_ex.o
    0x08004698   0x08004698   0x00000036   Code   RO         3185    i.HAL_TIM_OC_Init   stm32f4xx_hal_tim.o
    0x080046ce   0x080046ce   0x00000002   Code   RO         3187    i.HAL_TIM_OC_MspInit  stm32f4xx_hal_tim.o
    0x080046d0   0x080046d0   0x00000036   Code   RO         3188    i.HAL_TIM_OC_Start  stm32f4xx_hal_tim.o
    0x08004706   0x08004706   0x00000002   PAD
    0x08004708   0x08004708   0x00000214   Code   RO         3204    i.HAL_TIM_PWM_ConfigChannel  stm32f4xx_hal_tim.o
    0x0800491c   0x0800491c   0x00000036   Code   RO         3207    i.HAL_TIM_PWM_Init  stm32f4xx_hal_tim.o
    0x08004952   0x08004952   0x00000002   Code   RO         3209    i.HAL_TIM_PWM_MspInit  stm32f4xx_hal_tim.o
    0x08004954   0x08004954   0x00000036   Code   RO         3211    i.HAL_TIM_PWM_Start  stm32f4xx_hal_tim.o
    0x0800498a   0x0800498a   0x0000005e   Code   RO         3428    i.HAL_UART_Init     stm32f4xx_hal_uart.o
    0x080049e8   0x080049e8   0x00000002   Code   RO         3430    i.HAL_UART_MspInit  stm32f4xx_hal_uart.o
    0x080049ea   0x080049ea   0x00000002   PAD
    0x080049ec   0x080049ec   0x00000034   Code   RO         1645    i.NVIC_SetVector    cmsis_nvic.o
    0x08004a20   0x08004a20   0x0000008c   Code   RO         3729    i.SetSysClock_PLL_HSE  system_stm32f4xx.o
    0x08004aac   0x08004aac   0x000000d0   Code   RO         4425    i.Set_GPIO_Clock    mbed.ar(pinmap.o)
    0x08004b7c   0x08004b7c   0x00000084   Code   RO         3731    i.SystemCoreClockUpdate  system_stm32f4xx.o
    0x08004c00   0x08004c00   0x00000110   Code   RO         3732    i.SystemInit        system_stm32f4xx.o
    0x08004d10   0x08004d10   0x00000094   Code   RO         3222    i.TIM_Base_SetConfig  stm32f4xx_hal_tim.o
    0x08004da4   0x08004da4   0x00000218   Code   RO         3446    i.UART_SetConfig    stm32f4xx_hal_uart.o
    0x08004fbc   0x08004fbc   0x00000020   Code   RO         6019    i._Z7catgetsPN4__rw8__rw_catEiiPKc  cpp_ws.l(rwcats.o)
    0x08004fdc   0x08004fdc   0x00000022   Code   RO         6020    i._Z7catopenPKci    cpp_ws.l(rwcats.o)
    0x08004ffe   0x08004ffe   0x00000002   PAD
    0x08005000   0x08005000   0x00000060   Code   RO         1088    i._ZN11DigitalOut2aSEi  adafruit_ssd1306.o
    0x08005060   0x08005060   0x00000010   Code   RO          220    i._ZN12Adafruit_GFX5_putcEi  main.o
    0x08005070   0x08005070   0x0000004c   Code   RO          183    i._ZN12Adafruit_GFXC2Ess  main.o
    0x080050bc   0x080050bc   0x00000080   Code   RO          150    i._ZN16Adafruit_SSD1306C2E7PinNamehh  main.o
    0x0800513c   0x0800513c   0x00000054   Code   RO          207    i._ZN16Adafruit_SSD1306D2Ev  main.o
    0x08005190   0x08005190   0x00000064   Code   RO          244    i._ZN20Adafruit_SSD1306_I2c17sendDisplayBufferEv  main.o
    0x080051f4   0x080051f4   0x00000022   Code   RO          232    i._ZN20Adafruit_SSD1306_I2c7commandEh  main.o
    0x08005216   0x08005216   0x0000000e   Code   RO          156    i._ZN20Adafruit_SSD1306_I2cD1Ev  main.o
    0x08005224   0x08005224   0x00000058   Code   RO         5189    i._ZN37_INTERNAL_15_rwstdexcept_cpp_8697b68a4__rw13__rw_vfmatstrEPcjPKcSt9__va_list  cpp_ws.l(rwstdexcept.o)
    0x0800527c   0x0800527c   0x0000014c   Code   RO         5190    i._ZN37_INTERNAL_15_rwstdexcept_cpp_8697b68a4__rw13__rw_vfmatstrEPcjiSt9__va_list  cpp_ws.l(rwstdexcept.o)
    0x080053c8   0x080053c8   0x0000005c   Code   RO         5192    i._ZN4__rw10__rw_throwEiz  cpp_ws.l(rwstdexcept.o)
    0x08005424   0x08005424   0x00000020   Code   RO         4555    i._ZN4__rw13__rw_allocateEji  cpp_ws.l(rwalloc.o)
    0x08005444   0x08005444   0x00000004   Code   RO         4556    i._ZN4__rw15__rw_deallocateEPvji  cpp_ws.l(rwalloc.o)
    0x08005448   0x08005448   0x00000002   Code   RO         5664    i._ZN4__rw15__rw_facet_base12_C_initfacetERKSt6locale  cpp_ws.l(char.o)
    0x0800544a   0x0800544a   0x00000002   PAD
    0x0800544c   0x0800544c   0x000000ec   Code   RO         5820    i._ZN4__rw15__rw_locale_impC1EPKcjj  cpp_ws.l(locale.o)
    0x08005538   0x08005538   0x0000001a   Code   RO         5858    i._ZN4__rw15__rw_locale_impD1Ev  cpp_ws.l(locale.o)
    0x08005552   0x08005552   0x0000003a   Code   RO         5718    i._ZN4__rw21__rw_use_c_lib_localeC1EPKci  cpp_ws.l(locale.o)
    0x0800558c   0x0800558c   0x00000018   Code   RO         5634    i._ZN4__rw21__rw_use_c_lib_localeD1Ev  cpp_ws.l(char.o)
    0x080055a4   0x080055a4   0x00000098   Code   RO         6043    i._ZN4__rw25__rw_throw_exception_noexEiPc  cpp_ws.l(rwthrowproc_impl_noex.o)
    0x0800563c   0x0800563c   0x00000030   Code   RO         6023    i._ZN4__rw9__catfindEPNS_8__rw_catE  cpp_ws.l(rwcats.o)
    0x0800566c   0x0800566c   0x00000054   Code   RO           30    i._ZN4mbed10DigitalOut5writeEi  main.o
    0x080056c0   0x080056c0   0x0000001c   Code   RO          120    i._ZN4mbed10DigitalOutC1E7PinName  main.o
    0x080056dc   0x080056dc   0x00000012   Code   RO           90    i._ZN4mbed10DigitalOutaSEi  main.o
    0x080056ee   0x080056ee   0x00000002   PAD
    0x080056f0   0x080056f0   0x00000030   Code   RO         1676    i._ZN4mbed10FileHandleD2Ev  retarget.o
    0x08005720   0x08005720   0x0000000e   Code   RO         4098    i._ZN4mbed10SerialBase10_base_putcEi  mbed.ar(SerialBase.o)
    0x0800572e   0x0800572e   0x0000002a   Code   RO         4100    i._ZN4mbed10SerialBase12_irq_handlerEj9SerialIrq  mbed.ar(SerialBase.o)
    0x08005758   0x08005758   0x00000010   Code   RO         4101    i._ZN4mbed10SerialBase4baudEi  mbed.ar(SerialBase.o)
    0x08005768   0x08005768   0x00000064   Code   RO         4106    i._ZN4mbed10SerialBaseC1E7PinNameS1_  mbed.ar(SerialBase.o)
    0x080057cc   0x080057cc   0x00000006   Code   RO         4297    i._ZN4mbed10TimerEvent3irqEj  mbed.ar(TimerEvent.o)
    0x080057d2   0x080057d2   0x00000010   Code   RO         4298    i._ZN4mbed10TimerEvent6insertEj  mbed.ar(TimerEvent.o)
    0x080057e2   0x080057e2   0x0000000a   Code   RO         4299    i._ZN4mbed10TimerEvent6removeEv  mbed.ar(TimerEvent.o)
    0x080057ec   0x080057ec   0x00000028   Code   RO         4301    i._ZN4mbed10TimerEventC2Ev  mbed.ar(TimerEvent.o)
    0x08005814   0x08005814   0x00000018   Code   RO         4303    i._ZN4mbed10TimerEventD2Ev  mbed.ar(TimerEvent.o)
    0x0800582c   0x0800582c   0x00000042   Code   RO         4008    i._ZN4mbed11InterruptIn12_irq_handlerEj14gpio_irq_event  mbed.ar(InterruptIn.o)
    0x0800586e   0x0800586e   0x00000022   Code   RO         4009    i._ZN4mbed11InterruptIn4fallEPFvvE  mbed.ar(InterruptIn.o)
    0x08005890   0x08005890   0x00000022   Code   RO         4012    i._ZN4mbed11InterruptIn4riseEPFvvE  mbed.ar(InterruptIn.o)
    0x080058b2   0x080058b2   0x00000002   PAD
    0x080058b4   0x080058b4   0x00000044   Code   RO         4013    i._ZN4mbed11InterruptInC1E7PinName  mbed.ar(InterruptIn.o)
    0x080058f8   0x080058f8   0x00000018   Code   RO         4015    i._ZN4mbed11InterruptInD1Ev  mbed.ar(InterruptIn.o)
    0x08005910   0x08005910   0x00000054   Code   RO         1507    i._ZN4mbed12DigitalInOut5writeEi  dht22.o
    0x08005964   0x08005964   0x00000050   Code   RO         1501    i._ZN4mbed12DigitalInOutcviEv  dht22.o
    0x080059b4   0x080059b4   0x00000006   Code   RO         1677    i._ZN4mbed26mbed_set_unbuffered_streamEPSt6__FILE  retarget.o
    0x080059ba   0x080059ba   0x00000002   PAD
    0x080059bc   0x080059bc   0x00000048   Code   RO         3915    i._ZN4mbed3I2C5writeEiPKcib  mbed.ar(I2C.o)
    0x08005a04   0x08005a04   0x00000024   Code   RO         3918    i._ZN4mbed3I2CC1E7PinNameS1_  mbed.ar(I2C.o)
    0x08005a28   0x08005a28   0x0000001e   Code   RO         4235    i._ZN4mbed5Timer4stopEv  mbed.ar(Timer.o)
    0x08005a46   0x08005a46   0x00000012   Code   RO         4236    i._ZN4mbed5Timer5resetEv  mbed.ar(Timer.o)
    0x08005a58   0x08005a58   0x0000001a   Code   RO         4237    i._ZN4mbed5Timer5startEv  mbed.ar(Timer.o)
    0x08005a72   0x08005a72   0x00000018   Code   RO         4239    i._ZN4mbed5Timer7read_usEv  mbed.ar(Timer.o)
    0x08005a8a   0x08005a8a   0x0000001e   Code   RO         4242    i._ZN4mbed5TimerC1Ev  mbed.ar(Timer.o)
    0x08005aa8   0x08005aa8   0x0000001c   Code   RO          102    i._ZN4mbed6PwmOut6periodEf  main.o
    0x08005ac4   0x08005ac4   0x00000022   Code   RO           96    i._ZN4mbed6PwmOutaSEf  main.o
    0x08005ae6   0x08005ae6   0x00000002   PAD
    0x08005ae8   0x08005ae8   0x00000024   Code   RO         4052    i._ZN4mbed6SerialC1E7PinNameS1_PKc  mbed.ar(Serial.o)
    0x08005b0c   0x08005b0c   0x0000000c   Code   RO         4071    i._ZN4mbed6SerialD1Ev  mbed.ar(Serial.o)
    0x08005b18   0x08005b18   0x00000004   Code   RO         4168    i._ZN4mbed6Stream5closeEv  mbed.ar(Stream.o)
    0x08005b1c   0x08005b1c   0x00000004   Code   RO         4170    i._ZN4mbed6Stream5lseekEli  mbed.ar(Stream.o)
    0x08005b20   0x08005b20   0x0000002c   Code   RO         4172    i._ZN4mbed6Stream5writeEPKvj  mbed.ar(Stream.o)
    0x08005b4c   0x08005b4c   0x0000001e   Code   RO         4174    i._ZN4mbed6Stream6printfEPKcz  mbed.ar(Stream.o)
    0x08005b6a   0x08005b6a   0x00000002   PAD
    0x08005b6c   0x08005b6c   0x00000040   Code   RO         4177    i._ZN4mbed6StreamC2EPKc  mbed.ar(Stream.o)
    0x08005bac   0x08005bac   0x00000020   Code   RO         4179    i._ZN4mbed6StreamD2Ev  mbed.ar(Stream.o)
    0x08005bcc   0x08005bcc   0x00000020   Code   RO         4272    i._ZN4mbed6Ticker5setupEj  mbed.ar(Ticker.o)
    0x08005bec   0x08005bec   0x0000003c   Code   RO           42    i._ZN4mbed6Ticker6attachEPFvvEf  main.o
    0x08005c28   0x08005c28   0x00000010   Code   RO         4273    i._ZN4mbed6Ticker6detachEv  mbed.ar(Ticker.o)
    0x08005c38   0x08005c38   0x00000034   Code   RO         4274    i._ZN4mbed6Ticker7handlerEv  mbed.ar(Ticker.o)
    0x08005c6c   0x08005c6c   0x0000002c   Code   RO           84    i._ZN4mbed6TickerC1Ev  main.o
    0x08005c98   0x08005c98   0x00000024   Code   RO         4286    i._ZN4mbed6TickerD1Ev  mbed.ar(Ticker.o)
    0x08005cbc   0x08005cbc   0x0000001c   Code   RO         4143    i._ZN4mbed7Timeout7handlerEv  mbed.ar(Timeout.o)
    0x08005cd8   0x08005cd8   0x0000001c   Code   RO         4151    i._ZN4mbed7TimeoutD1Ev  mbed.ar(Timeout.o)
    0x08005cf4   0x08005cf4   0x0000000c   Code   RO          108    i._ZN4mbed8AnalogIn4readEv  main.o
    0x08005d00   0x08005d00   0x00000012   Code   RO          165    i._ZN4mbed8AnalogInC1E7PinName  main.o
    0x08005d12   0x08005d12   0x00000004   Code   RO         4457    i._ZN4mbed8FileBase11getPathTypeEv  mbed.ar(FileBase.o)
    0x08005d16   0x08005d16   0x00000002   PAD
    0x08005d18   0x08005d18   0x00000038   Code   RO         4459    i._ZN4mbed8FileBase6lookupEPKcj  mbed.ar(FileBase.o)
    0x08005d50   0x08005d50   0x00000024   Code   RO         4461    i._ZN4mbed8FileBaseC1EPKcNS_8PathTypeE  mbed.ar(FileBase.o)
    0x08005d74   0x08005d74   0x00000038   Code   RO         4463    i._ZN4mbed8FileBaseD1Ev  mbed.ar(FileBase.o)
    0x08005dac   0x08005dac   0x00000024   Code   RO         4489    i._ZN4mbed8FileLikeC2EPKc  mbed.ar(FileLike.o)
    0x08005dd0   0x08005dd0   0x00000012   Code   RO         4491    i._ZN4mbed8FileLikeD2Ev  mbed.ar(FileLike.o)
    0x08005de2   0x08005de2   0x00000018   Code   RO         3883    i._ZN4mbed8FilePath10fileSystemEv  mbed.ar(FilePath.o)
    0x08005dfa   0x08005dfa   0x0000001c   Code   RO         3885    i._ZN4mbed8FilePath4fileEv  mbed.ar(FilePath.o)
    0x08005e16   0x08005e16   0x0000000a   Code   RO         3886    i._ZN4mbed8FilePath6existsEv  mbed.ar(FilePath.o)
    0x08005e20   0x08005e20   0x00000018   Code   RO         3887    i._ZN4mbed8FilePath6isFileEv  mbed.ar(FilePath.o)
    0x08005e38   0x08005e38   0x00000004   Code   RO         3888    i._ZN4mbed8FilePath8fileNameEv  mbed.ar(FilePath.o)
    0x08005e3c   0x08005e3c   0x00000040   Code   RO         3889    i._ZN4mbed8FilePathC1EPKc  mbed.ar(FilePath.o)
    0x08005e7c   0x08005e7c   0x0000001c   Code   RO          159    i._ZN4mbed9DigitalInC1E7PinName  main.o
    0x08005e98   0x08005e98   0x00000050   Code   RO           36    i._ZN4mbed9DigitalIncviEv  main.o
    0x08005ee8   0x08005ee8   0x00000004   Code   RO         5311    i._ZNKSt14__rw_exception4whatEv  cpp_ws.l(rwstdexcept.o)
    0x08005eec   0x08005eec   0x00000072   Code   RO         5895    i._ZNKSt18__rw_messages_base11_C_cat_openERKSsRKSt6locale  cpp_ws.l(messages.o)
    0x08005f5e   0x08005f5e   0x00000020   Code   RO         5898    i._ZNKSt18__rw_messages_base13_C_get_localeEi  cpp_ws.l(messages.o)
    0x08005f7e   0x08005f7e   0x00000034   Code   RO         5899    i._ZNKSt18__rw_messages_base14_C_get_messageEiii  cpp_ws.l(messages.o)
    0x08005fb2   0x08005fb2   0x0000000e   Code   RO         5604    i._ZNKSt5ctypeIcE2isENSt10ctype_base4maskEc  cpp_ws.l(char.o)
    0x08005fc0   0x08005fc0   0x00000108   Code   RO         5723    i._ZNKSt6locale13_C_make_facetERKNS_2idEbiPFPN4__rw15__rw_facet_baseEiPKcjE  cpp_ws.l(locale.o)
    0x080060c8   0x080060c8   0x00000074   Code   RO         5725    i._ZNKSt6locale16_C_install_facetEPN4__rw15__rw_facet_baseERKNS_2idE  cpp_ws.l(locale.o)
    0x0800613c   0x0800613c   0x00000030   Code   RO         5726    i._ZNKSt6locale4nameEv  cpp_ws.l(locale.o)
    0x0800616c   0x0800616c   0x0000000c   Code   RO         5579    i._ZNSt11char_traitsIcE4copyEPcPKcj  cpp_ws.l(char.o)
    0x08006178   0x08006178   0x000000cc   Code   RO         5465    i._ZNSt12ctype_bynameIcE17_C_get_mask_tableEPKc  cpp_ws.l(char.o)
    0x08006244   0x08006244   0x00000120   Code   RO         5467    i._ZNSt12ctype_bynameIcEC1EPKcj  cpp_ws.l(char.o)
    0x08006364   0x08006364   0x0000000e   Code   RO         5711    i._ZNSt12ctype_bynameIcED0Ev  cpp_ws.l(char.o)
    0x08006372   0x08006372   0x00000008   Code   RO         5708    i._ZNSt12ctype_bynameIcED1Ev  cpp_ws.l(char.o)
    0x0800637a   0x0800637a   0x00000002   PAD
    0x0800637c   0x0800637c   0x00000084   Code   RO         5195    i._ZNSt14__rw_exception10_C_vformatEiSt9__va_list  cpp_ws.l(rwstdexcept.o)
    0x08006400   0x08006400   0x00000014   Code   RO         5261    i._ZNSt14__rw_exceptionC1Ev  cpp_ws.l(rwstdexcept.o)
    0x08006414   0x08006414   0x0000001c   Code   RO         5305    i._ZNSt14__rw_exceptionD1Ev  cpp_ws.l(rwstdexcept.o)
    0x08006430   0x08006430   0x00000008   Code   RO         5258    i._ZNSt18__rw_messages_baseD1Ev  cpp_ws.l(rwstdexcept.o)
    0x08006438   0x08006438   0x0000001a   Code   RO         5935    i._ZNSt18__rw_open_cat_dataC1Ev  cpp_ws.l(messages.o)
    0x08006452   0x08006452   0x0000000c   Code   RO         5932    i._ZNSt18__rw_open_cat_dataD1Ev  cpp_ws.l(messages.o)
    0x0800645e   0x0800645e   0x00000012   Code   RO         5938    i._ZNSt18__rw_open_cat_dataaSERKS_  cpp_ws.l(messages.o)
    0x08006470   0x08006470   0x000000fa   Code   RO         5469    i._ZNSt5ctypeIcE12_C_initfacetERKSt6locale  cpp_ws.l(char.o)
    0x0800656a   0x0800656a   0x00000002   PAD
    0x0800656c   0x0800656c   0x00000118   Code   RO         5471    i._ZNSt5ctypeIcEC1EPKNSt10ctype_base4maskEbj  cpp_ws.l(char.o)
    0x08006684   0x08006684   0x0000000e   Code   RO         5607    i._ZNSt5ctypeIcED0Ev  cpp_ws.l(char.o)
    0x08006692   0x08006692   0x00000002   PAD
    0x08006694   0x08006694   0x0000002c   Code   RO         5536    i._ZNSt5ctypeIcED1Ev  cpp_ws.l(char.o)
    0x080066c0   0x080066c0   0x0000000e   Code   RO         5302    i._ZNSt6locale5facetD0Ev  cpp_ws.l(rwstdexcept.o)
    0x080066ce   0x080066ce   0x00000002   PAD
    0x080066d0   0x080066d0   0x00000084   Code   RO         5729    i._ZNSt6locale7_C_initEv  cpp_ws.l(locale.o)
    0x08006754   0x08006754   0x00000044   Code   RO         5731    i._ZNSt6locale7classicEv  cpp_ws.l(locale.o)
    0x08006798   0x08006798   0x00000020   Code   RO         5861    i._ZNSt6localeC1EPN4__rw15__rw_locale_impE  cpp_ws.l(locale.o)
    0x080067b8   0x080067b8   0x0000000c   Code   RO         5941    i._ZNSt6localeC1ERKS_  cpp_ws.l(messages.o)
    0x080067c4   0x080067c4   0x00000020   Code   RO         5254    i._ZNSt6localeC1Ev  cpp_ws.l(rwstdexcept.o)
    0x080067e4   0x080067e4   0x00000020   Code   RO         5836    i._ZNSt6localeD1Ev  cpp_ws.l(locale.o)
    0x08006804   0x08006804   0x00000032   Code   RO         5739    i._ZNSt6localeaSERKS_  cpp_ws.l(locale.o)
    0x08006836   0x08006836   0x0000000e   Code   RO         5276    i._ZNSt8messagesIcED0Ev  cpp_ws.l(rwstdexcept.o)
    0x08006844   0x08006844   0x00000010   Code   RO         5245    i._ZNSt8messagesIcED1Ev  cpp_ws.l(rwstdexcept.o)
    0x08006854   0x08006854   0x0000000c   Code   RO         5957    i._ZNSt9exceptionC1Ev  cpprt_w.l(exception_ctor.o)
    0x08006860   0x08006860   0x0000003c   Code   RO         5916    i._ZSt13__rw_get_catsv  cpp_ws.l(messages.o)
    0x0800689c   0x0800689c   0x0000000c   Code   RO         1220    i._ZSt3absf         motordriver.o
    0x080068a8   0x080068a8   0x00000006   Code   RO         4054    i._ZThn84_N4mbed6Serial5_putcEi  mbed.ar(Serial.o)
    0x080068ae   0x080068ae   0x00000008   Code   RO         5947    i._ZdaPv            cpprt_w.l(array_del.o)
    0x080068b6   0x080068b6   0x00000008   Code   RO         4709    i._ZdlPv            cpprt_w.l(delete.o)
    0x080068be   0x080068be   0x00000008   Code   RO         5950    i._Znaj             cpprt_w.l(array_new.o)
    0x080068c6   0x080068c6   0x00000002   PAD
    0x080068c8   0x080068c8   0x00000028   Code   RO         4712    i._Znwj             cpprt_w.l(new.o)
    0x080068f0   0x080068f0   0x0000001c   Code   RO         5139    i.__0fprintf        mc_w.l(printfa.o)
    0x0800690c   0x0800690c   0x00000028   Code   RO         5142    i.__0sprintf        mc_w.l(printfa.o)
    0x08006934   0x08006934   0x00000018   Code   RO         5143    i.__0vfprintf       mc_w.l(printfa.o)
    0x0800694c   0x0800694c   0x0000002c   Code   RO         5145    i.__0vsnprintf      mc_w.l(printfa.o)
    0x08006978   0x08006978   0x00000092   Code   RO         6210    i.__ARM_array_new_general  cpprt_w.l(array_new_general.o)
    0x08006a0a   0x08006a0a   0x00000024   Code   RO         4822    i.__aeabi_vec_ctor_nocookie_nodtor  cpprt_w.l(aeabi_vec_ctor_nocookie_nodtor.o)
    0x08006a2e   0x08006a2e   0x00000010   Code   RO         6126    i.__aeabi_vec_dtor_cookie  cpprt_w.l(aeabi_vec_dtor_cookie.o)
    0x08006a3e   0x08006a3e   0x00000014   Code   RO         6123    i.__aeabi_vec_new_cookie  cpprt_w.l(aeabi_vec_new_cookie.o)
    0x08006a52   0x08006a52   0x00000010   Code   RO         6111    i.__cxa_guard_acquire  cpprt_w.l(cxa_guard_acquire.o)
    0x08006a62   0x08006a62   0x00000006   Code   RO         4716    i.__cxa_pure_virtual  cpprt_w.l(pure_virt.o)
    0x08006a68   0x08006a68   0x00000018   Code   RO         6198    i.__cxa_vec_new     cpprt_w.l(cxa_vec_new.o)
    0x08006a80   0x08006a80   0x0000000e   Code   RO         6231    i.__scatterload_copy  mc_w.l(handlers.o)
    0x08006a8e   0x08006a8e   0x00000002   Code   RO         6232    i.__scatterload_null  mc_w.l(handlers.o)
    0x08006a90   0x08006a90   0x0000000e   Code   RO         6233    i.__scatterload_zeroinit  mc_w.l(handlers.o)
    0x08006a9e   0x08006a9e   0x00000002   PAD
    0x08006aa0   0x08006aa0   0x00000010   Code   RO         5740    i.__sti___10_locale_cpp_ff99fc7b  cpp_ws.l(locale.o)
    0x08006ab0   0x08006ab0   0x00000038   Code   RO         6024    i.__sti___10_rwcats_cpp_64e8068e  cpp_ws.l(rwcats.o)
    0x08006ae8   0x08006ae8   0x00000010   Code   RO         5473    i.__sti___8_char_cpp_a3dc957a  cpp_ws.l(char.o)
    0x08006af8   0x08006af8   0x0000001e   Code   RO         4867    i._fclose$full      mc_w.l(fclose_f.o)
    0x08006b16   0x08006b16   0x00000018   Code   RO         4869    i._fflush$full      mc_w.l(fflush_f.o)
    0x08006b2e   0x08006b2e   0x00000034   Code   RO         4863    i._fopen$full       mc_w.l(fopen_f.o)
    0x08006b62   0x08006b62   0x00000002   PAD
    0x08006b64   0x08006b64   0x00000184   Code   RO         5147    i._fp_digits        mc_w.l(printfa.o)
    0x08006ce8   0x08006ce8   0x0000005e   Code   RO         4864    i._freopen$full     mc_w.l(fopen_f.o)
    0x08006d46   0x08006d46   0x0000000e   Code   RO         5428    i._is_digit         mc_w.l(scanf_fp.o)
    0x08006d54   0x08006d54   0x000006dc   Code   RO         5148    i._printf_core      mc_w.l(printfa.o)
    0x08007430   0x08007430   0x00000024   Code   RO         5149    i._printf_post_padding  mc_w.l(printfa.o)
    0x08007454   0x08007454   0x0000002e   Code   RO         5150    i._printf_pre_padding  mc_w.l(printfa.o)
    0x08007482   0x08007482   0x00000016   Code   RO         5151    i._snputc           mc_w.l(printfa.o)
    0x08007498   0x08007498   0x0000000a   Code   RO         5152    i._sputc            mc_w.l(printfa.o)
    0x080074a2   0x080074a2   0x00000002   PAD
    0x080074a4   0x080074a4   0x0000002c   Code   RO         1680    i._sys_close        retarget.o
    0x080074d0   0x080074d0   0x000000e4   Code   RO         1685    i._sys_open         retarget.o
    0x080075b4   0x080075b4   0x00000028   Code   RO         1687    i._sys_seek         retarget.o
    0x080075dc   0x080075dc   0x00000060   Code   RO         1688    i._sys_write        retarget.o
    0x0800763c   0x0800763c   0x000000a0   Code   RO         3746    i.adc_read          mbed.ar(analogin_api.o)
    0x080076dc   0x080076dc   0x00000110   Code   RO         3747    i.analogin_init     mbed.ar(analogin_api.o)
    0x080077ec   0x080077ec   0x0000001c   Code   RO         3748    i.analogin_read     mbed.ar(analogin_api.o)
    0x08007808   0x08007808   0x00000018   Code   RO         4514    i.error             mbed.ar(error.o)
    0x08007820   0x08007820   0x00000020   Code   RO         1690    i.exit              retarget.o
    0x08007840   0x08007840   0x00000050   Code   RO         5392    i.free              mc_w.l(malloc.o)
    0x08007890   0x08007890   0x00000008   Code   RO         4358    i.get_us_ticker_data  mbed.ar(us_ticker_api.o)
    0x08007898   0x08007898   0x00000054   Code   RO         3797    i.gpio_dir          mbed.ar(gpio_api.o)
    0x080078ec   0x080078ec   0x0000003a   Code   RO         3798    i.gpio_init         mbed.ar(gpio_api.o)
    0x08007926   0x08007926   0x00000028   Code   RO         4329    i.gpio_init_in      mbed.ar(gpio.o)
    0x0800794e   0x0800794e   0x00000002   PAD
    0x08007950   0x08007950   0x0000004c   Code   RO         4332    i.gpio_init_out     mbed.ar(gpio.o)
    0x0800799c   0x0800799c   0x0000006c   Code   RO         4333    i.gpio_init_out_ex  mbed.ar(gpio.o)
    0x08007a08   0x08007a08   0x00000008   Code   RO         3763    i.gpio_irq0         mbed.ar(gpio_irq_api.o)
    0x08007a10   0x08007a10   0x00000008   Code   RO         3764    i.gpio_irq1         mbed.ar(gpio_irq_api.o)
    0x08007a18   0x08007a18   0x00000008   Code   RO         3765    i.gpio_irq2         mbed.ar(gpio_irq_api.o)
    0x08007a20   0x08007a20   0x00000008   Code   RO         3766    i.gpio_irq3         mbed.ar(gpio_irq_api.o)
    0x08007a28   0x08007a28   0x00000008   Code   RO         3767    i.gpio_irq4         mbed.ar(gpio_irq_api.o)
    0x08007a30   0x08007a30   0x00000008   Code   RO         3768    i.gpio_irq5         mbed.ar(gpio_irq_api.o)
    0x08007a38   0x08007a38   0x00000008   Code   RO         3769    i.gpio_irq6         mbed.ar(gpio_irq_api.o)
    0x08007a40   0x08007a40   0x0000004c   Code   RO         3772    i.gpio_irq_free     mbed.ar(gpio_irq_api.o)
    0x08007a8c   0x08007a8c   0x00000144   Code   RO         3773    i.gpio_irq_init     mbed.ar(gpio_irq_api.o)
    0x08007bd0   0x08007bd0   0x00000072   Code   RO         3774    i.gpio_irq_set      mbed.ar(gpio_irq_api.o)
    0x08007c42   0x08007c42   0x00000008   Code   RO         3799    i.gpio_mode         mbed.ar(gpio_api.o)
    0x08007c4a   0x08007c4a   0x00000002   PAD
    0x08007c4c   0x08007c4c   0x00000080   Code   RO         3775    i.handle_interrupt_in  mbed.ar(gpio_irq_api.o)
    0x08007ccc   0x08007ccc   0x0000008c   Code   RO         4389    i.i2c_frequency     mbed.ar(i2c_api.o)
    0x08007d58   0x08007d58   0x000001f4   Code   RO         4390    i.i2c_init          mbed.ar(i2c_api.o)
    0x08007f4c   0x08007f4c   0x00000134   Code   RO         4398    i.i2c_write         mbed.ar(i2c_api.o)
    0x08008080   0x08008080   0x0000006c   Code   RO         5393    i.malloc            mc_w.l(malloc.o)
    0x080080ec   0x080080ec   0x00000040   Code   RO         4267    i.mbed_assert_internal  mbed.ar(assert.o)
    0x0800812c   0x0800812c   0x0000006c   Code   RO         1635    i.mbed_die          board.o
    0x08008198   0x08008198   0x00000002   Code   RO         1691    i.mbed_main         retarget.o
    0x0800819a   0x0800819a   0x0000000e   Code   RO         1666    i.mbed_sdk_init     mbed_overrides.o
    0x080081a8   0x080081a8   0x0000006c   Code   RO         4426    i.pin_function      mbed.ar(pinmap.o)
    0x08008214   0x08008214   0x00000058   Code   RO         4427    i.pin_mode          mbed.ar(pinmap.o)
    0x0800826c   0x0800826c   0x00000060   Code   RO         4524    i.pinmap_function   mbed.ar(pinmap_common.o)
    0x080082cc   0x080082cc   0x0000003c   Code   RO         4525    i.pinmap_merge      mbed.ar(pinmap_common.o)
    0x08008308   0x08008308   0x00000060   Code   RO         4526    i.pinmap_peripheral  mbed.ar(pinmap_common.o)
    0x08008368   0x08008368   0x0000005c   Code   RO         4527    i.pinmap_pinout     mbed.ar(pinmap_common.o)
    0x080083c4   0x080083c4   0x00000188   Code   RO         3813    i.pwmout_init       mbed.ar(pwmout_api.o)
    0x0800854c   0x0800854c   0x00000018   Code   RO         3814    i.pwmout_period     mbed.ar(pwmout_api.o)
    0x08008564   0x08008564   0x00000138   Code   RO         3816    i.pwmout_period_us  mbed.ar(pwmout_api.o)
    0x0800869c   0x0800869c   0x000000c4   Code   RO         3821    i.pwmout_write      mbed.ar(pwmout_api.o)
    0x08008760   0x08008760   0x00000040   Code   RO         3840    i.serial_baud       mbed.ar(serial_api.o)
    0x080087a0   0x080087a0   0x000001b0   Code   RO         3847    i.serial_init       mbed.ar(serial_api.o)
    0x08008950   0x08008950   0x00000018   Code   RO         3848    i.serial_irq_handler  mbed.ar(serial_api.o)
    0x08008968   0x08008968   0x00000024   Code   RO         3851    i.serial_putc       mbed.ar(serial_api.o)
    0x0800898c   0x0800898c   0x0000003e   Code   RO         4541    i.ticker_insert_event  mbed.ar(ticker_api.o)
    0x080089ca   0x080089ca   0x0000004e   Code   RO         4542    i.ticker_irq_handler  mbed.ar(ticker_api.o)
    0x08008a18   0x08008a18   0x00000006   Code   RO         4543    i.ticker_read       mbed.ar(ticker_api.o)
    0x08008a1e   0x08008a1e   0x0000003c   Code   RO         4544    i.ticker_remove_event  mbed.ar(ticker_api.o)
    0x08008a5a   0x08008a5a   0x00000012   Code   RO         4545    i.ticker_set_handler  mbed.ar(ticker_api.o)
    0x08008a6c   0x08008a6c   0x00000054   Code   RO         1655    i.timer_irq_handler  hal_tick.o
    0x08008ac0   0x08008ac0   0x00000010   Code   RO         4439    i.us_ticker_clear_interrupt  mbed.ar(us_ticker.o)
    0x08008ad0   0x08008ad0   0x00000014   Code   RO         4440    i.us_ticker_disable_interrupt  mbed.ar(us_ticker.o)
    0x08008ae4   0x08008ae4   0x00000028   Code   RO         4441    i.us_ticker_init    mbed.ar(us_ticker.o)
    0x08008b0c   0x08008b0c   0x0000000c   Code   RO         4359    i.us_ticker_irq_handler  mbed.ar(us_ticker_api.o)
    0x08008b18   0x08008b18   0x00000030   Code   RO         4442    i.us_ticker_read    mbed.ar(us_ticker.o)
    0x08008b48   0x08008b48   0x00000014   Code   RO         4443    i.us_ticker_set_interrupt  mbed.ar(us_ticker.o)
    0x08008b5c   0x08008b5c   0x00000028   Code   RO         4346    i.wait              mbed.ar(wait_api.o)
    0x08008b84   0x08008b84   0x0000001c   Code   RO         4347    i.wait_ms           mbed.ar(wait_api.o)
    0x08008ba0   0x08008ba0   0x00000018   Code   RO         4348    i.wait_us           mbed.ar(wait_api.o)
    0x08008bb8   0x08008bb8   0x00000014   Code   RO         5588    t._ZN4__rw12__string_refIcSt11char_traitsIcESaIcEE10_C_inc_refEv  cpp_ws.l(char.o)
    0x08008bcc   0x08008bcc   0x00000046   Code   RO         5267    t._ZN4__rw16__rw_facet_makerISt5ctypeIcEE13_C_maker_funcEiPKcj  cpp_ws.l(rwstdexcept.o)
    0x08008c12   0x08008c12   0x00000056   Code   RO         5839    t._ZN4__rw18__rw_locale_vectorIPNS_15__rw_facet_baseEE6resizeEjRKS2_  cpp_ws.l(locale.o)
    0x08008c68   0x08008c68   0x0000000e   Code   RO         5851    t._ZN4__rw18__rw_locale_vectorIPNS_15__rw_facet_baseEED1Ev  cpp_ws.l(locale.o)
    0x08008c76   0x08008c76   0x0000000e   Code   RO         6040    t._ZN4__rw18__rw_locale_vectorIPNS_8__rw_catEED1Ev  cpp_ws.l(rwcats.o)
    0x08008c84   0x08008c84   0x00000014   Code   RO         5854    t._ZN4__rw18__rw_locale_vectorISsED1Ev  cpp_ws.l(locale.o)
    0x08008c98   0x08008c98   0x00000088   Code   RO         5922    t._ZN4__rw18__rw_locale_vectorISt18__rw_open_cat_dataE6resizeEj  cpp_ws.l(messages.o)
    0x08008d20   0x08008d20   0x00000014   Code   RO         5928    t._ZN4__rw18__rw_locale_vectorISt18__rw_open_cat_dataED1Ev  cpp_ws.l(messages.o)
    0x08008d34   0x08008d34   0x00000034   Code   RO         1583    t._ZN4mbed19FunctionPointerArg1IvvE12membercallerI6HCSR04EEvPvPj  hcsr04.o
    0x08008d68   0x08008d68   0x00000008   Code   RO          114    t._ZN4mbed19FunctionPointerArg1IvvE6attachEPFvvE  main.o
    0x08008d70   0x08008d70   0x00000018   Code   RO         1577    t._ZN4mbed19FunctionPointerArg1IvvE6attachI6HCSR04EEvPT_MS4_FvvE  hcsr04.o
    0x08008d88   0x08008d88   0x00000008   Code   RO          189    t._ZNKSt6vectorIhSaIhEE3endEv  main.o
    0x08008d90   0x08008d90   0x00000016   Code   RO          138    t._ZNKSt6vectorIhSaIhEE4sizeEv  main.o
    0x08008da6   0x08008da6   0x00000008   Code   RO          195    t._ZNKSt6vectorIhSaIhEE5beginEv  main.o
    0x08008dae   0x08008dae   0x00000002   PAD
    0x08008db0   0x08008db0   0x00000090   Code   RO         5239    t._ZNKSt8messagesIcE6do_getEiiiRKSs  cpp_ws.l(rwstdexcept.o)
    0x08008e40   0x08008e40   0x00000006   Code   RO         5264    t._ZNKSt8messagesIcE7do_openERKSsRKSt6locale  cpp_ws.l(rwstdexcept.o)
    0x08008e46   0x08008e46   0x00000014   Code   RO          144    t._ZNSaIhE10deallocateEPhj  main.o
    0x08008e5a   0x08008e5a   0x00000016   Code   RO           54    t._ZNSaIhE9constructEPhRKh  main.o
    0x08008e70   0x08008e70   0x00000032   Code   RO         5808    t._ZNSs11_C_allocateEjjj  cpp_ws.l(locale.o)
    0x08008ea2   0x08008ea2   0x00000018   Code   RO         5848    t._ZNSs7replaceEjjPKcj  cpp_ws.l(locale.o)
    0x08008eba   0x08008eba   0x00000002   PAD
    0x08008ebc   0x08008ebc   0x00000168   Code   RO         5526    t._ZNSs7replaceEjjPKcjjj  cpp_ws.l(char.o)
    0x08009024   0x08009024   0x00000074   Code   RO         5514    t._ZNSs9_C_getRepEjj  cpp_ws.l(char.o)
    0x08009098   0x08009098   0x00000048   Code   RO         5523    t._ZNSs9_C_unlinkEv  cpp_ws.l(char.o)
    0x080090e0   0x080090e0   0x00000038   Code   RO         5811    t._ZNSsC1EPKcRKSaIcE  cpp_ws.l(locale.o)
    0x08009118   0x08009118   0x00000010   Code   RO         5845    t._ZNSsC1ERKSaIcE   cpp_ws.l(locale.o)
    0x08009128   0x08009128   0x0000003e   Code   RO         5517    t._ZNSsC1ERKSs      cpp_ws.l(char.o)
    0x08009166   0x08009166   0x0000000c   Code   RO         5597    t._ZNSsD1Ev         cpp_ws.l(char.o)
    0x08009172   0x08009172   0x00000002   PAD
    0x08009174   0x08009174   0x0000004c   Code   RO         5817    t._ZNSsaSEPKc       cpp_ws.l(locale.o)
    0x080091c0   0x080091c0   0x0000003e   Code   RO         5814    t._ZNSsaSERKSs      cpp_ws.l(locale.o)
    0x080091fe   0x080091fe   0x00000012   Code   RO           48    t._ZNSt6vectorIhSaIhEE10_C_destroyEPhS2_  main.o
    0x08009210   0x08009210   0x00000198   Code   RO           78    t._ZNSt6vectorIhSaIhEE13_C_insert_auxEPhjRKh  main.o
    0x080093a8   0x080093a8   0x00000008   Code   RO          126    t._ZNSt6vectorIhSaIhEE3endEv  main.o
    0x080093b0   0x080093b0   0x00000008   Code   RO          132    t._ZNSt6vectorIhSaIhEE5beginEv  main.o
    0x080093b8   0x080093b8   0x00000066   Code   RO          210    t._ZNSt6vectorIhSaIhEE5eraseEPhS2_  main.o
    0x0800941e   0x0800941e   0x0000005c   Code   RO          201    t._ZNSt6vectorIhSaIhEE6resizeEjh  main.o
    0x0800947a   0x0800947a   0x00000010   Code   RO         1097    t._ZNSt6vectorIhSaIhEEixEj  adafruit_ssd1306.o
    0x0800948a   0x0800948a   0x0000002c   Code   RO           60    t._ZSt18uninitialized_copyIPhS0_SaIhEET0_T_S3_S2_RT1_  main.o
    0x080094b6   0x080094b6   0x0000002a   Code   RO           66    t._ZSt20uninitialized_fill_nIPhjhSaIhEEvT_T0_RKT1_RT2_  main.o
    0x080094e0   0x080094e0   0x0000000c   Code   RO         5591    t._ZSt3maxIjERKT_S2_S2_  cpp_ws.l(char.o)
    0x080094ec   0x080094ec   0x0000000e   Code   RO           72    t._ZSt4fillIPhhEvT_S1_RKT0_  main.o
    0x080094fa   0x080094fa   0x00000002   PAD
    0x080094fc   0x080094fc   0x00000400   Data   RO         1067    .constdata          adafruit_ssd1306.o
    0x080098fc   0x080098fc   0x00000010   Data   RO         1559    .constdata          hcsr04.o
    0x0800990c   0x0800990c   0x00000010   Data   RO         2793    .constdata          stm32f4xx_hal_rcc.o
    0x0800991c   0x0800991c   0x00000010   Data   RO         3733    .constdata          system_stm32f4xx.o
    0x0800992c   0x0800992c   0x00000014   Data   RO         4360    .constdata          mbed.ar(us_ticker_api.o)
    0x08009940   0x08009940   0x00000008   Data   RO         4361    .constdata          mbed.ar(us_ticker_api.o)
    0x08009948   0x08009948   0x000000cc   Data   RO         4371    .constdata          mbed.ar(PeripheralPins.o)
    0x08009a14   0x08009a14   0x00000048   Data   RO         4372    .constdata          mbed.ar(PeripheralPins.o)
    0x08009a5c   0x08009a5c   0x0000003c   Data   RO         4373    .constdata          mbed.ar(PeripheralPins.o)
    0x08009a98   0x08009a98   0x00000168   Data   RO         4374    .constdata          mbed.ar(PeripheralPins.o)
    0x08009c00   0x08009c00   0x00000048   Data   RO         4375    .constdata          mbed.ar(PeripheralPins.o)
    0x08009c48   0x08009c48   0x00000048   Data   RO         4376    .constdata          mbed.ar(PeripheralPins.o)
    0x08009c90   0x08009c90   0x00000034   Data   RO         4428    .constdata          mbed.ar(pinmap.o)
    0x08009cc4   0x08009cc4   0x0000005c   Data   RO         5215    .constdata          cpp_ws.l(rwstdexcept.o)
    0x08009d20   0x08009d20   0x00000200   Data   RO         5493    .constdata          cpp_ws.l(char.o)
    0x08009f20   0x08009f20   0x00000081   Data   RO         6146    .constdata          mc_w.l(ctype_o.o)
    0x08009fa1   0x08009fa1   0x00000003   PAD
    0x08009fa4   0x08009fa4   0x00000004   Data   RO         6147    .constdata          mc_w.l(ctype_o.o)
    0x08009fa8   0x08009fa8   0x00000064   Data   RO          958    .constdata__ZTV12Adafruit_GFX  adafruit_gfx.o
    0x0800a00c   0x0800a00c   0x00000074   Data   RO         1087    .constdata__ZTV16Adafruit_SSD1306  adafruit_ssd1306.o
    0x0800a080   0x0800a080   0x00000074   Data   RO          217    .constdata__ZTV20Adafruit_SSD1306_I2c  main.o
    0x0800a0f4   0x0800a0f4   0x0000002c   Data   RO         1787    .constdata__ZTVN4mbed10FileHandleE  retarget.o
    0x0800a120   0x0800a120   0x00000010   Data   RO         4133    .constdata__ZTVN4mbed10SerialBaseE  mbed.ar(SerialBase.o)
    0x0800a130   0x0800a130   0x00000014   Data   RO         4323    .constdata__ZTVN4mbed10TimerEventE  mbed.ar(TimerEvent.o)
    0x0800a144   0x0800a144   0x00000010   Data   RO         4044    .constdata__ZTVN4mbed11InterruptInE  mbed.ar(InterruptIn.o)
    0x0800a154   0x0800a154   0x0000005c   Data   RO         4069    .constdata__ZTVN4mbed6SerialE  mbed.ar(Serial.o)
    0x0800a1b0   0x0800a1b0   0x00000044   Data   RO         4228    .constdata__ZTVN4mbed6StreamE  mbed.ar(Stream.o)
    0x0800a1f4   0x0800a1f4   0x00000014   Data   RO         4285    .constdata__ZTVN4mbed6TickerE  mbed.ar(Ticker.o)
    0x0800a208   0x0800a208   0x00000014   Data   RO         4150    .constdata__ZTVN4mbed7TimeoutE  mbed.ar(Timeout.o)
    0x0800a21c   0x0800a21c   0x00000010   Data   RO         4483    .constdata__ZTVN4mbed8FileBaseE  mbed.ar(FileBase.o)
    0x0800a22c   0x0800a22c   0x0000003c   Data   RO         4508    .constdata__ZTVN4mbed8FileLikeE  mbed.ar(FileLike.o)
    0x0800a268   0x0800a268   0x00000014   Data   RO         5290    .constdata__ZTVNSt6locale5facetE  cpp_ws.l(rwstdexcept.o)
    0x0800a27c   0x0800a27c   0x00000034   Data   RO         5675    .constdata__ZTVSt12ctype_bynameIcE  cpp_ws.l(char.o)
    0x0800a2b0   0x0800a2b0   0x00000014   Data   RO         5292    .constdata__ZTVSt14__rw_exception  cpp_ws.l(rwstdexcept.o)
    0x0800a2c4   0x0800a2c4   0x00000034   Data   RO         5504    .constdata__ZTVSt5ctypeIcE  cpp_ws.l(char.o)
    0x0800a2f8   0x0800a2f8   0x00000020   Data   RO         5228    .constdata__ZTVSt8messagesIcE  cpp_ws.l(rwstdexcept.o)
    0x0800a318   0x0800a318   0x00000014   Data   RO         5967    .constdata__ZTVSt9exception  cpprt_w.l(exception_dtor.o)
    0x0800a32c   0x0800a32c   0x00000001   Data   RO         5805    .constdata__ZZNK4__rw15__rw_locale_imp16_C_category_nameEiEs  cpp_ws.l(locale.o)
    0x0800a32d   0x0800a32d   0x00000001   Data   RO         5512    .constdata__ZZNSs7replaceEjjPKcjjjEs  cpp_ws.l(char.o)
    0x0800a32e   0x0800a32e   0x00000001   Data   RO         5513    .constdata__ZZNSs9_C_getRepEjjEs  cpp_ws.l(char.o)
    0x0800a32f   0x0800a32f   0x00000002   Data   RO         5229    .constdata__ZZNSt8messagesIcEC1EjEs  cpp_ws.l(rwstdexcept.o)
    0x0800a331   0x0800a331   0x00000003   PAD
    0x0800a334   0x0800a334   0x00000042   Data   RO            7    .conststring        main.o
    0x0800a376   0x0800a376   0x00000002   PAD
    0x0800a378   0x0800a378   0x0000006e   Data   RO         1636    .conststring        board.o
    0x0800a3e6   0x0800a3e6   0x00000002   PAD
    0x0800a3e8   0x0800a3e8   0x0000006a   Data   RO         3751    .conststring        mbed.ar(analogin_api.o)
    0x0800a452   0x0800a452   0x00000002   PAD
    0x0800a454   0x0800a454   0x00000066   Data   RO         3801    .conststring        mbed.ar(gpio_api.o)
    0x0800a4ba   0x0800a4ba   0x00000002   PAD
    0x0800a4bc   0x0800a4bc   0x00000068   Data   RO         3823    .conststring        mbed.ar(pwmout_api.o)
    0x0800a524   0x0800a524   0x00000068   Data   RO         3858    .conststring        mbed.ar(serial_api.o)
    0x0800a58c   0x0800a58c   0x00000065   Data   RO         4400    .conststring        mbed.ar(i2c_api.o)
    0x0800a5f1   0x0800a5f1   0x00000003   PAD
    0x0800a5f4   0x0800a5f4   0x00000064   Data   RO         4429    .conststring        mbed.ar(pinmap.o)
    0x0800a658   0x0800a658   0x00000272   Data   RO         5216    .conststring        cpp_ws.l(rwstdexcept.o)
    0x0800a8ca   0x0800a8ca   0x00000002   PAD
    0x0800a8cc   0x0800a8cc   0x00000020   Data   RO         6230    Region$$Table       anon$$obj.o
    0x0800a8ec   0x0800a8ec   0x00000004   Data   RO            9    .init_array         main.o
    0x0800a8f0   0x0800a8ec   0x00000000   Data   RO         5175    .init_array         mc_w.l(cpp_init.o)
    0x0800a8f0   0x0800a8ec   0x00000004   Data   RO         5495    .init_array         cpp_ws.l(char.o)
    0x0800a8f4   0x0800a8ec   0x00000004   Data   RO         5788    .init_array         cpp_ws.l(locale.o)
    0x0800a8f8   0x0800a8ec   0x00000004   Data   RO         6034    .init_array         cpp_ws.l(rwcats.o)


    Execution Region RW_IRAM1 (Exec base: 0x20000194, Load base: 0x0800a8fc, Size: 0x000012dc, Max: 0x00017e6c, ABSOLUTE, COMPRESSED[0x00000488])

    Exec Addr    Load Addr    Size         Type   Attr      Idx    E Section Name        Object

    0x20000194   COMPRESSED   0x00000039   Data   RW            8    .data               main.o
    0x200001cd   COMPRESSED   0x000004fb   Data   RW          938    .data               adafruit_gfx.o
    0x200006c8   COMPRESSED   0x00000004   Data   RW         1657    .data               hal_tick.o
    0x200006cc   COMPRESSED   0x00000004   Data   RW         1736    .data               retarget.o
    0x200006d0   COMPRESSED   0x00000004   Data   RW         1823    .data               stm32f4xx_hal.o
    0x200006d4   COMPRESSED   0x00000004   Data   RW         3734    .data               system_stm32f4xx.o
    0x200006d8   COMPRESSED   0x00000004   Data   RW         3752    .data               mbed.ar(analogin_api.o)
    0x200006dc   COMPRESSED   0x00000044   Data   RW         3777    .data               mbed.ar(gpio_irq_api.o)
    0x20000720   COMPRESSED   0x00000008   Data   RW         3859    .data               mbed.ar(serial_api.o)
    0x20000728   COMPRESSED   0x00000004   Data   RW         3928    .data               mbed.ar(I2C.o)
    0x2000072c   COMPRESSED   0x00000008   Data   RW         4362    .data               mbed.ar(us_ticker_api.o)
    0x20000734   COMPRESSED   0x0000000c   Data   RW         4401    .data               mbed.ar(i2c_api.o)
    0x20000740   COMPRESSED   0x00000004   Data   RW         4445    .data               mbed.ar(us_ticker.o)
    0x20000744   COMPRESSED   0x00000004   Data   RW         4471    .data               mbed.ar(FileBase.o)
    0x20000748   COMPRESSED   0x00000004   Data   RW         4890    .data               mc_w.l(stderr.o)
    0x2000074c   COMPRESSED   0x00000017   Data   RW         5217    .data               cpp_ws.l(rwstdexcept.o)
    0x20000763   COMPRESSED   0x00000001   PAD
    0x20000764   COMPRESSED   0x00000004   Data   RW         5440    .data               mc_w.l(cpp_dtor.o)
    0x20000768   COMPRESSED   0x0000000c   Data   RW         5443    .data               mc_w.l(cpp_memory.o)
    0x20000774   COMPRESSED   0x00000008   Data   RW         5494    .data               cpp_ws.l(char.o)
    0x2000077c   COMPRESSED   0x0000001c   Data   RW         5787    .data               cpp_ws.l(locale.o)
    0x20000798   COMPRESSED   0x00000004   Data   RW         5946    .data               cpp_ws.l(rwthrowproc_noex.o)
    0x2000079c   COMPRESSED   0x00000004   Data   RW         6008    .data               mc_w.l(mvars.o)
    0x200007a0   COMPRESSED   0x00000004   Data   RW         6009    .data               mc_w.l(mvars.o)
    0x200007a4   COMPRESSED   0x00000008   Data   RW         6033    .data               cpp_ws.l(rwcats.o)
    0x200007ac   COMPRESSED   0x00000004   Data   RW         5888    .data__ZZNKSt6locale2id7_C_initEvE9_C_id_gen  cpp_ws.l(locale.o)
    0x200007b0   COMPRESSED   0x0000000c   Data   RW         5944    .data__ZZSt13__rw_get_catsvE11__open_cats  cpp_ws.l(messages.o)
    0x200007bc        -       0x0000029c   Zero   RW            6    .bss                main.o
    0x20000a58        -       0x0000003c   Zero   RW         1656    .bss                hal_tick.o
    0x20000a94        -       0x00000040   Zero   RW         1732    .bss                retarget.o
    0x20000ad4        -       0x00000044   Zero   RW         3750    .bss                mbed.ar(analogin_api.o)
    0x20000b18        -       0x00000214   Zero   RW         3776    .bss                mbed.ar(gpio_irq_api.o)
    0x20000d2c        -       0x0000003c   Zero   RW         3822    .bss                mbed.ar(pwmout_api.o)
    0x20000d68        -       0x0000023c   Zero   RW         3857    .bss                mbed.ar(serial_api.o)
    0x20000fa4        -       0x0000003c   Zero   RW         4399    .bss                mbed.ar(i2c_api.o)
    0x20000fe0        -       0x0000003c   Zero   RW         4444    .bss                mbed.ar(us_ticker.o)
    0x2000101c        -       0x00000014   Zero   RW         4891    .bss                mc_w.l(stdout_f.o)
    0x20001030        -       0x00000014   Zero   RW         4892    .bss                mc_w.l(stderr_f.o)
    0x20001044   COMPRESSED   0x00000004   PAD
    0x20001048        -       0x00000018   Zero   RW         5214    .bss                cpp_ws.l(rwstdexcept.o)
    0x20001060        -       0x00000010   Zero   RW         6107    .bss__ZNSs9__nullrefE  cpp_ws.l(vendor.o)
    0x20001070        -       0x00000400   Zero   RW         1795    HEAP                startup_stm32f401xe.o


==============================================================================

Image component sizes


      Code (inc. data)   RO Data    RW Data    ZI Data      Debug   Object Name

      3172          4        100       1275          0      15684   adafruit_gfx.o
       980         36       1140          0          0      15966   adafruit_ssd1306.o
       108         28        110          0          0        124   board.o
        52          4          0          0          0        132   cmsis_nvic.o
       424         58          0          0          0       6320   dht22.o
       264         44          0          4         60        256   hal_tick.o
       408         16         16          0          0       7060   hcsr04.o
      4818        844        186         57        668     382983   main.o
        14          0          0          0          0        128   mbed_overrides.o
       324         14          0          0          0     316950   motordriver.o
       514         56         44          4         64       1120   retarget.o
        36          8        404          0       1024        276   startup_stm32f401xe.o
        80         16          0          4          0        356   stm32f4xx_hal.o
      1140         38          0          0          0        776   stm32f4xx_hal_adc.o
        36          6          0          0          0        116   stm32f4xx_hal_cortex.o
       516         22          0          0          0        140   stm32f4xx_hal_gpio.o
       258          8          0          0          0        244   stm32f4xx_hal_i2c.o
         2          0          0          0          0        116   stm32f4xx_hal_msp_template.o
      1832        104         16          0          0        768   stm32f4xx_hal_rcc.o
       900         22          0          0          0        980   stm32f4xx_hal_tim.o
        44          0          0          0          0        116   stm32f4xx_hal_tim_ex.o
       632         14          0          0          0        376   stm32f4xx_hal_uart.o
       544         74         16          4          0        400   system_stm32f4xx.o

    ----------------------------------------------------------------------
     17120       1416       2068       1348       1816     751387   Object Totals
         0          0         32          0          0          0   (incl. Generated)
        22          0          4          0          0          0   (incl. Padding)

    ----------------------------------------------------------------------

      Code (inc. data)   RO Data    RW Data    ZI Data      Debug   Library Member Name

      1824         74        622          8          0       1552   char.o
      1502         80          5         32          0       1760   locale.o
       482         34          0         12          0        784   messages.o
        36          0          0          0          0        144   rwalloc.o
       184         24          4          8          0        400   rwcats.o
      1000         68        792         23         24       1220   rwstdexcept.o
       152         94          0          0          0         72   rwthrowproc_impl_noex.o
         0          0          0          4          0          0   rwthrowproc_noex.o
         0          0          0          0         16          0   vendor.o
        28          0          0          0          0         84   ARM_vec_cleanup_noexceptions.o
        36          0          0          0          0         84   aeabi_vec_ctor_nocookie_nodtor.o
        14          0          0          0          0         80   aeabi_vec_delete_noexceptions.o
        16          0          0          0          0         68   aeabi_vec_dtor_cookie.o
        34          0          0          0          0         84   aeabi_vec_dtor_noexceptions.o
        20          0          0          0          0         80   aeabi_vec_new_cookie.o
        80         12          0          0          0        104   arm_exceptions_globs.o
        60          0          0          0          0        108   arm_exceptions_mem.o
        26          0          0          0          0         76   arm_exceptions_terminate.o
         4          0          0          0          0         68   arm_newhandler_noexceptions.o
         2          0          0          0          0         68   arm_rethrow_noexceptions.o
         8          0          0          0          0         76   array_del.o
         8          0          0          0          0         76   array_new.o
       146          0          0          0          0         96   array_new_general.o
        16          0          0          0          0         68   cxa_guard_acquire.o
        24          6          0          0          0         84   cxa_vec_new.o
         8          0          0          0          0         76   delete.o
        12          6          0          0          0         68   exception_ctor.o
         0          0         20          0          0          0   exception_dtor.o
        40          6          0          0          0         76   new.o
         6          0          0          0          0         68   pure_virt.o
       152         24         16          4          0        476   FileBase.o
        54         10         60          0          0        252   FileLike.o
       154          0          0          0          0        728   FilePath.o
       108         12          0          4          0        260   I2C.o
       226         12         16          0          0        600   InterruptIn.o
         0          0        840          0          0          0   PeripheralPins.o
        54          4         92          0          0        364   Serial.o
       180         14         16          0          0        612   SerialBase.o
       178         16         68          0          0        760   Stream.o
       136          6         20          0          0        524   Ticker.o
        56          4         20          0          0        244   Timeout.o
       128          0          0          0          0        624   Timer.o
        96         12         20          0          0        596   TimerEvent.o
       460        128        106          4         68        400   analogin_api.o
        64         52          0          0          0        116   assert.o
        24          4          0          0          0        128   error.o
       224         36          0          0          0        412   gpio.o
       150         30        102          0          0        388   gpio_api.o
       698        120          0         68        532       1348   gpio_irq_api.o
       948        118        101         12         60        444   i2c_api.o
       404        126        152          0          0        392   pinmap.o
       344        110          0          0          0        508   pinmap_common.o
       924        146        104          0         60        580   pwmout_api.o
       556        128        104          8        572        496   serial_api.o
       224          0          0          0          0        632   ticker_api.o
       144         46          0          4         60        588   us_ticker.o
        20         10         28          8          0        232   us_ticker_api.o
        92          4          0          0          0        384   wait_api.o
        56          8          0          0          0         84   __0sscanf.o
        86          0          0          0          0          0   __dczerorl2.o
        28          0          0          0          0         68   _chval.o
       812          4          0          0          0        112   _scanf.o
       332          0          0          0          0         96   _scanf_int.o
       342          0          0          0          0        100   _scanf_longlong.o
       224          0          0          0          0         96   _scanf_str.o
        64          0          0          0          0         84   _sgetc.o
        46          0          0          0          0         84   aeabi_atexit.o
         8          4          0          4          0         68   cpp_dtor.o
         2          0          0          0          0         68   cpp_final.o
        32         10          0          0          0         80   cpp_init.o
        20          4          0         12          0        136   cpp_memory.o
         2          0          0          0          0         68   cpp_signal.o
         8          4        133          0          0         68   ctype_o.o
        66          0          0          0          0         84   cxa_finalize.o
         0          0          0          0          0          0   entry.o
         0          0          0          0          0          0   entry10a.o
         4          0          0          0          0          0   entry10b.o
         0          0          0          0          0          0   entry11a.o
         8          4          0          0          0          0   entry2.o
         4          0          0          0          0          0   entry5.o
         4          0          0          0          0          0   entry6b.o
         0          0          0          0          0          0   entry7b.o
         4          0          0          0          0          0   entry8a.o
         0          0          0          0          0          0   entry8b.o
         8          4          0          0          0          0   entry9a.o
        30          0          0          0          0         76   fclose_f.o
        24          0          0          0          0         76   fflush_f.o
       146          0          0          0          0        160   fopen_f.o
        40          0          0          0          0         80   fputc_fp.o
        30          0          0          0          0          0   handlers.o
        36          8          0          0          0         68   init.o
        32         12          0          0          0         72   initio_oe.o
        18          0          0          0          0         76   isspace_o.o
         0          0          0          0          0          0   iusefp.o
        30          0          0          0          0         68   llshl.o
        36          0          0          0          0         68   llsshr.o
        32          0          0          0          0         68   llushr.o
       188         20          0          0          0        160   malloc.o
        36          0          0          0          0         68   memcpya.o
        66          0          0          0          0         76   memmove.o
        64          0          0          0          0         76   memmovea.o
        36          0          0          0          0        108   memseta.o
         0          0          0          8          0          0   mvars.o
      2394        100          0          0          0        832   printfa.o
        40          8          0          0          0         84   scanf_char.o
       878         12          0          0          0        216   scanf_fp.o
         2          0          0          0          0         68   setbuf.o
        56          8          0          0          0         84   sscanf.o
         0          0          0          4          0          0   stderr.o
         0          0          0          0         20          0   stderr_f.o
         0          0          0          0         20          0   stdout_f.o
        24          0          0          0          0         68   strcat.o
        28          0          0          0          0         76   strcmp.o
        18          0          0          0          0         68   strcpy.o
        14          0          0          0          0         68   strlen.o
        30          0          0          0          0         80   strncmp.o
        32          0          0          0          0         68   strrchr.o
        44          0          0          0          0         80   uidiv.o
        98          0          0          0          0         92   uldiv.o
        48          0          0          0          0         68   cdcmple.o
        48          0          0          0          0         68   cdrcmple.o
        56          0          0          0          0         88   d2f.o
       334          0          0          0          0        148   dadd.o
       222          0          0          0          0        100   ddiv.o
       186          0          0          0          0        176   depilogue.o
        48          0          0          0          0         68   dfixul.o
        24          0          0          0          0         76   dfltul.o
       228          0          0          0          0         96   dmul.o
        38          0          0          0          0         68   f2d.o
       110          0          0          0          0        168   fepilogue.o

    ----------------------------------------------------------------------
     20616       1786       3456        228       1436      26216   Library Totals
        46          0         15          1          4          0   (incl. Padding)

    ----------------------------------------------------------------------

      Code (inc. data)   RO Data    RW Data    ZI Data      Debug   Library Name

      5180        374       1423         87         40       5932   cpp_ws.l
       588         30         20          0          0       1592   cpprt_w.l
      6798       1172       1865        112       1352      13088   mbed.ar
      6662        210        133         28         40       4480   mc_w.l
      1342          0          0          0          0       1124   mf_w.l

    ----------------------------------------------------------------------
     20616       1786       3456        228       1436      26216   Library Totals

    ----------------------------------------------------------------------

==============================================================================


      Code (inc. data)   RO Data    RW Data    ZI Data      Debug   

     37736       3202       5524       1576       3252     750323   Grand Totals
     37736       3202       5524       1160       3252     750323   ELF Image Totals (compressed)
     37736       3202       5524       1160          0          0   ROM Totals

==============================================================================

    Total RO  Size (Code + RO Data)                43260 (  42.25kB)
    Total RW  Size (RW Data + ZI Data)              4828 (   4.71kB)
    Total ROM Size (Code + RO Data + RW Data)      44420 (  43.38kB)

==============================================================================

