Component: ARM Compiler 5.06 update 6 (build 750) Tool: armlink [4d35ed]

==============================================================================

Section Cross References

    main.o(.text) refers to wait_api.o(i.wait) for wait
    main.o(.text) refers to main.o(i._ZN4mbed6PwmOut6periodEf) for mbed::PwmOut::period(float)
    main.o(.text) refers to main.o(i._ZN4mbed6PwmOutaSEf) for mbed::PwmOut::operator =(float)
    main.o(.text) refers to motordriver.o(.text) for Motor::forward(float)
    main.o(.text) refers to Stream.o(i._ZN4mbed6Stream6printfEPKcz) for mbed::Stream::printf(const char*, ...)
    main.o(.text) refers to hcsr04.o(.text) for HCSR04::start()
    main.o(.text) refers to wait_api.o(i.wait_ms) for wait_ms
    main.o(.text) refers to main.o(i._ZN4mbed6Ticker6attachEPFvvEf) for mbed::Ticker::attach(void(*)(), float)
    main.o(.text) refers to Ticker.o(i._ZN4mbed6Ticker6detachEv) for mbed::Ticker::detach()
    main.o(.text) refers to dht22.o(.text) for DHT22::sample()
    main.o(.text) refers to adafruit_ssd1306.o(.text) for Adafruit_SSD1306::clearDisplay()
    main.o(.text) refers to f2d.o(.text) for __aeabi_f2d
    main.o(.text) refers to SerialBase.o(i._ZN4mbed10SerialBase4baudEi) for mbed::SerialBase::baud(int)
    main.o(.text) refers to gpio_api.o(i.gpio_mode) for gpio_mode
    main.o(.text) refers to pwmout_api.o(i.pwmout_init) for pwmout_init
    main.o(.text) refers to I2C.o(i._ZN4mbed3I2CC1E7PinNameS1_) for mbed::I2C::I2C(PinName, PinName)
    main.o(.text) refers to main.o(i._ZN16Adafruit_SSD1306C2E7PinNamehh) for Adafruit_SSD1306::Adafruit_SSD1306__sub_object(PinName, unsigned char, unsigned char)
    main.o(.text) refers to main.o(.bss) for sound
    main.o(.text) refers to main.o(.data) for mode
    main.o(.text) refers to main.o(.constdata__ZTV20Adafruit_SSD1306_I2c) for vtable for Adafruit_SSD1306_I2c
    main.o(.text) refers to aeabi_atexit.o(.text) for __aeabi_atexit
    main.o(.text) refers to Serial.o(i._ZN4mbed6SerialC1E7PinNameS1_PKc) for mbed::Serial::Serial(PinName, PinName, const char*)
    main.o(.text) refers to main.o(i._ZN4mbed10DigitalOutC1E7PinName) for mbed::DigitalOut::DigitalOut(PinName)
    main.o(.text) refers to gpio.o(i.gpio_init_in) for gpio_init_in
    main.o(.text) refers to main.o(i._ZN4mbed6TickerC1Ev) for mbed::Ticker::Ticker()
    main.o(.text) refers to main.o(i._ZN20Adafruit_SSD1306_I2cD1Ev) for Adafruit_SSD1306_I2c::~Adafruit_SSD1306_I2c()
    main.o(.text) refers to Serial.o(i._ZN4mbed6SerialD1Ev) for mbed::Serial::~Serial()
    main.o(.text) refers to Ticker.o(i._ZN4mbed6TickerD1Ev) for mbed::Ticker::~Ticker()
    main.o(.text) refers to Timeout.o(.constdata__ZTVN4mbed7TimeoutE) for vtable for mbed::Timeout
    main.o(.text) refers to Timeout.o(i._ZN4mbed7TimeoutD1Ev) for mbed::Timeout::~Timeout()
    main.o(.ARM.exidx) refers to main.o(.text) for .text
    main.o(.init_array) refers to main.o(.text) for __sti___8_main_cpp_mt
    main.o(.init_array) refers to cpp_init.o(.text) for __cpp_initialize__aeabi_
    adafruit_gfx.o(.text) refers to adafruit_gfx.o(.data) for font
    adafruit_gfx.o(.ARM.exidx) refers to adafruit_gfx.o(.text) for .text
    adafruit_ssd1306.o(.text) refers to adafruit_ssd1306.o(i._ZN11DigitalOut2aSEi) for DigitalOut2::operator =(int)
    adafruit_ssd1306.o(.text) refers to wait_api.o(i.wait_ms) for wait_ms
    adafruit_ssd1306.o(.text) refers to adafruit_ssd1306.o(t._ZNSt6vectorIhSaIhEEixEj) for std::vector<unsigned char, std::allocator<unsigned char>>::operator [](unsigned)
    adafruit_ssd1306.o(.text) refers to main.o(t._ZNSt6vectorIhSaIhEE5beginEv) for std::vector<unsigned char, std::allocator<unsigned char>>::begin()
    adafruit_ssd1306.o(.text) refers to main.o(t._ZNSt6vectorIhSaIhEE3endEv) for std::vector<unsigned char, std::allocator<unsigned char>>::end()
    adafruit_ssd1306.o(.text) refers to memmove.o(.text) for __aeabi_memcpy4
    adafruit_ssd1306.o(.text) refers to adafruit_ssd1306.o(.constdata) for .constdata
    adafruit_ssd1306.o(.ARM.exidx) refers to adafruit_ssd1306.o(.text) for .text
    motordriver.o(.text) refers to pwmout_api.o(i.pwmout_init) for pwmout_init
    motordriver.o(.text) refers to gpio.o(i.gpio_init_out) for gpio_init_out
    motordriver.o(.text) refers to pwmout_api.o(i.pwmout_period) for pwmout_period
    motordriver.o(.text) refers to main.o(i._ZN4mbed6PwmOutaSEf) for mbed::PwmOut::operator =(float)
    motordriver.o(.text) refers to motordriver.o(i._ZN4mbed10DigitalOutaSEi) for mbed::DigitalOut::operator =(int)
    motordriver.o(.text) refers to wait_api.o(i.wait) for wait
    motordriver.o(.text) refers to motordriver.o(i._ZSt3absf) for std::abs(float)
    motordriver.o(.ARM.exidx) refers to motordriver.o(.text) for .text
    dht22.o(.text) refers to gpio.o(i.gpio_init_in) for gpio_init_in
    dht22.o(.text) refers to gpio_api.o(i.gpio_dir) for gpio_dir
    dht22.o(.text) refers to dht22.o(i._ZN4mbed12DigitalInOut5writeEi) for mbed::DigitalInOut::write(int)
[...]
    __1vsnprintf                             0x08005e41   Thumb Code     0  printfa.o(i.__0vsnprintf)
    __2vsnprintf                             0x08005e41   Thumb Code     0  printfa.o(i.__0vsnprintf)
    __c89vsnprintf                           0x08005e41   Thumb Code     0  printfa.o(i.__0vsnprintf)
    vsnprintf                                0x08005e41   Thumb Code     0  printfa.o(i.__0vsnprintf)
    __ARM_array_new_general                  0x08005e6d   Thumb Code   146  array_new_general.o(i.__ARM_array_new_general)
    __aeabi_vec_ctor_nocookie_nodtor         0x08005eff   Thumb Code    36  aeabi_vec_ctor_nocookie_nodtor.o(i.__aeabi_vec_ctor_nocookie_nodtor)
    __aeabi_vec_dtor_cookie                  0x08005f23   Thumb Code    16  aeabi_vec_dtor_cookie.o(i.__aeabi_vec_dtor_cookie)
    __aeabi_vec_new_cookie                   0x08005f33   Thumb Code    20  aeabi_vec_new_cookie.o(i.__aeabi_vec_new_cookie)
    __cxa_guard_acquire                      0x08005f47   Thumb Code    16  cxa_guard_acquire.o(i.__cxa_guard_acquire)
    __cxa_pure_virtual                       0x08005f57   Thumb Code     6  pure_virt.o(i.__cxa_pure_virtual)
    __cxa_vec_new                            0x08005f5d   Thumb Code    18  cxa_vec_new.o(i.__cxa_vec_new)
    __scatterload_copy                       0x08005f75   Thumb Code    14  handlers.o(i.__scatterload_copy)
    __scatterload_null                       0x08005f83   Thumb Code     2  handlers.o(i.__scatterload_null)
    __scatterload_zeroinit                   0x08005f85   Thumb Code    14  handlers.o(i.__scatterload_zeroinit)
    fclose                                   0x08005fed   Thumb Code    30  fclose_f.o(i._fclose$full)
    fflush                                   0x0800600b   Thumb Code    24  fflush_f.o(i._fflush$full)
    fopen                                    0x08006023   Thumb Code    52  fopen_f.o(i._fopen$full)
    freopen                                  0x080061dd   Thumb Code    94  fopen_f.o(i._freopen$full)
    _is_digit                                0x0800623b   Thumb Code    14  scanf_fp.o(i._is_digit)
    _sys_close                               0x08006999   Thumb Code    40  retarget.o(i._sys_close)
    _sys_open                                0x080069c5   Thumb Code   212  retarget.o(i._sys_open)
    _sys_seek                                0x08006aa9   Thumb Code    36  retarget.o(i._sys_seek)
    _sys_write                               0x08006ad1   Thumb Code    82  retarget.o(i._sys_write)
    error                                    0x08006b31   Thumb Code    20  error.o(i.error)
    exit                                     0x08006b49   Thumb Code    24  retarget.o(i.exit)
    free                                     0x08006b69   Thumb Code    76  malloc.o(i.free)
    get_us_ticker_data                       0x08006bb9   Thumb Code     4  us_ticker_api.o(i.get_us_ticker_data)
    gpio_dir                                 0x08006bc1   Thumb Code    54  gpio_api.o(i.gpio_dir)
    gpio_init                                0x08006c15   Thumb Code    58  gpio_api.o(i.gpio_init)
    gpio_init_in                             0x08006c4f   Thumb Code    40  gpio.o(i.gpio_init_in)
    gpio_init_out                            0x08006c79   Thumb Code    68  gpio.o(i.gpio_init_out)
    gpio_init_out_ex                         0x08006cc5   Thumb Code    80  gpio.o(i.gpio_init_out_ex)
    gpio_irq_free                            0x08006d69   Thumb Code    68  gpio_irq_api.o(i.gpio_irq_free)
    gpio_irq_init                            0x08006db5   Thumb Code   242  gpio_irq_api.o(i.gpio_irq_init)
    gpio_irq_set                             0x08006ef9   Thumb Code   114  gpio_irq_api.o(i.gpio_irq_set)
    gpio_mode                                0x08006f6b   Thumb Code     8  gpio_api.o(i.gpio_mode)
    i2c_frequency                            0x08006ff5   Thumb Code    98  i2c_api.o(i.i2c_frequency)
    i2c_init                                 0x08007081   Thumb Code   430  i2c_api.o(i.i2c_init)
    i2c_write                                0x08007275   Thumb Code   302  i2c_api.o(i.i2c_write)
    malloc                                   0x080073a9   Thumb Code    92  malloc.o(i.malloc)
    mbed_assert_internal                     0x08007415   Thumb Code    12  assert.o(i.mbed_assert_internal)
    mbed_die                                 0x08007455   Thumb Code    80  board.o(i.mbed_die)
    mbed_main                                0x080074c1   Thumb Code     2  retarget.o(i.mbed_main)
    mbed_sdk_init                            0x080074c3   Thumb Code    14  mbed_overrides.o(i.mbed_sdk_init)
    pin_function                             0x080074d1   Thumb Code    80  pinmap.o(i.pin_function)
    pin_mode                                 0x0800753d   Thumb Code    64  pinmap.o(i.pin_mode)
    pinmap_function                          0x08007595   Thumb Code    62  pinmap_common.o(i.pinmap_function)
    pinmap_merge                             0x080075f5   Thumb Code    38  pinmap_common.o(i.pinmap_merge)
    pinmap_peripheral                        0x08007631   Thumb Code    62  pinmap_common.o(i.pinmap_peripheral)
    pinmap_pinout                            0x08007691   Thumb Code    72  pinmap_common.o(i.pinmap_pinout)
    pwmout_init                              0x080076ed   Thumb Code   324  pwmout_api.o(i.pwmout_init)
    pwmout_period                            0x08007875   Thumb Code    20  pwmout_api.o(i.pwmout_period)
    pwmout_period_us                         0x0800788d   Thumb Code   270  pwmout_api.o(i.pwmout_period_us)
    pwmout_write                             0x080079c5   Thumb Code   164  pwmout_api.o(i.pwmout_write)
    serial_baud                              0x08007a89   Thumb Code    36  serial_api.o(i.serial_baud)
    serial_init                              0x08007ac9   Thumb Code   348  serial_api.o(i.serial_init)
    serial_irq_handler                       0x08007c79   Thumb Code    14  serial_api.o(i.serial_irq_handler)
    serial_putc                              0x08007c91   Thumb Code    30  serial_api.o(i.serial_putc)
    ticker_insert_event                      0x08007cb5   Thumb Code    62  ticker_api.o(i.ticker_insert_event)
    ticker_irq_handler                       0x08007cf3   Thumb Code    78  ticker_api.o(i.ticker_irq_handler)
    ticker_read                              0x08007d41   Thumb Code     6  ticker_api.o(i.ticker_read)
    ticker_remove_event                      0x08007d47   Thumb Code    60  ticker_api.o(i.ticker_remove_event)
    ticker_set_handler                       0x08007d83   Thumb Code    18  ticker_api.o(i.ticker_set_handler)
    timer_irq_handler                        0x08007d95   Thumb Code    76  hal_tick.o(i.timer_irq_handler)
    us_ticker_clear_interrupt                0x08007de9   Thumb Code    12  us_ticker.o(i.us_ticker_clear_interrupt)
    us_ticker_disable_interrupt              0x08007df9   Thumb Code    14  us_ticker.o(i.us_ticker_disable_interrupt)
    us_ticker_init                           0x08007e0d   Thumb Code    26  us_ticker.o(i.us_ticker_init)
    us_ticker_irq_handler                    0x08007e35   Thumb Code     6  us_ticker_api.o(i.us_ticker_irq_handler)
    us_ticker_read                           0x08007e41   Thumb Code    30  us_ticker.o(i.us_ticker_read)
    us_ticker_set_interrupt                  0x08007e71   Thumb Code    16  us_ticker.o(i.us_ticker_set_interrupt)
    wait                                     0x08007e85   Thumb Code    36  wait_api.o(i.wait)
    wait_ms                                  0x08007ead   Thumb Code    28  wait_api.o(i.wait_ms)
    wait_us                                  0x08007ec9   Thumb Code    24  wait_api.o(i.wait_us)
    __rw::__string_ref<char, std::char_traits<char>, std::allocator<char>>::_C_inc_ref() 0x08007ee1   Thumb Code    14  char.o(t._ZN4__rw12__string_refIcSt11char_traitsIcESaIcEE10_C_inc_refEv)
    __rw::__rw_facet_maker<std::ctype<char>>::_C_maker_func(int, const char*, unsigned) 0x08007ef5   Thumb Code    70  rwstdexcept.o(t._ZN4__rw16__rw_facet_makerISt5ctypeIcEE13_C_maker_funcEiPKcj)
    __rw::__rw_locale_vector<__rw::__rw_facet_base*>::resize(unsigned, __rw::__rw_facet_base*const &) 0x08007f3b   Thumb Code    86  locale.o(t._ZN4__rw18__rw_locale_vectorIPNS_15__rw_facet_baseEE6resizeEjRKS2_)
    __rw::__rw_locale_vector<__rw::__rw_facet_base*>::~__rw_locale_vector() 0x08007f91   Thumb Code    14  locale.o(t._ZN4__rw18__rw_locale_vectorIPNS_15__rw_facet_baseEED1Ev)
    __rw::__rw_locale_vector<__rw::__rw_facet_base*>::~__rw_locale_vector__sub_object() 0x08007f91   Thumb Code     0  locale.o(t._ZN4__rw18__rw_locale_vectorIPNS_15__rw_facet_baseEED1Ev)
    __rw::__rw_locale_vector<__rw::__rw_cat*>::~__rw_locale_vector() 0x08007f9f   Thumb Code    14  rwcats.o(t._ZN4__rw18__rw_locale_vectorIPNS_8__rw_catEED1Ev)
    __rw::__rw_locale_vector<__rw::__rw_cat*>::~__rw_locale_vector__sub_object() 0x08007f9f   Thumb Code     0  rwcats.o(t._ZN4__rw18__rw_locale_vectorIPNS_8__rw_catEED1Ev)
    __rw::__rw_locale_vector<std::basic_string<char, std::char_traits<char>, std::allocator<char>>>::~__rw_locale_vector() 0x08007fad   Thumb Code    16  locale.o(t._ZN4__rw18__rw_locale_vectorISsED1Ev)
    __rw::__rw_locale_vector<std::basic_string<char, std::char_traits<char>, std::allocator<char>>>::~__rw_locale_vector__sub_object() 0x08007fad   Thumb Code     0  locale.o(t._ZN4__rw18__rw_locale_vectorISsED1Ev)
    __rw::__rw_locale_vector<std::__rw_open_cat_data>::resize(unsigned) 0x08007fc1   Thumb Code   122  messages.o(t._ZN4__rw18__rw_locale_vectorISt18__rw_open_cat_dataE6resizeEj)
    __rw::__rw_locale_vector<std::__rw_open_cat_data>::~__rw_locale_vector() 0x08008049   Thumb Code    16  messages.o(t._ZN4__rw18__rw_locale_vectorISt18__rw_open_cat_dataED1Ev)
    __rw::__rw_locale_vector<std::__rw_open_cat_data>::~__rw_locale_vector__sub_object() 0x08008049   Thumb Code     0  messages.o(t._ZN4__rw18__rw_locale_vectorISt18__rw_open_cat_dataED1Ev)
    void mbed::FunctionPointerArg1<void, void>::membercaller<HCSR04>(void*, unsigned*) 0x0800805d   Thumb Code    52  hcsr04.o(t._ZN4mbed19FunctionPointerArg1IvvE12membercallerI6HCSR04EEvPvPj)
    mbed::FunctionPointerArg1<void, void>::attach(void(*)()) 0x08008091   Thumb Code     8  main.o(t._ZN4mbed19FunctionPointerArg1IvvE6attachEPFvvE)
    void mbed::FunctionPointerArg1<void, void>::attach<HCSR04>(T1*, void(T1::*)()) 0x08008099   Thumb Code    18  hcsr04.o(t._ZN4mbed19FunctionPointerArg1IvvE6attachI6HCSR04EEvPT_MS4_FvvE)
    std::vector<unsigned char, std::allocator<unsigned char>>::end() const 0x080080b1   Thumb Code     8  main.o(t._ZNKSt6vectorIhSaIhEE3endEv)
    std::vector<unsigned char, std::allocator<unsigned char>>::size() const 0x080080b9   Thumb Code    22  main.o(t._ZNKSt6vectorIhSaIhEE4sizeEv)
    std::vector<unsigned char, std::allocator<unsigned char>>::begin() const 0x080080cf   Thumb Code     8  main.o(t._ZNKSt6vectorIhSaIhEE5beginEv)
    std::messages<char>::do_get(int, int, int, const std::basic_string<char, std::char_traits<char>, std::allocator<char>>&) const 0x080080d9   Thumb Code   136  rwstdexcept.o(t._ZNKSt8messagesIcE6do_getEiiiRKSs)
    std::messages<char>::do_open(const std::basic_string<char, std::char_traits<char>, std::allocator<char>>&, const std::locale&) const 0x08008169   Thumb Code     6  rwstdexcept.o(t._ZNKSt8messagesIcE7do_openERKSsRKSt6locale)
    std::allocator<unsigned char>::deallocate(unsigned char*, unsigned) 0x0800816f   Thumb Code    20  main.o(t._ZNSaIhE10deallocateEPhj)
    std::allocator<unsigned char>::construct(unsigned char*, const unsigned char&) 0x08008183   Thumb Code    22  main.o(t._ZNSaIhE9constructEPhRKh)
    std::basic_string<char, std::char_traits<char>, std::allocator<char>>::_C_allocate(unsigned, unsigned, unsigned) 0x08008199   Thumb Code    50  locale.o(t._ZNSs11_C_allocateEjjj)
    std::basic_string<char, std::char_traits<char>, std::allocator<char>>::replace(unsigned, unsigned, const char*, unsigned) 0x080081cb   Thumb Code    24  locale.o(t._ZNSs7replaceEjjPKcj)
    std::basic_string<char, std::char_traits<char>, std::allocator<char>>::replace(unsigned, unsigned, const char*, unsigned, unsigned, unsigned) 0x080081e5   Thumb Code   352  char.o(t._ZNSs7replaceEjjPKcjjj)
    std::basic_string<char, std::char_traits<char>, std::allocator<char>>::_C_getRep(unsigned, unsigned) 0x0800834d   Thumb Code   108  char.o(t._ZNSs9_C_getRepEjj)
    std::basic_string<char, std::char_traits<char>, std::allocator<char>>::_C_unlink() 0x080083c1   Thumb Code    66  char.o(t._ZNSs9_C_unlinkEv)
    std::basic_string<char, std::char_traits<char>, std::allocator<char>>::basic_string(const char*, const std::allocator<char>&) 0x08008409   Thumb Code    52  locale.o(t._ZNSsC1EPKcRKSaIcE)
    std::basic_string<char, std::char_traits<char>, std::allocator<char>>::basic_string__sub_object(const char*, const std::allocator<char>&) 0x08008409   Thumb Code     0  locale.o(t._ZNSsC1EPKcRKSaIcE)
    std::basic_string<char, std::char_traits<char>, std::allocator<char>>::basic_string(const std::allocator<char>&) 0x08008441   Thumb Code    12  locale.o(t._ZNSsC1ERKSaIcE)
    std::basic_string<char, std::char_traits<char>, std::allocator<char>>::basic_string__sub_object(const std::allocator<char>&) 0x08008441   Thumb Code     0  locale.o(t._ZNSsC1ERKSaIcE)
    std::basic_string<char, std::char_traits<char>, std::allocator<char>>::basic_string(const std::basic_string<char, std::char_traits<char>, std::allocator<char>>&) 0x08008451   Thumb Code    62  char.o(t._ZNSsC1ERKSs)
    std::basic_string<char, std::char_traits<char>, std::allocator<char>>::basic_string__sub_object(const std::basic_string<char, std::char_traits<char>, std::allocator<char>>&) 0x08008451   Thumb Code     0  char.o(t._ZNSsC1ERKSs)
    std::basic_string<char, std::char_traits<char>, std::allocator<char>>::~basic_string() 0x0800848f   Thumb Code    12  char.o(t._ZNSsD1Ev)
    std::basic_string<char, std::char_traits<char>, std::allocator<char>>::~basic_string__sub_object() 0x0800848f   Thumb Code     0  char.o(t._ZNSsD1Ev)
    std::basic_string<char, std::char_traits<char>, std::allocator<char>>::operator =(const char*) 0x0800849d   Thumb Code    70  locale.o(t._ZNSsaSEPKc)
    std::basic_string<char, std::char_traits<char>, std::allocator<char>>::operator =(const std::basic_string<char, std::char_traits<char>, std::allocator<char>>&) 0x080084e9   Thumb Code    62  locale.o(t._ZNSsaSERKSs)
    std::vector<unsigned char, std::allocator<unsigned char>>::_C_destroy(unsigned char*, unsigned char*) 0x08008527   Thumb Code    18  main.o(t._ZNSt6vectorIhSaIhEE10_C_destroyEPhS2_)
    std::vector<unsigned char, std::allocator<unsigned char>>::_C_insert_aux(unsigned char*, unsigned, const unsigned char&) 0x08008539   Thumb Code   408  main.o(t._ZNSt6vectorIhSaIhEE13_C_insert_auxEPhjRKh)
    std::vector<unsigned char, std::allocator<unsigned char>>::end() 0x080086d1   Thumb Code     8  main.o(t._ZNSt6vectorIhSaIhEE3endEv)
    std::vector<unsigned char, std::allocator<unsigned char>>::begin() 0x080086d9   Thumb Code     8  main.o(t._ZNSt6vectorIhSaIhEE5beginEv)
    std::vector<unsigned char, std::allocator<unsigned char>>::erase(unsigned char*, unsigned char*) 0x080086e1   Thumb Code   102  main.o(t._ZNSt6vectorIhSaIhEE5eraseEPhS2_)
    std::vector<unsigned char, std::allocator<unsigned char>>::resize(unsigned, unsigned char) 0x08008747   Thumb Code    92  main.o(t._ZNSt6vectorIhSaIhEE6resizeEjh)
    std::vector<unsigned char, std::allocator<unsigned char>>::operator [](unsigned) 0x080087a3   Thumb Code    16  adafruit_ssd1306.o(t._ZNSt6vectorIhSaIhEEixEj)
    T2 std::uninitialized_copy<unsigned char*, unsigned char*, std::allocator<unsigned char>>(T1, T1, T2, T3&) 0x080087b3   Thumb Code    44  main.o(t._ZSt18uninitialized_copyIPhS0_SaIhEET0_T_S3_S2_RT1_)
    void std::uninitialized_fill_n<unsigned char*, unsigned, unsigned char, std::allocator<unsigned char>>(T1, T2, const T3&, T4&) 0x080087df   Thumb Code    42  main.o(t._ZSt20uninitialized_fill_nIPhjhSaIhEEvT_T0_RKT1_RT2_)
    const T1& std::max<unsigned>(const T1&, const T1&) 0x08008809   Thumb Code    12  char.o(t._ZSt3maxIjERKT_S2_S2_)
    void std::fill<unsigned char*, unsigned char>(T1, T1, const T2&) 0x08008815   Thumb Code    14  main.o(t._ZSt4fillIPhhEvT_S1_RKT0_)
    APBAHBPrescTable                         0x08008c34   Data          16  stm32f4xx_hal_rcc.o(.constdata)
    AHBPrescTable                            0x08008c44   Data          16  system_stm32f4xx.o(.constdata)
    PinMap_I2C_SDA                           0x08008c70   Data          72  PeripheralPins.o(.constdata)
    PinMap_I2C_SCL                           0x08008cb8   Data          60  PeripheralPins.o(.constdata)
    PinMap_PWM                               0x08008cf4   Data         360  PeripheralPins.o(.constdata)
    PinMap_UART_TX                           0x08008e5c   Data          72  PeripheralPins.o(.constdata)
    PinMap_UART_RX                           0x08008ea4   Data          72  PeripheralPins.o(.constdata)
    std::ctype<char>::_C_classic_table       0x08008f7c   Data         512  char.o(.constdata)
    __ctype_table                            0x0800917c   Data         129  ctype_o.o(.constdata)
    vtable for Adafruit_GFX                  0x08009204   Data         100  adafruit_gfx.o(.constdata__ZTV12Adafruit_GFX)
    vtable for Adafruit_SSD1306              0x08009268   Data         116  adafruit_ssd1306.o(.constdata__ZTV16Adafruit_SSD1306)
    vtable for Adafruit_SSD1306_I2c          0x080092dc   Data         116  main.o(.constdata__ZTV20Adafruit_SSD1306_I2c)
    vtable for mbed::FileHandle              0x08009350   Data          44  retarget.o(.constdata__ZTVN4mbed10FileHandleE)
    vtable for mbed::SerialBase              0x0800937c   Data          16  SerialBase.o(.constdata__ZTVN4mbed10SerialBaseE)
    vtable for mbed::TimerEvent              0x0800938c   Data          20  TimerEvent.o(.constdata__ZTVN4mbed10TimerEventE)
    vtable for mbed::InterruptIn             0x080093a0   Data          16  InterruptIn.o(.constdata__ZTVN4mbed11InterruptInE)
    vtable for mbed::Serial                  0x080093b0   Data          92  Serial.o(.constdata__ZTVN4mbed6SerialE)
    vtable for mbed::Stream                  0x0800940c   Data          68  Stream.o(.constdata__ZTVN4mbed6StreamE)
    vtable for mbed::Ticker                  0x08009450   Data          20  Ticker.o(.constdata__ZTVN4mbed6TickerE)
    vtable for mbed::Timeout                 0x08009464   Data          20  Timeout.o(.constdata__ZTVN4mbed7TimeoutE)
    vtable for mbed::FileBase                0x08009478   Data          16  FileBase.o(.constdata__ZTVN4mbed8FileBaseE)
    vtable for mbed::FileLike                0x08009488   Data          60  FileLike.o(.constdata__ZTVN4mbed8FileLikeE)
    vtable for std::locale::facet            0x080094c4   Data          20  rwstdexcept.o(.constdata__ZTVNSt6locale5facetE)
    vtable for std::ctype_byname<char>       0x080094d8   Data          52  char.o(.constdata__ZTVSt12ctype_bynameIcE)
    vtable for std::__rw_exception           0x0800950c   Data          20  rwstdexcept.o(.constdata__ZTVSt14__rw_exception)
    vtable for std::ctype<char>              0x08009520   Data          52  char.o(.constdata__ZTVSt5ctypeIcE)
    vtable for std::messages<char>           0x08009554   Data          32  rwstdexcept.o(.constdata__ZTVSt8messagesIcE)
    vtable for std::exception                0x08009574   Data          20  exception_dtor.o(.constdata__ZTVSt9exception)
    __rw::__rw_locale_imp::_C_category_name(int) const::string 0x08009588   Data           1  locale.o(.constdata__ZZNK4__rw15__rw_locale_imp16_C_category_nameEiEs)
    std::basic_string<char, std::char_traits<char>, std::allocator<char>>::replace(unsigned, unsigned, const char*, unsigned, unsigned, unsigned)::string 0x08009589   Data           1  char.o(.constdata__ZZNSs7replaceEjjPKcjjjEs)
    std::basic_string<char, std::char_traits<char>, std::allocator<char>>::_C_getRep(unsigned, unsigned)::string 0x0800958a   Data           1  char.o(.constdata__ZZNSs9_C_getRepEjjEs)
    std::messages<char>::messages(unsigned)::string 0x0800958b   Data           2  rwstdexcept.o(.constdata__ZZNSt8messagesIcEC1EjEs)
    Region$$Table$$Base                      0x08009abc   Number         0  anon$$obj.o(Region$$Table)
    Region$$Table$$Limit                     0x08009adc   Number         0  anon$$obj.o(Region$$Table)
    SHT$$INIT_ARRAY$$Base                    0x08009adc   Number         0  main.o(.init_array)
    SHT$$INIT_ARRAY$$Limit                   0x08009aec   Number         0  rwcats.o(.init_array)
    ultrasonic_timeout_flag                  0x20000194   Data           1  main.o(.data)
    sys_on                                   0x20000195   Data           1  main.o(.data)
    mode                                     0x20000198   Data           4  main.o(.data)
    current_temp                             0x2000019c   Data           4  main.o(.data)
    desired_temp                             0x200001a0   Data           4  main.o(.data)
    humid                                    0x200001a4   Data           4  main.o(.data)
    wind_power                               0x200001a8   Data           4  main.o(.data)
    automatic                                0x200001ac   Data           1  main.o(.data)
    PreviousVal                              0x200006a8   Data           4  hal_tick.o(.data)
    SystemCoreClock                          0x200006b4   Data           4  system_stm32f4xx.o(.data)
    stdio_uart_inited                        0x200006fc   Data           4  serial_api.o(.data)
    mbed::I2C::_owner                        0x20000704   Data           4  I2C.o(.data)
    i2c1_inited                              0x20000710   Data           4  i2c_api.o(.data)
    i2c2_inited                              0x20000714   Data           4  i2c_api.o(.data)
    i2c3_inited                              0x20000718   Data           4  i2c_api.o(.data)
    mbed::FileBase::_head                    0x20000720   Data           4  FileBase.o(.data)
    ___stderr$base                           0x20000724   Data           4  stderr.o(.data)
    std::ctype<char>::id                     0x20000750   Data           4  char.o(.data)
    std::ctype<wchar_t>::id                  0x20000754   Data           4  char.o(.data)
    std::locale::_C_classic                  0x20000760   Data           4  locale.o(.data)
    std::locale::_C_native                   0x20000764   Data           4  locale.o(.data)
    std::locale::_C_global                   0x20000768   Data           4  locale.o(.data)
    std::codecvt<char, char, std::__mbstate_t>::id 0x2000076c   Data           4  locale.o(.data)
    std::codecvt<wchar_t, char, std::__mbstate_t>::id 0x20000770   Data           4  locale.o(.data)
    __rw_throw_proc                          0x20000774   Data           4  rwthrowproc_noex.o(.data)
    __microlib_freelist                      0x20000778   Data           4  mvars.o(.data)
    __microlib_freelist_initialised          0x2000077c   Data           4  mvars.o(.data)
    std::locale::id::_C_init() const::_C_id_gen 0x20000788   Data           4  locale.o(.data__ZZNKSt6locale2id7_C_initEvE9_C_id_gen)
    guard variable for std::__rw_get_cats()::__open_cats 0x2000078c   Data           4  messages.o(.data__ZZSt13__rw_get_catsvE11__open_cats)
    std::__rw_get_cats()::__open_cats        0x20000790   Data           8  messages.o(.data__ZZSt13__rw_get_catsvE11__open_cats)
    mt                                       0x20000798   Data          40  main.o(.bss)
    sound                                    0x200007c0   Data          20  main.o(.bss)
    sensor                                   0x200007d4   Data          12  main.o(.bss)
    myI2C                                    0x200007e0   Data          12  main.o(.bss)
    myGUI                                    0x200007ec   Data          80  main.o(.bss)
    pc                                       0x2000083c   Data         108  main.o(.bss)
    trig_pin                                 0x200008a8   Data          16  main.o(.bss)
    echo_pin                                 0x200008b8   Data          16  main.o(.bss)
    hcsr                                     0x200008c8   Data         124  main.o(.bss)
    display_ticker                           0x20000944   Data          48  main.o(.bss)
    myTimeout                                0x20000974   Data          48  main.o(.bss)
    TimMasterHandle                          0x200009a4   Data          60  hal_tick.o(.bss)
    serial_irq_ids                           0x20000c70   Data          32  serial_api.o(.bss)
    stdio_uart                               0x20000e90   Data          28  serial_api.o(.bss)
    I2cHandle                                0x20000eac   Data          60  i2c_api.o(.bss)
    __stdout                                 0x20000f24   Data          20  stdout_f.o(.bss)
    __stderr                                 0x20000f38   Data          20  stderr_f.o(.bss)
    std::basic_string<char, std::char_traits<char>, std::allocator<char>>::__nullref 0x20000f68   Data          16  vendor.o(.bss__ZNSs9__nullrefE)
    __heap_base                              0x20000f78   Data           0  startup_stm32f401xe.o(HEAP)
    Image$$RW_IRAM1$$ZI$$Limit               0x20001378   Number         0  anon$$obj.o ABSOLUTE
    __heap_limit                             0x20017c00   Number         0  startup_stm32f401xe.o ABSOLUTE
    __initial_sp                             0x20018000   Number         0  startup_stm32f401xe.o ABSOLUTE



==============================================================================

Memory Map of the image

  Image Entry point : 0x08000195

  Load Region LR_IROM1 (Base: 0x08000000, Size: 0x0000a0f0, Max: 0x00080000, ABSOLUTE, COMPRESSED[0x00009f78])

    Execution Region ER_IROM1 (Exec base: 0x08000000, Load base: 0x08000000, Size: 0x00009aec, Max: 0x00080000, ABSOLUTE)

    Exec Addr    Load Addr    Size         Type   Attr      Idx    E Section Name        Object

    0x08000000   0x08000000   0x00000194   Data   RO         1754    RESET               startup_stm32f401xe.o
    0x08000194   0x08000194   0x00000000   Code   RO         4766  * .ARM.Collect$$$$00000000  mc_w.l(entry.o)
    0x08000194   0x08000194   0x00000004   Code   RO         5296    .ARM.Collect$$$$00000001  mc_w.l(entry2.o)
    0x08000198   0x08000198   0x00000004   Code   RO         5299    .ARM.Collect$$$$00000004  mc_w.l(entry5.o)
    0x0800019c   0x0800019c   0x00000004   Code   RO         4768    .ARM.Collect$$$$00000006  mc_w.l(entry6b.o)
    0x080001a0   0x080001a0   0x00000000   Code   RO         5301    .ARM.Collect$$$$00000008  mc_w.l(entry7b.o)
    0x080001a0   0x080001a0   0x00000004   Code   RO         5302    .ARM.Collect$$$$00000009  mc_w.l(entry8a.o)
    0x080001a4   0x080001a4   0x00000000   Code   RO         5303    .ARM.Collect$$$$0000000A  mc_w.l(entry8b.o)
    0x080001a4   0x080001a4   0x00000008   Code   RO         5304    .ARM.Collect$$$$0000000B  mc_w.l(entry9a.o)
    0x080001ac   0x080001ac   0x00000000   Code   RO         5306    .ARM.Collect$$$$0000000D  mc_w.l(entry10a.o)
    0x080001ac   0x080001ac   0x00000004   Code   RO         5307    .ARM.Collect$$$$0000000E  mc_w.l(entry10b.o)
    0x080001b0   0x080001b0   0x00000000   Code   RO         5308    .ARM.Collect$$$$0000000F  mc_w.l(entry11a.o)
    0x080001b0   0x080001b0   0x00000004   Code   RO         5297    .ARM.Collect$$$$00002712  mc_w.l(entry2.o)
    0x080001b4   0x080001b4   0x00000600   Code   RO            4    .text               main.o
    0x080007b4   0x080007b4   0x00000c64   Code   RO          900    .text               adafruit_gfx.o
    0x08001418   0x08001418   0x00000364   Code   RO         1026    .text               adafruit_ssd1306.o
    0x0800177c   0x0800177c   0x00000138   Code   RO         1153    .text               motordriver.o
    0x080018b4   0x080018b4   0x00000104   Code   RO         1440    .text               dht22.o
    0x080019b8   0x080019b8   0x0000014c   Code   RO         1515    .text               hcsr04.o
    0x08001b04   0x08001b04   0x00000024   Code   RO         1755    .text               startup_stm32f401xe.o
    0x08001b28   0x08001b28   0x00000020   Code   RO         4812    .text               mc_w.l(initio_oe.o)
    0x08001b48   0x08001b48   0x00000028   Code   RO         4818    .text               mc_w.l(fputc_fp.o)
    0x08001b70   0x08001b70   0x00000002   Code   RO         4828    .text               mc_w.l(setbuf.o)
    0x08001b72   0x08001b72   0x00000024   Code   RO         4834    .text               mc_w.l(memcpya.o)
    0x08001b96   0x08001b96   0x00000024   Code   RO         4836    .text               mc_w.l(memseta.o)
    0x08001bba   0x08001bba   0x0000000e   Code   RO         4840    .text               mc_w.l(strlen.o)
    0x08001bc8   0x08001bc8   0x0000001c   Code   RO         4842    .text               mc_w.l(strcmp.o)
    0x08001be4   0x08001be4   0x0000001e   Code   RO         4844    .text               mc_w.l(strncmp.o)
    0x08001c02   0x08001c02   0x00000002   PAD
    0x08001c04   0x08001c04   0x00000038   Code   RO         5111    .text               mc_w.l(__0sscanf.o)
    0x08001c3c   0x08001c3c   0x0000014c   Code   RO         5113    .text               mc_w.l(_scanf_int.o)
    0x08001d88   0x08001d88   0x00000020   Code   RO         5118    .text               mc_w.l(cpp_init.o)
    0x08001da8   0x08001da8   0x0000002e   Code   RO         5120    .text               mc_w.l(aeabi_atexit.o)
    0x08001dd6   0x08001dd6   0x00000026   Code   RO         5122    .text               mf_w.l(f2d.o)
    0x08001dfc   0x08001dfc   0x00000004   Code   RO         5258    .text               cpprt_w.l(arm_newhandler_noexceptions.o)
    0x08001e00   0x08001e00   0x0000002c   Code   RO         5315    .text               mc_w.l(uidiv.o)
    0x08001e2c   0x08001e2c   0x00000062   Code   RO         5317    .text               mc_w.l(uldiv.o)
    0x08001e8e   0x08001e8e   0x00000040   Code   RO         5319    .text               mc_w.l(memmovea.o)
    0x08001ece   0x08001ece   0x0000001c   Code   RO         5351    .text               mc_w.l(_chval.o)
    0x08001eea   0x08001eea   0x00000156   Code   RO         5353    .text               mc_w.l(_scanf_longlong.o)
    0x08002040   0x08002040   0x000000e0   Code   RO         5355    .text               mc_w.l(_scanf_str.o)
    0x08002120   0x08002120   0x00000360   Code   RO         5357    .text               mc_w.l(scanf_fp.o)
    0x08002480   0x08002480   0x00000028   Code   RO         5361    .text               mc_w.l(scanf_char.o)
    0x080024a8   0x080024a8   0x00000040   Code   RO         5363    .text               mc_w.l(_sgetc.o)
    0x080024e8   0x080024e8   0x00000000   Code   RO         5367    .text               mc_w.l(iusefp.o)
    0x080024e8   0x080024e8   0x00000008   Code   RO         5370    .text               mc_w.l(cpp_dtor.o)
    0x080024f0   0x080024f0   0x00000014   Code   RO         5373    .text               mc_w.l(cpp_memory.o)
    0x08002504   0x08002504   0x00000002   Code   RO         5376    .text               mc_w.l(cpp_signal.o)
    0x08002506   0x08002506   0x00000042   Code   RO         5378    .text               mc_w.l(cxa_finalize.o)
    0x08002548   0x08002548   0x0000014e   Code   RO         5380    .text               mf_w.l(dadd.o)
    0x08002696   0x08002696   0x000000e4   Code   RO         5382    .text               mf_w.l(dmul.o)
    0x0800277a   0x0800277a   0x000000de   Code   RO         5384    .text               mf_w.l(ddiv.o)
    0x08002858   0x08002858   0x00000030   Code   RO         5386    .text               mf_w.l(dfixul.o)
    0x08002888   0x08002888   0x00000030   Code   RO         5388    .text               mf_w.l(cdrcmple.o)
    0x080028b8   0x080028b8   0x0000000e   Code   RO         5899    .text               cpprt_w.l(aeabi_vec_delete_noexceptions.o)
    0x080028c6   0x080028c6   0x0000001a   Code   RO         5905    .text               cpprt_w.l(arm_exceptions_terminate.o)
    0x080028e0   0x080028e0   0x00000050   Code   RO         5915    .text               cpprt_w.l(arm_exceptions_globs.o)
    0x08002930   0x08002930   0x00000024   Code   RO         5921    .text               mc_w.l(init.o)
    0x08002954   0x08002954   0x0000001e   Code   RO         5923    .text               mc_w.l(llshl.o)
    0x08002972   0x08002972   0x00000020   Code   RO         5925    .text               mc_w.l(llushr.o)
    0x08002992   0x08002992   0x00000024   Code   RO         5927    .text               mc_w.l(llsshr.o)
    0x080029b6   0x080029b6   0x00000018   Code   RO         5935    .text               mc_w.l(strcat.o)
    0x080029ce   0x080029ce   0x00000012   Code   RO         5937    .text               mc_w.l(strcpy.o)
    0x080029e0   0x080029e0   0x00000020   Code   RO         5939    .text               mc_w.l(strrchr.o)
    0x08002a00   0x08002a00   0x00000038   Code   RO         5943    .text               mc_w.l(sscanf.o)
    0x08002a38   0x08002a38   0x0000032c   Code   RO         5945    .text               mc_w.l(_scanf.o)
    0x08002d64   0x08002d64   0x00000002   Code   RO         5948    .text               mc_w.l(cpp_final.o)
    0x08002d66   0x08002d66   0x000000ba   Code   RO         5950    .text               mf_w.l(depilogue.o)
    0x08002e20   0x08002e20   0x00000018   Code   RO         5952    .text               mf_w.l(dfltul.o)
    0x08002e38   0x08002e38   0x00000038   Code   RO         5954    .text               mf_w.l(d2f.o)
    0x08002e70   0x08002e70   0x0000003c   Code   RO         6069    .text               cpprt_w.l(arm_exceptions_mem.o)
    0x08002eac   0x08002eac   0x00000008   Code   RO         6082    .text               mc_w.l(ctype_o.o)
    0x08002eb4   0x08002eb4   0x00000012   Code   RO         6104    .text               mc_w.l(isspace_o.o)
    0x08002ec6   0x08002ec6   0x00000042   Code   RO         6118    .text               mc_w.l(memmove.o)
    0x08002f08   0x08002f08   0x0000006e   Code   RO         6132    .text               mf_w.l(fepilogue.o)
    0x08002f76   0x08002f76   0x00000002   Code   RO         6134    .text               cpprt_w.l(arm_rethrow_noexceptions.o)
    0x08002f78   0x08002f78   0x00000022   Code   RO         6140    .text               cpprt_w.l(aeabi_vec_dtor_noexceptions.o)
    0x08002f9a   0x08002f9a   0x0000001c   Code   RO         6159    .text               cpprt_w.l(ARM_vec_cleanup_noexceptions.o)
    0x08002fb6   0x08002fb6   0x00000056   Code   RO         6178    .text               mc_w.l(__dczerorl2.o)
    0x0800300c   0x0800300c   0x00000012   Code   RO         1632    i.$Sub$$main        retarget.o
    0x0800301e   0x0800301e   0x00000008   Code   RO         4037    i.<Func1>           mbed.ar(SerialBase.o)
    0x08003026   0x08003026   0x00000014   Code   RO         5646    i.<Func5>           cpp_ws.l(locale.o)
    0x0800303a   0x0800303a   0x00000002   PAD
    0x0800303c   0x0800303c   0x00000204   Code   RO         2150    i.HAL_GPIO_Init     stm32f4xx_hal_gpio.o
    0x08003240   0x08003240   0x0000000c   Code   RO         1773    i.HAL_GetTick       stm32f4xx_hal.o
    0x0800324c   0x0800324c   0x00000100   Code   RO         2235    i.HAL_I2C_Init      stm32f4xx_hal_i2c.o
    0x0800334c   0x0800334c   0x00000002   Code   RO         2254    i.HAL_I2C_MspInit   stm32f4xx_hal_i2c.o
    0x0800334e   0x0800334e   0x00000002   PAD
    0x08003350   0x08003350   0x00000010   Code   RO         1774    i.HAL_IncTick       stm32f4xx_hal.o
    0x08003360   0x08003360   0x00000034   Code   RO         1775    i.HAL_Init          stm32f4xx_hal.o
    0x08003394   0x08003394   0x000000b4   Code   RO         1612    i.HAL_InitTick      hal_tick.o
    0x08003448   0x08003448   0x00000002   Code   RO         2134    i.HAL_MspInit       stm32f4xx_hal_msp_template.o
    0x0800344a   0x0800344a   0x00000002   PAD
    0x0800344c   0x0800344c   0x00000024   Code   RO         1923    i.HAL_NVIC_SetPriorityGrouping  stm32f4xx_hal_cortex.o
    0x08003470   0x08003470   0x00000230   Code   RO         2738    i.HAL_RCC_ClockConfig  stm32f4xx_hal_rcc.o
    0x080036a0   0x080036a0   0x00000040   Code   RO         2742    i.HAL_RCC_GetClockConfig  stm32f4xx_hal_rcc.o
    0x080036e0   0x080036e0   0x0000004c   Code   RO         2745    i.HAL_RCC_GetPCLK1Freq  stm32f4xx_hal_rcc.o
    0x0800372c   0x0800372c   0x0000004c   Code   RO         2746    i.HAL_RCC_GetPCLK2Freq  stm32f4xx_hal_rcc.o
    0x08003778   0x08003778   0x00000094   Code   RO         2747    i.HAL_RCC_GetSysClockFreq  stm32f4xx_hal_rcc.o
    0x0800380c   0x0800380c   0x0000038c   Code   RO         2750    i.HAL_RCC_OscConfig  stm32f4xx_hal_rcc.o
    0x08003b98   0x08003b98   0x0000002c   Code   RO         3320    i.HAL_TIMEx_PWMN_Start  stm32f4xx_hal_tim_ex.o
    0x08003bc4   0x08003bc4   0x00000036   Code   RO         3143    i.HAL_TIM_OC_Init   stm32f4xx_hal_tim.o
    0x08003bfa   0x08003bfa   0x00000002   Code   RO         3145    i.HAL_TIM_OC_MspInit  stm32f4xx_hal_tim.o
    0x08003bfc   0x08003bfc   0x00000036   Code   RO         3146    i.HAL_TIM_OC_Start  stm32f4xx_hal_tim.o
    0x08003c32   0x08003c32   0x00000002   PAD
    0x08003c34   0x08003c34   0x00000214   Code   RO         3162    i.HAL_TIM_PWM_ConfigChannel  stm32f4xx_hal_tim.o
    0x08003e48   0x08003e48   0x00000036   Code   RO         3165    i.HAL_TIM_PWM_Init  stm32f4xx_hal_tim.o
    0x08003e7e   0x08003e7e   0x00000002   Code   RO         3167    i.HAL_TIM_PWM_MspInit  stm32f4xx_hal_tim.o
    0x08003e80   0x08003e80   0x00000036   Code   RO         3169    i.HAL_TIM_PWM_Start  stm32f4xx_hal_tim.o
    0x08003eb6   0x08003eb6   0x0000005e   Code   RO         3386    i.HAL_UART_Init     stm32f4xx_hal_uart.o
    0x08003f14   0x08003f14   0x00000002   Code   RO         3388    i.HAL_UART_MspInit  stm32f4xx_hal_uart.o
    0x08003f16   0x08003f16   0x00000002   PAD
    0x08003f18   0x08003f18   0x00000034   Code   RO         1603    i.NVIC_SetVector    cmsis_nvic.o
    0x08003f4c   0x08003f4c   0x0000008c   Code   RO         3687    i.SetSysClock_PLL_HSE  system_stm32f4xx.o
    0x08003fd8   0x08003fd8   0x000000d0   Code   RO         4366    i.Set_GPIO_Clock    mbed.ar(pinmap.o)
    0x080040a8   0x080040a8   0x00000084   Code   RO         3689    i.SystemCoreClockUpdate  system_stm32f4xx.o
    0x0800412c   0x0800412c   0x00000110   Code   RO         3690    i.SystemInit        system_stm32f4xx.o
    0x0800423c   0x0800423c   0x00000094   Code   RO         3180    i.TIM_Base_SetConfig  stm32f4xx_hal_tim.o
    0x080042d0   0x080042d0   0x00000218   Code   RO         3404    i.UART_SetConfig    stm32f4xx_hal_uart.o
    0x080044e8   0x080044e8   0x00000020   Code   RO         5956    i._Z7catgetsPN4__rw8__rw_catEiiPKc  cpp_ws.l(rwcats.o)
    0x08004508   0x08004508   0x00000022   Code   RO         5957    i._Z7catopenPKci    cpp_ws.l(rwcats.o)
    0x0800452a   0x0800452a   0x00000002   PAD
    0x0800452c   0x0800452c   0x0000006c   Code   RO          153    i._ZN11DigitalOut2C1E7PinNameb  main.o
    0x08004598   0x08004598   0x00000060   Code   RO         1049    i._ZN11DigitalOut2aSEi  adafruit_ssd1306.o
    0x080045f8   0x080045f8   0x00000010   Code   RO          190    i._ZN12Adafruit_GFX5_putcEi  main.o
    0x08004608   0x08004608   0x0000004c   Code   RO          147    i._ZN12Adafruit_GFXC2Ess  main.o
    0x08004654   0x08004654   0x00000070   Code   RO          126    i._ZN16Adafruit_SSD1306C2E7PinNamehh  main.o
    0x080046c4   0x080046c4   0x00000054   Code   RO          177    i._ZN16Adafruit_SSD1306D2Ev  main.o
    0x08004718   0x08004718   0x00000064   Code   RO          214    i._ZN20Adafruit_SSD1306_I2c17sendDisplayBufferEv  main.o
    0x0800477c   0x0800477c   0x00000022   Code   RO          202    i._ZN20Adafruit_SSD1306_I2c7commandEh  main.o
    0x0800479e   0x0800479e   0x0000000e   Code   RO          132    i._ZN20Adafruit_SSD1306_I2cD1Ev  main.o
    0x080047ac   0x080047ac   0x00000058   Code   RO         5124    i._ZN37_INTERNAL_15_rwstdexcept_cpp_8697b68a4__rw13__rw_vfmatstrEPcjPKcSt9__va_list  cpp_ws.l(rwstdexcept.o)
    0x08004804   0x08004804   0x0000014c   Code   RO         5125    i._ZN37_INTERNAL_15_rwstdexcept_cpp_8697b68a4__rw13__rw_vfmatstrEPcjiSt9__va_list  cpp_ws.l(rwstdexcept.o)
    0x08004950   0x08004950   0x0000005c   Code   RO         5127    i._ZN4__rw10__rw_throwEiz  cpp_ws.l(rwstdexcept.o)
    0x080049ac   0x080049ac   0x00000020   Code   RO         4496    i._ZN4__rw13__rw_allocateEji  cpp_ws.l(rwalloc.o)
    0x080049cc   0x080049cc   0x00000004   Code   RO         4497    i._ZN4__rw15__rw_deallocateEPvji  cpp_ws.l(rwalloc.o)
    0x080049d0   0x080049d0   0x00000002   Code   RO         5593    i._ZN4__rw15__rw_facet_base12_C_initfacetERKSt6locale  cpp_ws.l(char.o)
    0x080049d2   0x080049d2   0x00000002   PAD
    0x080049d4   0x080049d4   0x000000ec   Code   RO         5749    i._ZN4__rw15__rw_locale_impC1EPKcjj  cpp_ws.l(locale.o)
    0x08004ac0   0x08004ac0   0x0000001a   Code   RO         5787    i._ZN4__rw15__rw_locale_impD1Ev  cpp_ws.l(locale.o)
    0x08004ada   0x08004ada   0x0000003a   Code   RO         5647    i._ZN4__rw21__rw_use_c_lib_localeC1EPKci  cpp_ws.l(locale.o)
    0x08004b14   0x08004b14   0x00000018   Code   RO         5563    i._ZN4__rw21__rw_use_c_lib_localeD1Ev  cpp_ws.l(char.o)
    0x08004b2c   0x08004b2c   0x00000098   Code   RO         5980    i._ZN4__rw25__rw_throw_exception_noexEiPc  cpp_ws.l(rwthrowproc_impl_noex.o)
    0x08004bc4   0x08004bc4   0x00000030   Code   RO         5960    i._ZN4__rw9__catfindEPNS_8__rw_catE  cpp_ws.l(rwcats.o)
    0x08004bf4   0x08004bf4   0x0000001c   Code   RO           96    i._ZN4mbed10DigitalOutC1E7PinName  main.o
    0x08004c10   0x08004c10   0x00000060   Code   RO         1172    i._ZN4mbed10DigitalOutaSEi  motordriver.o
    0x08004c70   0x08004c70   0x00000030   Code   RO         1634    i._ZN4mbed10FileHandleD2Ev  retarget.o
    0x08004ca0   0x08004ca0   0x0000000e   Code   RO         4039    i._ZN4mbed10SerialBase10_base_putcEi  mbed.ar(SerialBase.o)
    0x08004cae   0x08004cae   0x0000002a   Code   RO         4041    i._ZN4mbed10SerialBase12_irq_handlerEj9SerialIrq  mbed.ar(SerialBase.o)
    0x08004cd8   0x08004cd8   0x00000010   Code   RO         4042    i._ZN4mbed10SerialBase4baudEi  mbed.ar(SerialBase.o)
    0x08004ce8   0x08004ce8   0x00000064   Code   RO         4047    i._ZN4mbed10SerialBaseC1E7PinNameS1_  mbed.ar(SerialBase.o)
    0x08004d4c   0x08004d4c   0x00000006   Code   RO         4238    i._ZN4mbed10TimerEvent3irqEj  mbed.ar(TimerEvent.o)
    0x08004d52   0x08004d52   0x00000010   Code   RO         4239    i._ZN4mbed10TimerEvent6insertEj  mbed.ar(TimerEvent.o)
    0x08004d62   0x08004d62   0x0000000a   Code   RO         4240    i._ZN4mbed10TimerEvent6removeEv  mbed.ar(TimerEvent.o)
    0x08004d6c   0x08004d6c   0x00000028   Code   RO         4242    i._ZN4mbed10TimerEventC2Ev  mbed.ar(TimerEvent.o)
    0x08004d94   0x08004d94   0x00000018   Code   RO         4244    i._ZN4mbed10TimerEventD2Ev  mbed.ar(TimerEvent.o)
    0x08004dac   0x08004dac   0x00000042   Code   RO         3949    i._ZN4mbed11InterruptIn12_irq_handlerEj14gpio_irq_event  mbed.ar(InterruptIn.o)
    0x08004dee   0x08004dee   0x00000022   Code   RO         3950    i._ZN4mbed11InterruptIn4fallEPFvvE  mbed.ar(InterruptIn.o)
    0x08004e10   0x08004e10   0x00000022   Code   RO         3953    i._ZN4mbed11InterruptIn4riseEPFvvE  mbed.ar(InterruptIn.o)
    0x08004e32   0x08004e32   0x00000002   PAD
    0x08004e34   0x08004e34   0x00000044   Code   RO         3954    i._ZN4mbed11InterruptInC1E7PinName  mbed.ar(InterruptIn.o)
    0x08004e78   0x08004e78   0x00000018   Code   RO         3956    i._ZN4mbed11InterruptInD1Ev  mbed.ar(InterruptIn.o)
    0x08004e90   0x08004e90   0x00000054   Code   RO         1465    i._ZN4mbed12DigitalInOut5writeEi  dht22.o
    0x08004ee4   0x08004ee4   0x00000050   Code   RO         1459    i._ZN4mbed12DigitalInOutcviEv  dht22.o
    0x08004f34   0x08004f34   0x00000006   Code   RO         1635    i._ZN4mbed26mbed_set_unbuffered_streamEPSt6__FILE  retarget.o
    0x08004f3a   0x08004f3a   0x00000002   PAD
    0x08004f3c   0x08004f3c   0x00000048   Code   RO         3856    i._ZN4mbed3I2C5writeEiPKcib  mbed.ar(I2C.o)
    0x08004f84   0x08004f84   0x00000024   Code   RO         3859    i._ZN4mbed3I2CC1E7PinNameS1_  mbed.ar(I2C.o)
    0x08004fa8   0x08004fa8   0x0000001e   Code   RO         4176    i._ZN4mbed5Timer4stopEv  mbed.ar(Timer.o)
    0x08004fc6   0x08004fc6   0x00000012   Code   RO         4177    i._ZN4mbed5Timer5resetEv  mbed.ar(Timer.o)
    0x08004fd8   0x08004fd8   0x0000001a   Code   RO         4178    i._ZN4mbed5Timer5startEv  mbed.ar(Timer.o)
    0x08004ff2   0x08004ff2   0x00000018   Code   RO         4180    i._ZN4mbed5Timer7read_usEv  mbed.ar(Timer.o)
    0x0800500a   0x0800500a   0x0000001e   Code   RO         4183    i._ZN4mbed5TimerC1Ev  mbed.ar(Timer.o)
    0x08005028   0x08005028   0x0000001c   Code   RO           84    i._ZN4mbed6PwmOut6periodEf  main.o
    0x08005044   0x08005044   0x00000022   Code   RO           78    i._ZN4mbed6PwmOutaSEf  main.o
    0x08005066   0x08005066   0x00000002   PAD
    0x08005068   0x08005068   0x00000024   Code   RO         3993    i._ZN4mbed6SerialC1E7PinNameS1_PKc  mbed.ar(Serial.o)
    0x0800508c   0x0800508c   0x0000000c   Code   RO         4012    i._ZN4mbed6SerialD1Ev  mbed.ar(Serial.o)
    0x08005098   0x08005098   0x00000004   Code   RO         4109    i._ZN4mbed6Stream5closeEv  mbed.ar(Stream.o)
    0x0800509c   0x0800509c   0x00000004   Code   RO         4111    i._ZN4mbed6Stream5lseekEli  mbed.ar(Stream.o)
    0x080050a0   0x080050a0   0x0000002c   Code   RO         4113    i._ZN4mbed6Stream5writeEPKvj  mbed.ar(Stream.o)
    0x080050cc   0x080050cc   0x0000001e   Code   RO         4115    i._ZN4mbed6Stream6printfEPKcz  mbed.ar(Stream.o)
    0x080050ea   0x080050ea   0x00000002   PAD
    0x080050ec   0x080050ec   0x00000040   Code   RO         4118    i._ZN4mbed6StreamC2EPKc  mbed.ar(Stream.o)
    0x0800512c   0x0800512c   0x00000020   Code   RO         4120    i._ZN4mbed6StreamD2Ev  mbed.ar(Stream.o)
    0x0800514c   0x0800514c   0x00000020   Code   RO         4213    i._ZN4mbed6Ticker5setupEj  mbed.ar(Ticker.o)
    0x0800516c   0x0800516c   0x0000003c   Code   RO           30    i._ZN4mbed6Ticker6attachEPFvvEf  main.o
    0x080051a8   0x080051a8   0x00000010   Code   RO         4214    i._ZN4mbed6Ticker6detachEv  mbed.ar(Ticker.o)
    0x080051b8   0x080051b8   0x00000034   Code   RO         4215    i._ZN4mbed6Ticker7handlerEv  mbed.ar(Ticker.o)
    0x080051ec   0x080051ec   0x0000002c   Code   RO           72    i._ZN4mbed6TickerC1Ev  main.o
    0x08005218   0x08005218   0x00000024   Code   RO         4227    i._ZN4mbed6TickerD1Ev  mbed.ar(Ticker.o)
    0x0800523c   0x0800523c   0x0000001c   Code   RO         4084    i._ZN4mbed7Timeout7handlerEv  mbed.ar(Timeout.o)
    0x08005258   0x08005258   0x0000001c   Code   RO         4092    i._ZN4mbed7TimeoutD1Ev  mbed.ar(Timeout.o)
    0x08005274   0x08005274   0x00000004   Code   RO         4398    i._ZN4mbed8FileBase11getPathTypeEv  mbed.ar(FileBase.o)
    0x08005278   0x08005278   0x00000038   Code   RO         4400    i._ZN4mbed8FileBase6lookupEPKcj  mbed.ar(FileBase.o)
    0x080052b0   0x080052b0   0x00000024   Code   RO         4402    i._ZN4mbed8FileBaseC1EPKcNS_8PathTypeE  mbed.ar(FileBase.o)
    0x080052d4   0x080052d4   0x00000038   Code   RO         4404    i._ZN4mbed8FileBaseD1Ev  mbed.ar(FileBase.o)
    0x0800530c   0x0800530c   0x00000024   Code   RO         4430    i._ZN4mbed8FileLikeC2EPKc  mbed.ar(FileLike.o)
    0x08005330   0x08005330   0x00000012   Code   RO         4432    i._ZN4mbed8FileLikeD2Ev  mbed.ar(FileLike.o)
    0x08005342   0x08005342   0x00000018   Code   RO         3824    i._ZN4mbed8FilePath10fileSystemEv  mbed.ar(FilePath.o)
    0x0800535a   0x0800535a   0x0000001c   Code   RO         3826    i._ZN4mbed8FilePath4fileEv  mbed.ar(FilePath.o)
    0x08005376   0x08005376   0x0000000a   Code   RO         3827    i._ZN4mbed8FilePath6existsEv  mbed.ar(FilePath.o)
    0x08005380   0x08005380   0x00000018   Code   RO         3828    i._ZN4mbed8FilePath6isFileEv  mbed.ar(FilePath.o)
    0x08005398   0x08005398   0x00000004   Code   RO         3829    i._ZN4mbed8FilePath8fileNameEv  mbed.ar(FilePath.o)
    0x0800539c   0x0800539c   0x00000040   Code   RO         3830    i._ZN4mbed8FilePathC1EPKc  mbed.ar(FilePath.o)
    0x080053dc   0x080053dc   0x00000004   Code   RO         5246    i._ZNKSt14__rw_exception4whatEv  cpp_ws.l(rwstdexcept.o)
    0x080053e0   0x080053e0   0x00000072   Code   RO         5824    i._ZNKSt18__rw_messages_base11_C_cat_openERKSsRKSt6locale  cpp_ws.l(messages.o)
    0x08005452   0x08005452   0x00000020   Code   RO         5827    i._ZNKSt18__rw_messages_base13_C_get_localeEi  cpp_ws.l(messages.o)
    0x08005472   0x08005472   0x00000034   Code   RO         5828    i._ZNKSt18__rw_messages_base14_C_get_messageEiii  cpp_ws.l(messages.o)
    0x080054a6   0x080054a6   0x0000000e   Code   RO         5533    i._ZNKSt5ctypeIcE2isENSt10ctype_base4maskEc  cpp_ws.l(char.o)
    0x080054b4   0x080054b4   0x00000108   Code   RO         5652    i._ZNKSt6locale13_C_make_facetERKNS_2idEbiPFPN4__rw15__rw_facet_baseEiPKcjE  cpp_ws.l(locale.o)
    0x080055bc   0x080055bc   0x00000074   Code   RO         5654    i._ZNKSt6locale16_C_install_facetEPN4__rw15__rw_facet_baseERKNS_2idE  cpp_ws.l(locale.o)
    0x08005630   0x08005630   0x00000030   Code   RO         5655    i._ZNKSt6locale4nameEv  cpp_ws.l(locale.o)
    0x08005660   0x08005660   0x0000000c   Code   RO         5508    i._ZNSt11char_traitsIcE4copyEPcPKcj  cpp_ws.l(char.o)
    0x0800566c   0x0800566c   0x000000cc   Code   RO         5394    i._ZNSt12ctype_bynameIcE17_C_get_mask_tableEPKc  cpp_ws.l(char.o)
    0x08005738   0x08005738   0x00000120   Code   RO         5396    i._ZNSt12ctype_bynameIcEC1EPKcj  cpp_ws.l(char.o)
    0x08005858   0x08005858   0x0000000e   Code   RO         5640    i._ZNSt12ctype_bynameIcED0Ev  cpp_ws.l(char.o)
    0x08005866   0x08005866   0x00000008   Code   RO         5637    i._ZNSt12ctype_bynameIcED1Ev  cpp_ws.l(char.o)
    0x0800586e   0x0800586e   0x00000002   PAD
    0x08005870   0x08005870   0x00000084   Code   RO         5130    i._ZNSt14__rw_exception10_C_vformatEiSt9__va_list  cpp_ws.l(rwstdexcept.o)
    0x080058f4   0x080058f4   0x00000014   Code   RO         5196    i._ZNSt14__rw_exceptionC1Ev  cpp_ws.l(rwstdexcept.o)
    0x08005908   0x08005908   0x0000001c   Code   RO         5240    i._ZNSt14__rw_exceptionD1Ev  cpp_ws.l(rwstdexcept.o)
    0x08005924   0x08005924   0x00000008   Code   RO         5193    i._ZNSt18__rw_messages_baseD1Ev  cpp_ws.l(rwstdexcept.o)
    0x0800592c   0x0800592c   0x0000001a   Code   RO         5864    i._ZNSt18__rw_open_cat_dataC1Ev  cpp_ws.l(messages.o)
    0x08005946   0x08005946   0x0000000c   Code   RO         5861    i._ZNSt18__rw_open_cat_dataD1Ev  cpp_ws.l(messages.o)
    0x08005952   0x08005952   0x00000012   Code   RO         5867    i._ZNSt18__rw_open_cat_dataaSERKS_  cpp_ws.l(messages.o)
    0x08005964   0x08005964   0x000000fa   Code   RO         5398    i._ZNSt5ctypeIcE12_C_initfacetERKSt6locale  cpp_ws.l(char.o)
    0x08005a5e   0x08005a5e   0x00000002   PAD
    0x08005a60   0x08005a60   0x00000118   Code   RO         5400    i._ZNSt5ctypeIcEC1EPKNSt10ctype_base4maskEbj  cpp_ws.l(char.o)
    0x08005b78   0x08005b78   0x0000000e   Code   RO         5536    i._ZNSt5ctypeIcED0Ev  cpp_ws.l(char.o)
    0x08005b86   0x08005b86   0x00000002   PAD
    0x08005b88   0x08005b88   0x0000002c   Code   RO         5465    i._ZNSt5ctypeIcED1Ev  cpp_ws.l(char.o)
    0x08005bb4   0x08005bb4   0x0000000e   Code   RO         5237    i._ZNSt6locale5facetD0Ev  cpp_ws.l(rwstdexcept.o)
    0x08005bc2   0x08005bc2   0x00000002   PAD
    0x08005bc4   0x08005bc4   0x00000084   Code   RO         5658    i._ZNSt6locale7_C_initEv  cpp_ws.l(locale.o)
    0x08005c48   0x08005c48   0x00000044   Code   RO         5660    i._ZNSt6locale7classicEv  cpp_ws.l(locale.o)
    0x08005c8c   0x08005c8c   0x00000020   Code   RO         5790    i._ZNSt6localeC1EPN4__rw15__rw_locale_impE  cpp_ws.l(locale.o)
    0x08005cac   0x08005cac   0x0000000c   Code   RO         5870    i._ZNSt6localeC1ERKS_  cpp_ws.l(messages.o)
    0x08005cb8   0x08005cb8   0x00000020   Code   RO         5189    i._ZNSt6localeC1Ev  cpp_ws.l(rwstdexcept.o)
    0x08005cd8   0x08005cd8   0x00000020   Code   RO         5765    i._ZNSt6localeD1Ev  cpp_ws.l(locale.o)
    0x08005cf8   0x08005cf8   0x00000032   Code   RO         5668    i._ZNSt6localeaSERKS_  cpp_ws.l(locale.o)
    0x08005d2a   0x08005d2a   0x0000000e   Code   RO         5211    i._ZNSt8messagesIcED0Ev  cpp_ws.l(rwstdexcept.o)
    0x08005d38   0x08005d38   0x00000010   Code   RO         5180    i._ZNSt8messagesIcED1Ev  cpp_ws.l(rwstdexcept.o)
    0x08005d48   0x08005d48   0x0000000c   Code   RO         5886    i._ZNSt9exceptionC1Ev  cpprt_w.l(exception_ctor.o)
    0x08005d54   0x08005d54   0x0000003c   Code   RO         5845    i._ZSt13__rw_get_catsv  cpp_ws.l(messages.o)
    0x08005d90   0x08005d90   0x0000000c   Code   RO         1178    i._ZSt3absf         motordriver.o
    0x08005d9c   0x08005d9c   0x00000006   Code   RO         3995    i._ZThn84_N4mbed6Serial5_putcEi  mbed.ar(Serial.o)
    0x08005da2   0x08005da2   0x00000008   Code   RO         5876    i._ZdaPv            cpprt_w.l(array_del.o)
    0x08005daa   0x08005daa   0x00000008   Code   RO         4650    i._ZdlPv            cpprt_w.l(delete.o)
    0x08005db2   0x08005db2   0x00000008   Code   RO         5879    i._Znaj             cpprt_w.l(array_new.o)
    0x08005dba   0x08005dba   0x00000002   PAD
    0x08005dbc   0x08005dbc   0x00000028   Code   RO         4653    i._Znwj             cpprt_w.l(new.o)
    0x08005de4   0x08005de4   0x0000001c   Code   RO         5080    i.__0fprintf        mc_w.l(printfa.o)
    0x08005e00   0x08005e00   0x00000028   Code   RO         5083    i.__0sprintf        mc_w.l(printfa.o)
    0x08005e28   0x08005e28   0x00000018   Code   RO         5084    i.__0vfprintf       mc_w.l(printfa.o)
    0x08005e40   0x08005e40   0x0000002c   Code   RO         5086    i.__0vsnprintf      mc_w.l(printfa.o)
    0x08005e6c   0x08005e6c   0x00000092   Code   RO         6151    i.__ARM_array_new_general  cpprt_w.l(array_new_general.o)
    0x08005efe   0x08005efe   0x00000024   Code   RO         4763    i.__aeabi_vec_ctor_nocookie_nodtor  cpprt_w.l(aeabi_vec_ctor_nocookie_nodtor.o)
    0x08005f22   0x08005f22   0x00000010   Code   RO         6063    i.__aeabi_vec_dtor_cookie  cpprt_w.l(aeabi_vec_dtor_cookie.o)
    0x08005f32   0x08005f32   0x00000014   Code   RO         6060    i.__aeabi_vec_new_cookie  cpprt_w.l(aeabi_vec_new_cookie.o)
    0x08005f46   0x08005f46   0x00000010   Code   RO         6048    i.__cxa_guard_acquire  cpprt_w.l(cxa_guard_acquire.o)
    0x08005f56   0x08005f56   0x00000006   Code   RO         4657    i.__cxa_pure_virtual  cpprt_w.l(pure_virt.o)
    0x08005f5c   0x08005f5c   0x00000018   Code   RO         6137    i.__cxa_vec_new     cpprt_w.l(cxa_vec_new.o)
    0x08005f74   0x08005f74   0x0000000e   Code   RO         6172    i.__scatterload_copy  mc_w.l(handlers.o)
    0x08005f82   0x08005f82   0x00000002   Code   RO         6173    i.__scatterload_null  mc_w.l(handlers.o)
    0x08005f84   0x08005f84   0x0000000e   Code   RO         6174    i.__scatterload_zeroinit  mc_w.l(handlers.o)
    0x08005f92   0x08005f92   0x00000002   PAD
    0x08005f94   0x08005f94   0x00000010   Code   RO         5669    i.__sti___10_locale_cpp_ff99fc7b  cpp_ws.l(locale.o)
    0x08005fa4   0x08005fa4   0x00000038   Code   RO         5961    i.__sti___10_rwcats_cpp_64e8068e  cpp_ws.l(rwcats.o)
    0x08005fdc   0x08005fdc   0x00000010   Code   RO         5402    i.__sti___8_char_cpp_a3dc957a  cpp_ws.l(char.o)
    0x08005fec   0x08005fec   0x0000001e   Code   RO         4808    i._fclose$full      mc_w.l(fclose_f.o)
    0x0800600a   0x0800600a   0x00000018   Code   RO         4810    i._fflush$full      mc_w.l(fflush_f.o)
    0x08006022   0x08006022   0x00000034   Code   RO         4804    i._fopen$full       mc_w.l(fopen_f.o)
    0x08006056   0x08006056   0x00000002   PAD
    0x08006058   0x08006058   0x00000184   Code   RO         5088    i._fp_digits        mc_w.l(printfa.o)
    0x080061dc   0x080061dc   0x0000005e   Code   RO         4805    i._freopen$full     mc_w.l(fopen_f.o)
    0x0800623a   0x0800623a   0x0000000e   Code   RO         5359    i._is_digit         mc_w.l(scanf_fp.o)
    0x08006248   0x08006248   0x000006dc   Code   RO         5089    i._printf_core      mc_w.l(printfa.o)
    0x08006924   0x08006924   0x00000024   Code   RO         5090    i._printf_post_padding  mc_w.l(printfa.o)
    0x08006948   0x08006948   0x0000002e   Code   RO         5091    i._printf_pre_padding  mc_w.l(printfa.o)
    0x08006976   0x08006976   0x00000016   Code   RO         5092    i._snputc           mc_w.l(printfa.o)
    0x0800698c   0x0800698c   0x0000000a   Code   RO         5093    i._sputc            mc_w.l(printfa.o)
    0x08006996   0x08006996   0x00000002   PAD
    0x08006998   0x08006998   0x0000002c   Code   RO         1638    i._sys_close        retarget.o
    0x080069c4   0x080069c4   0x000000e4   Code   RO         1643    i._sys_open         retarget.o
    0x08006aa8   0x08006aa8   0x00000028   Code   RO         1645    i._sys_seek         retarget.o
    0x08006ad0   0x08006ad0   0x00000060   Code   RO         1646    i._sys_write        retarget.o
    0x08006b30   0x08006b30   0x00000018   Code   RO         4455    i.error             mbed.ar(error.o)
    0x08006b48   0x08006b48   0x00000020   Code   RO         1648    i.exit              retarget.o
    0x08006b68   0x08006b68   0x00000050   Code   RO         5323    i.free              mc_w.l(malloc.o)
    0x08006bb8   0x08006bb8   0x00000008   Code   RO         4299    i.get_us_ticker_data  mbed.ar(us_ticker_api.o)
    0x08006bc0   0x08006bc0   0x00000054   Code   RO         3738    i.gpio_dir          mbed.ar(gpio_api.o)
    0x08006c14   0x08006c14   0x0000003a   Code   RO         3739    i.gpio_init         mbed.ar(gpio_api.o)
    0x08006c4e   0x08006c4e   0x00000028   Code   RO         4270    i.gpio_init_in      mbed.ar(gpio.o)
    0x08006c76   0x08006c76   0x00000002   PAD
    0x08006c78   0x08006c78   0x0000004c   Code   RO         4273    i.gpio_init_out     mbed.ar(gpio.o)
    0x08006cc4   0x08006cc4   0x0000006c   Code   RO         4274    i.gpio_init_out_ex  mbed.ar(gpio.o)
    0x08006d30   0x08006d30   0x00000008   Code   RO         3704    i.gpio_irq0         mbed.ar(gpio_irq_api.o)
    0x08006d38   0x08006d38   0x00000008   Code   RO         3705    i.gpio_irq1         mbed.ar(gpio_irq_api.o)
    0x08006d40   0x08006d40   0x00000008   Code   RO         3706    i.gpio_irq2         mbed.ar(gpio_irq_api.o)
    0x08006d48   0x08006d48   0x00000008   Code   RO         3707    i.gpio_irq3         mbed.ar(gpio_irq_api.o)
    0x08006d50   0x08006d50   0x00000008   Code   RO         3708    i.gpio_irq4         mbed.ar(gpio_irq_api.o)
    0x08006d58   0x08006d58   0x00000008   Code   RO         3709    i.gpio_irq5         mbed.ar(gpio_irq_api.o)
    0x08006d60   0x08006d60   0x00000008   Code   RO         3710    i.gpio_irq6         mbed.ar(gpio_irq_api.o)
    0x08006d68   0x08006d68   0x0000004c   Code   RO         3713    i.gpio_irq_free     mbed.ar(gpio_irq_api.o)
    0x08006db4   0x08006db4   0x00000144   Code   RO         3714    i.gpio_irq_init     mbed.ar(gpio_irq_api.o)
    0x08006ef8   0x08006ef8   0x00000072   Code   RO         3715    i.gpio_irq_set      mbed.ar(gpio_irq_api.o)
    0x08006f6a   0x08006f6a   0x00000008   Code   RO         3740    i.gpio_mode         mbed.ar(gpio_api.o)
    0x08006f72   0x08006f72   0x00000002   PAD
    0x08006f74   0x08006f74   0x00000080   Code   RO         3716    i.handle_interrupt_in  mbed.ar(gpio_irq_api.o)
    0x08006ff4   0x08006ff4   0x0000008c   Code   RO         4330    i.i2c_frequency     mbed.ar(i2c_api.o)
    0x08007080   0x08007080   0x000001f4   Code   RO         4331    i.i2c_init          mbed.ar(i2c_api.o)
    0x08007274   0x08007274   0x00000134   Code   RO         4339    i.i2c_write         mbed.ar(i2c_api.o)
    0x080073a8   0x080073a8   0x0000006c   Code   RO         5324    i.malloc            mc_w.l(malloc.o)
    0x08007414   0x08007414   0x00000040   Code   RO         4208    i.mbed_assert_internal  mbed.ar(assert.o)
    0x08007454   0x08007454   0x0000006c   Code   RO         1593    i.mbed_die          board.o
    0x080074c0   0x080074c0   0x00000002   Code   RO         1649    i.mbed_main         retarget.o
    0x080074c2   0x080074c2   0x0000000e   Code   RO         1624    i.mbed_sdk_init     mbed_overrides.o
    0x080074d0   0x080074d0   0x0000006c   Code   RO         4367    i.pin_function      mbed.ar(pinmap.o)
    0x0800753c   0x0800753c   0x00000058   Code   RO         4368    i.pin_mode          mbed.ar(pinmap.o)
    0x08007594   0x08007594   0x00000060   Code   RO         4465    i.pinmap_function   mbed.ar(pinmap_common.o)
    0x080075f4   0x080075f4   0x0000003c   Code   RO         4466    i.pinmap_merge      mbed.ar(pinmap_common.o)
    0x08007630   0x08007630   0x00000060   Code   RO         4467    i.pinmap_peripheral  mbed.ar(pinmap_common.o)
    0x08007690   0x08007690   0x0000005c   Code   RO         4468    i.pinmap_pinout     mbed.ar(pinmap_common.o)
    0x080076ec   0x080076ec   0x00000188   Code   RO         3754    i.pwmout_init       mbed.ar(pwmout_api.o)
    0x08007874   0x08007874   0x00000018   Code   RO         3755    i.pwmout_period     mbed.ar(pwmout_api.o)
    0x0800788c   0x0800788c   0x00000138   Code   RO         3757    i.pwmout_period_us  mbed.ar(pwmout_api.o)
    0x080079c4   0x080079c4   0x000000c4   Code   RO         3762    i.pwmout_write      mbed.ar(pwmout_api.o)
    0x08007a88   0x08007a88   0x00000040   Code   RO         3781    i.serial_baud       mbed.ar(serial_api.o)
    0x08007ac8   0x08007ac8   0x000001b0   Code   RO         3788    i.serial_init       mbed.ar(serial_api.o)
    0x08007c78   0x08007c78   0x00000018   Code   RO         3789    i.serial_irq_handler  mbed.ar(serial_api.o)
    0x08007c90   0x08007c90   0x00000024   Code   RO         3792    i.serial_putc       mbed.ar(serial_api.o)
    0x08007cb4   0x08007cb4   0x0000003e   Code   RO         4482    i.ticker_insert_event  mbed.ar(ticker_api.o)
    0x08007cf2   0x08007cf2   0x0000004e   Code   RO         4483    i.ticker_irq_handler  mbed.ar(ticker_api.o)
    0x08007d40   0x08007d40   0x00000006   Code   RO         4484    i.ticker_read       mbed.ar(ticker_api.o)
    0x08007d46   0x08007d46   0x0000003c   Code   RO         4485    i.ticker_remove_event  mbed.ar(ticker_api.o)
    0x08007d82   0x08007d82   0x00000012   Code   RO         4486    i.ticker_set_handler  mbed.ar(ticker_api.o)
    0x08007d94   0x08007d94   0x00000054   Code   RO         1613    i.timer_irq_handler  hal_tick.o
    0x08007de8   0x08007de8   0x00000010   Code   RO         4380    i.us_ticker_clear_interrupt  mbed.ar(us_ticker.o)
    0x08007df8   0x08007df8   0x00000014   Code   RO         4381    i.us_ticker_disable_interrupt  mbed.ar(us_ticker.o)
    0x08007e0c   0x08007e0c   0x00000028   Code   RO         4382    i.us_ticker_init    mbed.ar(us_ticker.o)
    0x08007e34   0x08007e34   0x0000000c   Code   RO         4300    i.us_ticker_irq_handler  mbed.ar(us_ticker_api.o)
    0x08007e40   0x08007e40   0x00000030   Code   RO         4383    i.us_ticker_read    mbed.ar(us_ticker.o)
    0x08007e70   0x08007e70   0x00000014   Code   RO         4384    i.us_ticker_set_interrupt  mbed.ar(us_ticker.o)
    0x08007e84   0x08007e84   0x00000028   Code   RO         4287    i.wait              mbed.ar(wait_api.o)
    0x08007eac   0x08007eac   0x0000001c   Code   RO         4288    i.wait_ms           mbed.ar(wait_api.o)
    0x08007ec8   0x08007ec8   0x00000018   Code   RO         4289    i.wait_us           mbed.ar(wait_api.o)
    0x08007ee0   0x08007ee0   0x00000014   Code   RO         5517    t._ZN4__rw12__string_refIcSt11char_traitsIcESaIcEE10_C_inc_refEv  cpp_ws.l(char.o)
    0x08007ef4   0x08007ef4   0x00000046   Code   RO         5202    t._ZN4__rw16__rw_facet_makerISt5ctypeIcEE13_C_maker_funcEiPKcj  cpp_ws.l(rwstdexcept.o)
    0x08007f3a   0x08007f3a   0x00000056   Code   RO         5768    t._ZN4__rw18__rw_locale_vectorIPNS_15__rw_facet_baseEE6resizeEjRKS2_  cpp_ws.l(locale.o)
    0x08007f90   0x08007f90   0x0000000e   Code   RO         5780    t._ZN4__rw18__rw_locale_vectorIPNS_15__rw_facet_baseEED1Ev  cpp_ws.l(locale.o)
    0x08007f9e   0x08007f9e   0x0000000e   Code   RO         5977    t._ZN4__rw18__rw_locale_vectorIPNS_8__rw_catEED1Ev  cpp_ws.l(rwcats.o)
    0x08007fac   0x08007fac   0x00000014   Code   RO         5783    t._ZN4__rw18__rw_locale_vectorISsED1Ev  cpp_ws.l(locale.o)
    0x08007fc0   0x08007fc0   0x00000088   Code   RO         5851    t._ZN4__rw18__rw_locale_vectorISt18__rw_open_cat_dataE6resizeEj  cpp_ws.l(messages.o)
    0x08008048   0x08008048   0x00000014   Code   RO         5857    t._ZN4__rw18__rw_locale_vectorISt18__rw_open_cat_dataED1Ev  cpp_ws.l(messages.o)
    0x0800805c   0x0800805c   0x00000034   Code   RO         1541    t._ZN4mbed19FunctionPointerArg1IvvE12membercallerI6HCSR04EEvPvPj  hcsr04.o
    0x08008090   0x08008090   0x00000008   Code   RO           90    t._ZN4mbed19FunctionPointerArg1IvvE6attachEPFvvE  main.o
    0x08008098   0x08008098   0x00000018   Code   RO         1535    t._ZN4mbed19FunctionPointerArg1IvvE6attachI6HCSR04EEvPT_MS4_FvvE  hcsr04.o
    0x080080b0   0x080080b0   0x00000008   Code   RO          159    t._ZNKSt6vectorIhSaIhEE3endEv  main.o
    0x080080b8   0x080080b8   0x00000016   Code   RO          114    t._ZNKSt6vectorIhSaIhEE4sizeEv  main.o
    0x080080ce   0x080080ce   0x00000008   Code   RO          165    t._ZNKSt6vectorIhSaIhEE5beginEv  main.o
    0x080080d6   0x080080d6   0x00000002   PAD
    0x080080d8   0x080080d8   0x00000090   Code   RO         5174    t._ZNKSt8messagesIcE6do_getEiiiRKSs  cpp_ws.l(rwstdexcept.o)
    0x08008168   0x08008168   0x00000006   Code   RO         5199    t._ZNKSt8messagesIcE7do_openERKSsRKSt6locale  cpp_ws.l(rwstdexcept.o)
    0x0800816e   0x0800816e   0x00000014   Code   RO          120    t._ZNSaIhE10deallocateEPhj  main.o
    0x08008182   0x08008182   0x00000016   Code   RO           42    t._ZNSaIhE9constructEPhRKh  main.o
    0x08008198   0x08008198   0x00000032   Code   RO         5737    t._ZNSs11_C_allocateEjjj  cpp_ws.l(locale.o)
    0x080081ca   0x080081ca   0x00000018   Code   RO         5777    t._ZNSs7replaceEjjPKcj  cpp_ws.l(locale.o)
    0x080081e2   0x080081e2   0x00000002   PAD
    0x080081e4   0x080081e4   0x00000168   Code   RO         5455    t._ZNSs7replaceEjjPKcjjj  cpp_ws.l(char.o)
    0x0800834c   0x0800834c   0x00000074   Code   RO         5443    t._ZNSs9_C_getRepEjj  cpp_ws.l(char.o)
    0x080083c0   0x080083c0   0x00000048   Code   RO         5452    t._ZNSs9_C_unlinkEv  cpp_ws.l(char.o)
    0x08008408   0x08008408   0x00000038   Code   RO         5740    t._ZNSsC1EPKcRKSaIcE  cpp_ws.l(locale.o)
    0x08008440   0x08008440   0x00000010   Code   RO         5774    t._ZNSsC1ERKSaIcE   cpp_ws.l(locale.o)
    0x08008450   0x08008450   0x0000003e   Code   RO         5446    t._ZNSsC1ERKSs      cpp_ws.l(char.o)
    0x0800848e   0x0800848e   0x0000000c   Code   RO         5526    t._ZNSsD1Ev         cpp_ws.l(char.o)
    0x0800849a   0x0800849a   0x00000002   PAD
    0x0800849c   0x0800849c   0x0000004c   Code   RO         5746    t._ZNSsaSEPKc       cpp_ws.l(locale.o)
    0x080084e8   0x080084e8   0x0000003e   Code   RO         5743    t._ZNSsaSERKSs      cpp_ws.l(locale.o)
    0x08008526   0x08008526   0x00000012   Code   RO           36    t._ZNSt6vectorIhSaIhEE10_C_destroyEPhS2_  main.o
    0x08008538   0x08008538   0x00000198   Code   RO           66    t._ZNSt6vectorIhSaIhEE13_C_insert_auxEPhjRKh  main.o
    0x080086d0   0x080086d0   0x00000008   Code   RO          102    t._ZNSt6vectorIhSaIhEE3endEv  main.o
    0x080086d8   0x080086d8   0x00000008   Code   RO          108    t._ZNSt6vectorIhSaIhEE5beginEv  main.o
    0x080086e0   0x080086e0   0x00000066   Code   RO          180    t._ZNSt6vectorIhSaIhEE5eraseEPhS2_  main.o
    0x08008746   0x08008746   0x0000005c   Code   RO          171    t._ZNSt6vectorIhSaIhEE6resizeEjh  main.o
    0x080087a2   0x080087a2   0x00000010   Code   RO         1058    t._ZNSt6vectorIhSaIhEEixEj  adafruit_ssd1306.o
    0x080087b2   0x080087b2   0x0000002c   Code   RO           48    t._ZSt18uninitialized_copyIPhS0_SaIhEET0_T_S3_S2_RT1_  main.o
    0x080087de   0x080087de   0x0000002a   Code   RO           54    t._ZSt20uninitialized_fill_nIPhjhSaIhEEvT_T0_RKT1_RT2_  main.o
    0x08008808   0x08008808   0x0000000c   Code   RO         5520    t._ZSt3maxIjERKT_S2_S2_  cpp_ws.l(char.o)
    0x08008814   0x08008814   0x0000000e   Code   RO           60    t._ZSt4fillIPhhEvT_S1_RKT0_  main.o
    0x08008822   0x08008822   0x00000002   PAD
    0x08008824   0x08008824   0x00000400   Data   RO         1028    .constdata          adafruit_ssd1306.o
    0x08008c24   0x08008c24   0x00000010   Data   RO         1517    .constdata          hcsr04.o
    0x08008c34   0x08008c34   0x00000010   Data   RO         2751    .constdata          stm32f4xx_hal_rcc.o
    0x08008c44   0x08008c44   0x00000010   Data   RO         3691    .constdata          system_stm32f4xx.o
    0x08008c54   0x08008c54   0x00000014   Data   RO         4301    .constdata          mbed.ar(us_ticker_api.o)
    0x08008c68   0x08008c68   0x00000008   Data   RO         4302    .constdata          mbed.ar(us_ticker_api.o)
    0x08008c70   0x08008c70   0x00000048   Data   RO         4313    .constdata          mbed.ar(PeripheralPins.o)
    0x08008cb8   0x08008cb8   0x0000003c   Data   RO         4314    .constdata          mbed.ar(PeripheralPins.o)
    0x08008cf4   0x08008cf4   0x00000168   Data   RO         4315    .constdata          mbed.ar(PeripheralPins.o)
    0x08008e5c   0x08008e5c   0x00000048   Data   RO         4316    .constdata          mbed.ar(PeripheralPins.o)
    0x08008ea4   0x08008ea4   0x00000048   Data   RO         4317    .constdata          mbed.ar(PeripheralPins.o)
    0x08008eec   0x08008eec   0x00000034   Data   RO         4369    .constdata          mbed.ar(pinmap.o)
    0x08008f20   0x08008f20   0x0000005c   Data   RO         5150    .constdata          cpp_ws.l(rwstdexcept.o)
    0x08008f7c   0x08008f7c   0x00000200   Data   RO         5422    .constdata          cpp_ws.l(char.o)
    0x0800917c   0x0800917c   0x00000081   Data   RO         6083    .constdata          mc_w.l(ctype_o.o)
    0x080091fd   0x080091fd   0x00000003   PAD
    0x08009200   0x08009200   0x00000004   Data   RO         6084    .constdata          mc_w.l(ctype_o.o)
    0x08009204   0x08009204   0x00000064   Data   RO          922    .constdata__ZTV12Adafruit_GFX  adafruit_gfx.o
    0x08009268   0x08009268   0x00000074   Data   RO         1048    .constdata__ZTV16Adafruit_SSD1306  adafruit_ssd1306.o
    0x080092dc   0x080092dc   0x00000074   Data   RO          187    .constdata__ZTV20Adafruit_SSD1306_I2c  main.o
    0x08009350   0x08009350   0x0000002c   Data   RO         1745    .constdata__ZTVN4mbed10FileHandleE  retarget.o
    0x0800937c   0x0800937c   0x00000010   Data   RO         4074    .constdata__ZTVN4mbed10SerialBaseE  mbed.ar(SerialBase.o)
    0x0800938c   0x0800938c   0x00000014   Data   RO         4264    .constdata__ZTVN4mbed10TimerEventE  mbed.ar(TimerEvent.o)
    0x080093a0   0x080093a0   0x00000010   Data   RO         3985    .constdata__ZTVN4mbed11InterruptInE  mbed.ar(InterruptIn.o)
    0x080093b0   0x080093b0   0x0000005c   Data   RO         4010    .constdata__ZTVN4mbed6SerialE  mbed.ar(Serial.o)
    0x0800940c   0x0800940c   0x00000044   Data   RO         4169    .constdata__ZTVN4mbed6StreamE  mbed.ar(Stream.o)
    0x08009450   0x08009450   0x00000014   Data   RO         4226    .constdata__ZTVN4mbed6TickerE  mbed.ar(Ticker.o)
    0x08009464   0x08009464   0x00000014   Data   RO         4091    .constdata__ZTVN4mbed7TimeoutE  mbed.ar(Timeout.o)
    0x08009478   0x08009478   0x00000010   Data   RO         4424    .constdata__ZTVN4mbed8FileBaseE  mbed.ar(FileBase.o)
    0x08009488   0x08009488   0x0000003c   Data   RO         4449    .constdata__ZTVN4mbed8FileLikeE  mbed.ar(FileLike.o)
    0x080094c4   0x080094c4   0x00000014   Data   RO         5225    .constdata__ZTVNSt6locale5facetE  cpp_ws.l(rwstdexcept.o)
    0x080094d8   0x080094d8   0x00000034   Data   RO         5604    .constdata__ZTVSt12ctype_bynameIcE  cpp_ws.l(char.o)
    0x0800950c   0x0800950c   0x00000014   Data   RO         5227    .constdata__ZTVSt14__rw_exception  cpp_ws.l(rwstdexcept.o)
    0x08009520   0x08009520   0x00000034   Data   RO         5433    .constdata__ZTVSt5ctypeIcE  cpp_ws.l(char.o)
    0x08009554   0x08009554   0x00000020   Data   RO         5163    .constdata__ZTVSt8messagesIcE  cpp_ws.l(rwstdexcept.o)
    0x08009574   0x08009574   0x00000014   Data   RO         5896    .constdata__ZTVSt9exception  cpprt_w.l(exception_dtor.o)
    0x08009588   0x08009588   0x00000001   Data   RO         5734    .constdata__ZZNK4__rw15__rw_locale_imp16_C_category_nameEiEs  cpp_ws.l(locale.o)
    0x08009589   0x08009589   0x00000001   Data   RO         5441    .constdata__ZZNSs7replaceEjjPKcjjjEs  cpp_ws.l(char.o)
    0x0800958a   0x0800958a   0x00000001   Data   RO         5442    .constdata__ZZNSs9_C_getRepEjjEs  cpp_ws.l(char.o)
    0x0800958b   0x0800958b   0x00000002   Data   RO         5164    .constdata__ZZNSt8messagesIcEC1EjEs  cpp_ws.l(rwstdexcept.o)
    0x0800958d   0x0800958d   0x00000003   PAD
    0x08009590   0x08009590   0x00000042   Data   RO            7    .conststring        main.o
    0x080095d2   0x080095d2   0x00000002   PAD
    0x080095d4   0x080095d4   0x0000006e   Data   RO         1594    .conststring        board.o
    0x08009642   0x08009642   0x00000002   PAD
    0x08009644   0x08009644   0x00000066   Data   RO         3742    .conststring        mbed.ar(gpio_api.o)
    0x080096aa   0x080096aa   0x00000002   PAD
    0x080096ac   0x080096ac   0x00000068   Data   RO         3764    .conststring        mbed.ar(pwmout_api.o)
    0x08009714   0x08009714   0x00000068   Data   RO         3799    .conststring        mbed.ar(serial_api.o)
    0x0800977c   0x0800977c   0x00000065   Data   RO         4341    .conststring        mbed.ar(i2c_api.o)
    0x080097e1   0x080097e1   0x00000003   PAD
    0x080097e4   0x080097e4   0x00000064   Data   RO         4370    .conststring        mbed.ar(pinmap.o)
    0x08009848   0x08009848   0x00000272   Data   RO         5151    .conststring        cpp_ws.l(rwstdexcept.o)
    0x08009aba   0x08009aba   0x00000002   PAD
    0x08009abc   0x08009abc   0x00000020   Data   RO         6171    Region$$Table       anon$$obj.o
    0x08009adc   0x08009adc   0x00000004   Data   RO            9    .init_array         main.o
    0x08009ae0   0x08009adc   0x00000000   Data   RO         5116    .init_array         mc_w.l(cpp_init.o)
    0x08009ae0   0x08009adc   0x00000004   Data   RO         5424    .init_array         cpp_ws.l(char.o)
    0x08009ae4   0x08009adc   0x00000004   Data   RO         5717    .init_array         cpp_ws.l(locale.o)
    0x08009ae8   0x08009adc   0x00000004   Data   RO         5971    .init_array         cpp_ws.l(rwcats.o)


    Execution Region RW_IRAM1 (Exec base: 0x20000194, Load base: 0x08009aec, Size: 0x000011e4, Max: 0x00017e6c, ABSOLUTE, COMPRESSED[0x0000048c])

    Exec Addr    Load Addr    Size         Type   Attr      Idx    E Section Name        Object

    0x20000194   COMPRESSED   0x00000019   Data   RW            8    .data               main.o
    0x200001ad   COMPRESSED   0x000004fb   Data   RW          902    .data               adafruit_gfx.o
    0x200006a8   COMPRESSED   0x00000004   Data   RW         1615    .data               hal_tick.o
    0x200006ac   COMPRESSED   0x00000004   Data   RW         1694    .data               retarget.o
    0x200006b0   COMPRESSED   0x00000004   Data   RW         1781    .data               stm32f4xx_hal.o
    0x200006b4   COMPRESSED   0x00000004   Data   RW         3692    .data               system_stm32f4xx.o
    0x200006b8   COMPRESSED   0x00000044   Data   RW         3718    .data               mbed.ar(gpio_irq_api.o)
    0x200006fc   COMPRESSED   0x00000008   Data   RW         3800    .data               mbed.ar(serial_api.o)
    0x20000704   COMPRESSED   0x00000004   Data   RW         3869    .data               mbed.ar(I2C.o)
    0x20000708   COMPRESSED   0x00000008   Data   RW         4303    .data               mbed.ar(us_ticker_api.o)
    0x20000710   COMPRESSED   0x0000000c   Data   RW         4342    .data               mbed.ar(i2c_api.o)
    0x2000071c   COMPRESSED   0x00000004   Data   RW         4386    .data               mbed.ar(us_ticker.o)
    0x20000720   COMPRESSED   0x00000004   Data   RW         4412    .data               mbed.ar(FileBase.o)
    0x20000724   COMPRESSED   0x00000004   Data   RW         4831    .data               mc_w.l(stderr.o)
    0x20000728   COMPRESSED   0x00000017   Data   RW         5152    .data               cpp_ws.l(rwstdexcept.o)
    0x2000073f   COMPRESSED   0x00000001   PAD
    0x20000740   COMPRESSED   0x00000004   Data   RW         5371    .data               mc_w.l(cpp_dtor.o)
    0x20000744   COMPRESSED   0x0000000c   Data   RW         5374    .data               mc_w.l(cpp_memory.o)
    0x20000750   COMPRESSED   0x00000008   Data   RW         5423    .data               cpp_ws.l(char.o)
    0x20000758   COMPRESSED   0x0000001c   Data   RW         5716    .data               cpp_ws.l(locale.o)
    0x20000774   COMPRESSED   0x00000004   Data   RW         5875    .data               cpp_ws.l(rwthrowproc_noex.o)
    0x20000778   COMPRESSED   0x00000004   Data   RW         5941    .data               mc_w.l(mvars.o)
    0x2000077c   COMPRESSED   0x00000004   Data   RW         5942    .data               mc_w.l(mvars.o)
    0x20000780   COMPRESSED   0x00000008   Data   RW         5970    .data               cpp_ws.l(rwcats.o)
    0x20000788   COMPRESSED   0x00000004   Data   RW         5817    .data__ZZNKSt6locale2id7_C_initEvE9_C_id_gen  cpp_ws.l(locale.o)
    0x2000078c   COMPRESSED   0x0000000c   Data   RW         5873    .data__ZZSt13__rw_get_catsvE11__open_cats  cpp_ws.l(messages.o)
    0x20000798        -       0x0000020c   Zero   RW            6    .bss                main.o
    0x200009a4        -       0x0000003c   Zero   RW         1614    .bss                hal_tick.o
    0x200009e0        -       0x00000040   Zero   RW         1690    .bss                retarget.o
    0x20000a20        -       0x00000214   Zero   RW         3717    .bss                mbed.ar(gpio_irq_api.o)
    0x20000c34        -       0x0000003c   Zero   RW         3763    .bss                mbed.ar(pwmout_api.o)
    0x20000c70        -       0x0000023c   Zero   RW         3798    .bss                mbed.ar(serial_api.o)
    0x20000eac        -       0x0000003c   Zero   RW         4340    .bss                mbed.ar(i2c_api.o)
    0x20000ee8        -       0x0000003c   Zero   RW         4385    .bss                mbed.ar(us_ticker.o)
    0x20000f24        -       0x00000014   Zero   RW         4832    .bss                mc_w.l(stdout_f.o)
    0x20000f38        -       0x00000014   Zero   RW         4833    .bss                mc_w.l(stderr_f.o)
    0x20000f4c   COMPRESSED   0x00000004   PAD
    0x20000f50        -       0x00000018   Zero   RW         5149    .bss                cpp_ws.l(rwstdexcept.o)
    0x20000f68        -       0x00000010   Zero   RW         6044    .bss__ZNSs9__nullrefE  cpp_ws.l(vendor.o)
    0x20000f78        -       0x00000400   Zero   RW         1753    HEAP                startup_stm32f401xe.o


==============================================================================

Image component sizes


      Code (inc. data)   RO Data    RW Data    ZI Data      Debug   Object Name

      3172          4        100       1275          0      16124   adafruit_gfx.o
       980         36       1140          0          0      15738   adafruit_ssd1306.o
       108         28        110          0          0        124   board.o
        52          4          0          0          0        132   cmsis_nvic.o
       424         58          0          0          0       6868   dht22.o
       264         44          0          4         60        256   hal_tick.o
       408         16         16          0          0       7616   hcsr04.o
      3098        438        186         25        524     381817   main.o
        14          0          0          0          0        128   mbed_overrides.o
       420         44          0          0          0     318870   motordriver.o
       514         56         44          4         64       1120   retarget.o
        36          8        404          0       1024        276   startup_stm32f401xe.o
        80         16          0          4          0        356   stm32f4xx_hal.o
        36          6          0          0          0        116   stm32f4xx_hal_cortex.o
       516         22          0          0          0        140   stm32f4xx_hal_gpio.o
       258          8          0          0          0        244   stm32f4xx_hal_i2c.o
         2          0          0          0          0        116   stm32f4xx_hal_msp_template.o
      1832        104         16          0          0        768   stm32f4xx_hal_rcc.o
       900         22          0          0          0        980   stm32f4xx_hal_tim.o
        44          0          0          0          0        116   stm32f4xx_hal_tim_ex.o
       632         14          0          0          0        376   stm32f4xx_hal_uart.o
       544         74         16          4          0        400   system_stm32f4xx.o

    ----------------------------------------------------------------------
     14350       1002       2068       1316       1672     752681   Object Totals
         0          0         32          0          0          0   (incl. Generated)
        16          0          4          0          0          0   (incl. Padding)

    ----------------------------------------------------------------------

      Code (inc. data)   RO Data    RW Data    ZI Data      Debug   Library Member Name

      1824         74        622          8          0       1552   char.o
      1502         80          5         32          0       1760   locale.o
       482         34          0         12          0        784   messages.o
        36          0          0          0          0        144   rwalloc.o
       184         24          4          8          0        400   rwcats.o
      1000         68        792         23         24       1220   rwstdexcept.o
       152         94          0          0          0         72   rwthrowproc_impl_noex.o
         0          0          0          4          0          0   rwthrowproc_noex.o
         0          0          0          0         16          0   vendor.o
        28          0          0          0          0         84   ARM_vec_cleanup_noexceptions.o
        36          0          0          0          0         84   aeabi_vec_ctor_nocookie_nodtor.o
        14          0          0          0          0         80   aeabi_vec_delete_noexceptions.o
        16          0          0          0          0         68   aeabi_vec_dtor_cookie.o
        34          0          0          0          0         84   aeabi_vec_dtor_noexceptions.o
        20          0          0          0          0         80   aeabi_vec_new_cookie.o
        80         12          0          0          0        104   arm_exceptions_globs.o
        60          0          0          0          0        108   arm_exceptions_mem.o
        26          0          0          0          0         76   arm_exceptions_terminate.o
         4          0          0          0          0         68   arm_newhandler_noexceptions.o
         2          0          0          0          0         68   arm_rethrow_noexceptions.o
         8          0          0          0          0         76   array_del.o
         8          0          0          0          0         76   array_new.o
       146          0          0          0          0         96   array_new_general.o
        16          0          0          0          0         68   cxa_guard_acquire.o
        24          6          0          0          0         84   cxa_vec_new.o
         8          0          0          0          0         76   delete.o
        12          6          0          0          0         68   exception_ctor.o
         0          0         20          0          0          0   exception_dtor.o
        40          6          0          0          0         76   new.o
         6          0          0          0          0         68   pure_virt.o
       152         24         16          4          0        476   FileBase.o
        54         10         60          0          0        252   FileLike.o
       154          0          0          0          0        728   FilePath.o
       108         12          0          4          0        260   I2C.o
       226         12         16          0          0        600   InterruptIn.o
         0          0        636          0          0          0   PeripheralPins.o
        54          4         92          0          0        364   Serial.o
       180         14         16          0          0        612   SerialBase.o
       178         16         68          0          0        760   Stream.o
       136          6         20          0          0        524   Ticker.o
        56          4         20          0          0        244   Timeout.o
       128          0          0          0          0        624   Timer.o
        96         12         20          0          0        596   TimerEvent.o
        64         52          0          0          0        116   assert.o
        24          4          0          0          0        128   error.o
       224         36          0          0          0        412   gpio.o
       150         30        102          0          0        388   gpio_api.o
       698        120          0         68        532       1348   gpio_irq_api.o
       948        118        101         12         60        444   i2c_api.o
       404        126        152          0          0        392   pinmap.o
       344        110          0          0          0        508   pinmap_common.o
       924        146        104          0         60        580   pwmout_api.o
       556        128        104          8        572        496   serial_api.o
       224          0          0          0          0        632   ticker_api.o
       144         46          0          4         60        588   us_ticker.o
        20         10         28          8          0        232   us_ticker_api.o
        92          4          0          0          0        384   wait_api.o
        56          8          0          0          0         84   __0sscanf.o
        86          0          0          0          0          0   __dczerorl2.o
        28          0          0          0          0         68   _chval.o
       812          4          0          0          0        112   _scanf.o
       332          0          0          0          0         96   _scanf_int.o
       342          0          0          0          0        100   _scanf_longlong.o
       224          0          0          0          0         96   _scanf_str.o
        64          0          0          0          0         84   _sgetc.o
        46          0          0          0          0         84   aeabi_atexit.o
         8          4          0          4          0         68   cpp_dtor.o
         2          0          0          0          0         68   cpp_final.o
        32         10          0          0          0         80   cpp_init.o
        20          4          0         12          0        136   cpp_memory.o
         2          0          0          0          0         68   cpp_signal.o
         8          4        133          0          0         68   ctype_o.o
        66          0          0          0          0         84   cxa_finalize.o
         0          0          0          0          0          0   entry.o
         0          0          0          0          0          0   entry10a.o
         4          0          0          0          0          0   entry10b.o
         0          0          0          0          0          0   entry11a.o
         8          4          0          0          0          0   entry2.o
         4          0          0          0          0          0   entry5.o
         4          0          0          0          0          0   entry6b.o
         0          0          0          0          0          0   entry7b.o
         4          0          0          0          0          0   entry8a.o
         0          0          0          0          0          0   entry8b.o
         8          4          0          0          0          0   entry9a.o
        30          0          0          0          0         76   fclose_f.o
        24          0          0          0          0         76   fflush_f.o
       146          0          0          0          0        160   fopen_f.o
        40          0          0          0          0         80   fputc_fp.o
        30          0          0          0          0          0   handlers.o
        36          8          0          0          0         68   init.o
        32         12          0          0          0         72   initio_oe.o
        18          0          0          0          0         76   isspace_o.o
         0          0          0          0          0          0   iusefp.o
        30          0          0          0          0         68   llshl.o
        36          0          0          0          0         68   llsshr.o
        32          0          0          0          0         68   llushr.o
       188         20          0          0          0        160   malloc.o
        36          0          0          0          0         68   memcpya.o
        66          0          0          0          0         76   memmove.o
        64          0          0          0          0         76   memmovea.o
        36          0          0          0          0        108   memseta.o
         0          0          0          8          0          0   mvars.o
      2394        100          0          0          0        832   printfa.o
        40          8          0          0          0         84   scanf_char.o
       878         12          0          0          0        216   scanf_fp.o
         2          0          0          0          0         68   setbuf.o
        56          8          0          0          0         84   sscanf.o
         0          0          0          4          0          0   stderr.o
         0          0          0          0         20          0   stderr_f.o
         0          0          0          0         20          0   stdout_f.o
        24          0          0          0          0         68   strcat.o
        28          0          0          0          0         76   strcmp.o
        18          0          0          0          0         68   strcpy.o
        14          0          0          0          0         68   strlen.o
        30          0          0          0          0         80   strncmp.o
        32          0          0          0          0         68   strrchr.o
        44          0          0          0          0         80   uidiv.o
        98          0          0          0          0         92   uldiv.o
        48          0          0          0          0         68   cdrcmple.o
        56          0          0          0          0         88   d2f.o
       334          0          0          0          0        148   dadd.o
       222          0          0          0          0        100   ddiv.o
       186          0          0          0          0        176   depilogue.o
        48          0          0          0          0         68   dfixul.o
        24          0          0          0          0         76   dfltul.o
       228          0          0          0          0         96   dmul.o
        38          0          0          0          0         68   f2d.o
       110          0          0          0          0        168   fepilogue.o

    ----------------------------------------------------------------------
     20098       1658       3144        224       1368      25748   Library Totals
        36          0         13          1          4          0   (incl. Padding)

    ----------------------------------------------------------------------

      Code (inc. data)   RO Data    RW Data    ZI Data      Debug   Library Name

      5180        374       1423         87         40       5932   cpp_ws.l
       588         30         20          0          0       1592   cpprt_w.l
      6338       1044       1555        108       1284      12688   mbed.ar
      6662        210        133         28         40       4480   mc_w.l
      1294          0          0          0          0       1056   mf_w.l

    ----------------------------------------------------------------------
     20098       1658       3144        224       1368      25748   Library Totals

    ----------------------------------------------------------------------

==============================================================================


      Code (inc. data)   RO Data    RW Data    ZI Data      Debug   

     34448       2660       5212       1540       3040     752401   Grand Totals
     34448       2660       5212       1164       3040     752401   ELF Image Totals (compressed)
     34448       2660       5212       1164          0          0   ROM Totals

==============================================================================

    Total RO  Size (Code + RO Data)                39660 (  38.73kB)
    Total RW  Size (RW Data + ZI Data)              4580 (   4.47kB)
    Total ROM Size (Code + RO Data + RW Data)      40824 (  39.87kB)

==============================================================================

