<html>
<body>
<pre>
<h1>µVision Build Log</h1>
<h2>Tool Versions:</h2>
IDE-Version: •ÏVision V5.25.2.0
Copyright (C) 2018 ARM Ltd and ARM Germany GmbH. All rights reserved.
License Information: Eun Seunggyun Ajou Univ. Flex license: MDK-ARM Professional (Eval) (mdk_pro_eval) Operation stops: 13 Sep 2021
 
Tool Versions:
Toolchain:       MDK-ARM Professional (Eval)  Version: 5.25.2.0
Toolchain Path:  C:\Keil_v5\ARM\ARMCC\Bin
C Compiler:      Armcc.exe V5.06 update 6 (build 750)
Assembler:       Armasm.exe V5.06 update 6 (build 750)
Linker/Locator:  ArmLink.exe V5.06 update 6 (build 750)
Library Manager: ArmAr.exe V5.06 update 6 (build 750)
Hex Converter:   FromElf.exe V5.06 update 6 (build 750)
CPU DLL:         SARMCM3.DLL V5.25.2.0
Dialog DLL:      DCM.DLL V1.17.1.0
Target DLL:      STLink\ST-LINKIII-KEIL_SWO.dll V3.0.1.0
Dialog DLL:      TCM.DLL V1.35.1.0
 
<h2>Project:</h2>
C:\Users\dmstm\Desktop\ITSoftware\Template\F401RE_mbed_Template-20210831T234416Z-001\Team Project 2\Nucleo_blink_led.uvprojx
Project File Date:  09/09/2021

<h2>Output:</h2>
*** Using Compiler 'V5.06 update 6 (build 750)', folder: 'C:\Keil_v5\ARM\ARMCC\Bin'
*** Warning: Using Microlib and C++ file(s) might cause the linker to fail !
  
Rebuild target 'mbed NUCLEO_F401RE'
compiling Adafruit_GFX.cpp...
compiling Adafruit_SSD1306.cpp...
C:\Keil_v5\ARM\PACK\Keil\STM32F4xx_DFP\2.15.0\Drivers\CMSIS\Device\ST\STM32F4xx\Include\stm32f401xc.h(52): warning:  #47-D: incompatible redefinition of macro "__FPU_PRESENT" 
  #define __FPU_PRESENT             1U       /*!< FPU present                                   */
lib\Adafruit_SSD1306.cpp: 1 warning, 0 errors
compiling main.cpp...
C:\Keil_v5\ARM\PACK\Keil\STM32F4xx_DFP\2.15.0\Drivers\CMSIS\Device\ST\STM32F4xx\Include\stm32f401xc.h(52): warning:  #47-D: incompatible redefinition of macro "__FPU_PRESENT" 
  #define __FPU_PRESENT             1U       /*!< FPU present                                   */
.\lib\hcsr04.h(71): warning:  #1-D: last line of file ends without a newline
  #endif
main.cpp(226): warning:  #1-D: last line of file ends without a newline
  }
main.cpp: 3 warnings, 0 errors
compiling hcsr04.cpp...
C:\Keil_v5\ARM\PACK\Keil\STM32F4xx_DFP\2.15.0\Drivers\CMSIS\Device\ST\STM32F4xx\Include\stm32f401xc.h(52): warning:  #47-D: incompatible redefinition of macro "__FPU_PRESENT" 
  #define __FPU_PRESENT             1U       /*!< FPU present                                   */
lib\hcsr04.h(71): warning:  #1-D: last line of file ends without a newline
  #endif
lib\hcsr04.cpp(98): warning:  #1-D: last line of file ends without a newline
  */
lib\hcsr04.cpp: 3 warnings, 0 errors
compiling motordriver.cpp...
C:\Keil_v5\ARM\PACK\Keil\STM32F4xx_DFP\2.15.0\Drivers\CMSIS\Device\ST\STM32F4xx\Include\stm32f401xc.h(52): warning:  #47-D: incompatible redefinition of macro "__FPU_PRESENT" 
  #define __FPU_PRESENT             1U       /*!< FPU present                                   */
lib\motordriver.cpp: 1 warning, 0 errors
compiling DHT22.cpp...
C:\Keil_v5\ARM\PACK\Keil\STM32F4xx_DFP\2.15.0\Drivers\CMSIS\Device\ST\STM32F4xx\Include\stm32f401xc.h(52): warning:  #47-D: incompatible redefinition of macro "__FPU_PRESENT" 
  #define __FPU_PRESENT             1U       /*!< FPU present                                   */
lib\DHT22.cpp: 1 warning, 0 errors
linking...
Program Size: Code=34448 RO-data=5212 RW-data=1540 ZI-data=3040  
After Build - User command #1: fromelf --bin -o build\Nucleo_blink_led_NUCLEO_F401RE.bin build\Nucleo_blink_led.axf
".\build\Nucleo_blink_led.axf" - 0 Error(s), 9 Warning(s).

<h2>Software Packages used:</h2>

Package Vendor: Keil
                http://www.keil.com/pack/Keil.STM32F4xx_DFP.2.15.0.pack
                Keil.STM32F4xx_DFP.2.15.0
                STMicroelectronics STM32F4 Series Device Support, Drivers and Examples

<h2>Collection of Component include folders:</h2>
  .\RTE\_mbed_NUCLEO_F401RE
  C:\Keil_v5\ARM\PACK\Keil\STM32F4xx_DFP\2.15.0\Drivers\CMSIS\Device\ST\STM32F4xx\Include

<h2>Collection of Component Files used:</h2>
Build Time Elapsed:  00:00:24
</pre>
</body>
</html>
